ARM GAS  C:\Users\CHRIST~1\AppData\Local\Temp\ccSxHeSF.s 			page 1


   1              		.syntax unified
   2              		.cpu cortex-m0
   3              		.fpu softvfp
   4              		.eabi_attribute 20, 1
   5              		.eabi_attribute 21, 1
   6              		.eabi_attribute 23, 3
   7              		.eabi_attribute 24, 1
   8              		.eabi_attribute 25, 1
   9              		.eabi_attribute 26, 1
  10              		.eabi_attribute 30, 1
  11              		.eabi_attribute 34, 0
  12              		.eabi_attribute 18, 4
  13              		.thumb
  14              		.syntax unified
  15              		.file	"cyfitter_cfg.c"
  16              		.text
  17              	.Ltext0:
  18              		.cfi_sections	.debug_frame
  19              		.section	.text.cfg_write_bytes32,"ax",%progbits
  20              		.align	2
  21              		.code	16
  22              		.thumb_func
  23              		.type	cfg_write_bytes32, %function
  24              	cfg_write_bytes32:
  25              	.LFB5:
  26              		.file 1 "Generated_Source\\PSoC4\\cyfitter_cfg.c"
   1:Generated_Source\PSoC4/cyfitter_cfg.c **** 
   2:Generated_Source\PSoC4/cyfitter_cfg.c **** /*******************************************************************************
   3:Generated_Source\PSoC4/cyfitter_cfg.c **** * File Name: cyfitter_cfg.c
   4:Generated_Source\PSoC4/cyfitter_cfg.c **** * 
   5:Generated_Source\PSoC4/cyfitter_cfg.c **** * PSoC Creator  4.1 Update 1
   6:Generated_Source\PSoC4/cyfitter_cfg.c **** *
   7:Generated_Source\PSoC4/cyfitter_cfg.c **** * Description:
   8:Generated_Source\PSoC4/cyfitter_cfg.c **** * This file contains device initialization code.
   9:Generated_Source\PSoC4/cyfitter_cfg.c **** * Except for the user defined sections in CyClockStartupError(), this file should not be modified.
  10:Generated_Source\PSoC4/cyfitter_cfg.c **** * This file is automatically generated by PSoC Creator.
  11:Generated_Source\PSoC4/cyfitter_cfg.c **** *
  12:Generated_Source\PSoC4/cyfitter_cfg.c **** ********************************************************************************
  13:Generated_Source\PSoC4/cyfitter_cfg.c **** * Copyright (c) 2007-2017 Cypress Semiconductor.  All rights reserved.
  14:Generated_Source\PSoC4/cyfitter_cfg.c **** * You may use this file only in accordance with the license, terms, conditions, 
  15:Generated_Source\PSoC4/cyfitter_cfg.c **** * disclaimers, and limitations in the end user license agreement accompanying 
  16:Generated_Source\PSoC4/cyfitter_cfg.c **** * the software package with which this file was provided.
  17:Generated_Source\PSoC4/cyfitter_cfg.c **** ********************************************************************************/
  18:Generated_Source\PSoC4/cyfitter_cfg.c **** 
  19:Generated_Source\PSoC4/cyfitter_cfg.c **** #include <string.h>
  20:Generated_Source\PSoC4/cyfitter_cfg.c **** #include "cytypes.h"
  21:Generated_Source\PSoC4/cyfitter_cfg.c **** #include "cydevice_trm.h"
  22:Generated_Source\PSoC4/cyfitter_cfg.c **** #include "cyfitter.h"
  23:Generated_Source\PSoC4/cyfitter_cfg.c **** #include "CyLib.h"
  24:Generated_Source\PSoC4/cyfitter_cfg.c **** #include "CyLFClk.h"
  25:Generated_Source\PSoC4/cyfitter_cfg.c **** #include "cyfitter_cfg.h"
  26:Generated_Source\PSoC4/cyfitter_cfg.c **** #include "cyapicallbacks.h"
  27:Generated_Source\PSoC4/cyfitter_cfg.c **** 
  28:Generated_Source\PSoC4/cyfitter_cfg.c **** 
  29:Generated_Source\PSoC4/cyfitter_cfg.c **** #if defined(__GNUC__) || defined(__ARMCC_VERSION)
  30:Generated_Source\PSoC4/cyfitter_cfg.c ****     #define CYPACKED 
  31:Generated_Source\PSoC4/cyfitter_cfg.c ****     #define CYPACKED_ATTR __attribute__ ((packed))
ARM GAS  C:\Users\CHRIST~1\AppData\Local\Temp\ccSxHeSF.s 			page 2


  32:Generated_Source\PSoC4/cyfitter_cfg.c ****     #define CYALIGNED __attribute__ ((aligned))
  33:Generated_Source\PSoC4/cyfitter_cfg.c ****     #define CY_CFG_UNUSED __attribute__ ((unused))
  34:Generated_Source\PSoC4/cyfitter_cfg.c ****     #ifndef CY_CFG_SECTION
  35:Generated_Source\PSoC4/cyfitter_cfg.c ****         #define CY_CFG_SECTION __attribute__ ((section(".psocinit")))
  36:Generated_Source\PSoC4/cyfitter_cfg.c ****     #endif
  37:Generated_Source\PSoC4/cyfitter_cfg.c ****     
  38:Generated_Source\PSoC4/cyfitter_cfg.c ****     #if defined(__ARMCC_VERSION)
  39:Generated_Source\PSoC4/cyfitter_cfg.c ****         #define CY_CFG_MEMORY_BARRIER() __memory_changed()
  40:Generated_Source\PSoC4/cyfitter_cfg.c ****     #else
  41:Generated_Source\PSoC4/cyfitter_cfg.c ****         #define CY_CFG_MEMORY_BARRIER() __sync_synchronize()
  42:Generated_Source\PSoC4/cyfitter_cfg.c ****     #endif
  43:Generated_Source\PSoC4/cyfitter_cfg.c ****     
  44:Generated_Source\PSoC4/cyfitter_cfg.c **** #elif defined(__ICCARM__)
  45:Generated_Source\PSoC4/cyfitter_cfg.c ****     #include <intrinsics.h>
  46:Generated_Source\PSoC4/cyfitter_cfg.c **** 
  47:Generated_Source\PSoC4/cyfitter_cfg.c ****     #define CYPACKED __packed
  48:Generated_Source\PSoC4/cyfitter_cfg.c ****     #define CYPACKED_ATTR 
  49:Generated_Source\PSoC4/cyfitter_cfg.c ****     #define CYALIGNED _Pragma("data_alignment=4")
  50:Generated_Source\PSoC4/cyfitter_cfg.c ****     #define CY_CFG_UNUSED _Pragma("diag_suppress=Pe177")
  51:Generated_Source\PSoC4/cyfitter_cfg.c ****     #define CY_CFG_SECTION _Pragma("location=\".psocinit\"")
  52:Generated_Source\PSoC4/cyfitter_cfg.c ****     
  53:Generated_Source\PSoC4/cyfitter_cfg.c ****     #define CY_CFG_MEMORY_BARRIER() __DMB()
  54:Generated_Source\PSoC4/cyfitter_cfg.c ****     
  55:Generated_Source\PSoC4/cyfitter_cfg.c **** #else
  56:Generated_Source\PSoC4/cyfitter_cfg.c ****     #error Unsupported toolchain
  57:Generated_Source\PSoC4/cyfitter_cfg.c **** #endif
  58:Generated_Source\PSoC4/cyfitter_cfg.c **** 
  59:Generated_Source\PSoC4/cyfitter_cfg.c **** #ifndef CYCODE
  60:Generated_Source\PSoC4/cyfitter_cfg.c ****     #define CYCODE
  61:Generated_Source\PSoC4/cyfitter_cfg.c **** #endif
  62:Generated_Source\PSoC4/cyfitter_cfg.c **** #ifndef CYDATA
  63:Generated_Source\PSoC4/cyfitter_cfg.c ****     #define CYDATA
  64:Generated_Source\PSoC4/cyfitter_cfg.c **** #endif
  65:Generated_Source\PSoC4/cyfitter_cfg.c **** #ifndef CYFAR
  66:Generated_Source\PSoC4/cyfitter_cfg.c ****     #define CYFAR
  67:Generated_Source\PSoC4/cyfitter_cfg.c **** #endif
  68:Generated_Source\PSoC4/cyfitter_cfg.c **** #ifndef CYXDATA
  69:Generated_Source\PSoC4/cyfitter_cfg.c ****     #define CYXDATA
  70:Generated_Source\PSoC4/cyfitter_cfg.c **** #endif
  71:Generated_Source\PSoC4/cyfitter_cfg.c **** 
  72:Generated_Source\PSoC4/cyfitter_cfg.c **** 
  73:Generated_Source\PSoC4/cyfitter_cfg.c **** CY_CFG_UNUSED
  74:Generated_Source\PSoC4/cyfitter_cfg.c **** static void CYMEMZERO(void *s, size_t n);
  75:Generated_Source\PSoC4/cyfitter_cfg.c **** CY_CFG_UNUSED
  76:Generated_Source\PSoC4/cyfitter_cfg.c **** static void CYMEMZERO(void *s, size_t n)
  77:Generated_Source\PSoC4/cyfitter_cfg.c **** {
  78:Generated_Source\PSoC4/cyfitter_cfg.c **** 	(void)memset(s, 0, n);
  79:Generated_Source\PSoC4/cyfitter_cfg.c **** }
  80:Generated_Source\PSoC4/cyfitter_cfg.c **** CY_CFG_UNUSED
  81:Generated_Source\PSoC4/cyfitter_cfg.c **** static void CYCONFIGCPY(void *dest, const void *src, size_t n);
  82:Generated_Source\PSoC4/cyfitter_cfg.c **** CY_CFG_UNUSED
  83:Generated_Source\PSoC4/cyfitter_cfg.c **** static void CYCONFIGCPY(void *dest, const void *src, size_t n)
  84:Generated_Source\PSoC4/cyfitter_cfg.c **** {
  85:Generated_Source\PSoC4/cyfitter_cfg.c **** 	(void)memcpy(dest, src, n);
  86:Generated_Source\PSoC4/cyfitter_cfg.c **** }
  87:Generated_Source\PSoC4/cyfitter_cfg.c **** CY_CFG_UNUSED
  88:Generated_Source\PSoC4/cyfitter_cfg.c **** static void CYCONFIGCPYCODE(void *dest, const void *src, size_t n);
ARM GAS  C:\Users\CHRIST~1\AppData\Local\Temp\ccSxHeSF.s 			page 3


  89:Generated_Source\PSoC4/cyfitter_cfg.c **** CY_CFG_UNUSED
  90:Generated_Source\PSoC4/cyfitter_cfg.c **** static void CYCONFIGCPYCODE(void *dest, const void *src, size_t n)
  91:Generated_Source\PSoC4/cyfitter_cfg.c **** {
  92:Generated_Source\PSoC4/cyfitter_cfg.c **** 	(void)memcpy(dest, src, n);
  93:Generated_Source\PSoC4/cyfitter_cfg.c **** }
  94:Generated_Source\PSoC4/cyfitter_cfg.c **** 
  95:Generated_Source\PSoC4/cyfitter_cfg.c **** 
  96:Generated_Source\PSoC4/cyfitter_cfg.c **** 
  97:Generated_Source\PSoC4/cyfitter_cfg.c **** 
  98:Generated_Source\PSoC4/cyfitter_cfg.c **** /* Clock startup error codes                                                   */
  99:Generated_Source\PSoC4/cyfitter_cfg.c **** #define CYCLOCKSTART_NO_ERROR    0u
 100:Generated_Source\PSoC4/cyfitter_cfg.c **** #define CYCLOCKSTART_XTAL_ERROR  1u
 101:Generated_Source\PSoC4/cyfitter_cfg.c **** #define CYCLOCKSTART_32KHZ_ERROR 2u
 102:Generated_Source\PSoC4/cyfitter_cfg.c **** #define CYCLOCKSTART_PLL_ERROR   3u
 103:Generated_Source\PSoC4/cyfitter_cfg.c **** #define CYCLOCKSTART_FLL_ERROR   4u
 104:Generated_Source\PSoC4/cyfitter_cfg.c **** 
 105:Generated_Source\PSoC4/cyfitter_cfg.c **** 
 106:Generated_Source\PSoC4/cyfitter_cfg.c **** #ifdef CY_NEED_CYCLOCKSTARTUPERROR
 107:Generated_Source\PSoC4/cyfitter_cfg.c **** /*******************************************************************************
 108:Generated_Source\PSoC4/cyfitter_cfg.c **** * Function Name: CyClockStartupError
 109:Generated_Source\PSoC4/cyfitter_cfg.c **** ********************************************************************************
 110:Generated_Source\PSoC4/cyfitter_cfg.c **** * Summary:
 111:Generated_Source\PSoC4/cyfitter_cfg.c **** *  If an error is encountered during clock configuration (crystal startup error,
 112:Generated_Source\PSoC4/cyfitter_cfg.c **** *  PLL lock error, etc.), the system will end up here.  Unless reimplemented by
 113:Generated_Source\PSoC4/cyfitter_cfg.c **** *  the customer, this function will stop in an infinite loop.
 114:Generated_Source\PSoC4/cyfitter_cfg.c **** *
 115:Generated_Source\PSoC4/cyfitter_cfg.c **** * Parameters:
 116:Generated_Source\PSoC4/cyfitter_cfg.c **** *   void
 117:Generated_Source\PSoC4/cyfitter_cfg.c **** *
 118:Generated_Source\PSoC4/cyfitter_cfg.c **** * Return:
 119:Generated_Source\PSoC4/cyfitter_cfg.c **** *   void
 120:Generated_Source\PSoC4/cyfitter_cfg.c **** *
 121:Generated_Source\PSoC4/cyfitter_cfg.c **** *******************************************************************************/
 122:Generated_Source\PSoC4/cyfitter_cfg.c **** CY_CFG_UNUSED
 123:Generated_Source\PSoC4/cyfitter_cfg.c **** static void CyClockStartupError(uint8 errorCode);
 124:Generated_Source\PSoC4/cyfitter_cfg.c **** CY_CFG_UNUSED
 125:Generated_Source\PSoC4/cyfitter_cfg.c **** static void CyClockStartupError(uint8 errorCode)
 126:Generated_Source\PSoC4/cyfitter_cfg.c **** {
 127:Generated_Source\PSoC4/cyfitter_cfg.c ****     /* To remove the compiler warning if errorCode not used. */
 128:Generated_Source\PSoC4/cyfitter_cfg.c **** #if defined(CY_PSOC3) && (CY_PSOC3)
 129:Generated_Source\PSoC4/cyfitter_cfg.c ****     errorCode = errorCode;
 130:Generated_Source\PSoC4/cyfitter_cfg.c **** #else
 131:Generated_Source\PSoC4/cyfitter_cfg.c ****     (void)errorCode;
 132:Generated_Source\PSoC4/cyfitter_cfg.c **** #endif /* CY_PSOC3 */
 133:Generated_Source\PSoC4/cyfitter_cfg.c **** 
 134:Generated_Source\PSoC4/cyfitter_cfg.c ****     /* If we have a clock startup error (bad MHz crystal, PLL lock, etc.),  */
 135:Generated_Source\PSoC4/cyfitter_cfg.c ****     /* we will end up here to allow the customer to implement something to  */
 136:Generated_Source\PSoC4/cyfitter_cfg.c ****     /* deal with the clock condition.                                       */
 137:Generated_Source\PSoC4/cyfitter_cfg.c **** 
 138:Generated_Source\PSoC4/cyfitter_cfg.c **** #ifdef CY_CFG_CLOCK_STARTUP_ERROR_CALLBACK
 139:Generated_Source\PSoC4/cyfitter_cfg.c ****     CY_CFG_Clock_Startup_ErrorCallback();
 140:Generated_Source\PSoC4/cyfitter_cfg.c **** #else
 141:Generated_Source\PSoC4/cyfitter_cfg.c ****     /*  If not using CY_CFG_CLOCK_STARTUP_ERROR_CALLBACK, place your clock startup code here. */
 142:Generated_Source\PSoC4/cyfitter_cfg.c ****     /* `#START CyClockStartupError` */
 143:Generated_Source\PSoC4/cyfitter_cfg.c **** 
 144:Generated_Source\PSoC4/cyfitter_cfg.c **** 
 145:Generated_Source\PSoC4/cyfitter_cfg.c **** 
ARM GAS  C:\Users\CHRIST~1\AppData\Local\Temp\ccSxHeSF.s 			page 4


 146:Generated_Source\PSoC4/cyfitter_cfg.c ****     /* `#END` */
 147:Generated_Source\PSoC4/cyfitter_cfg.c **** 
 148:Generated_Source\PSoC4/cyfitter_cfg.c ****     while(1) {}
 149:Generated_Source\PSoC4/cyfitter_cfg.c **** #endif /* CY_CFG_CLOCK_STARTUP_ERROR_CALLBACK */
 150:Generated_Source\PSoC4/cyfitter_cfg.c **** }
 151:Generated_Source\PSoC4/cyfitter_cfg.c **** #endif
 152:Generated_Source\PSoC4/cyfitter_cfg.c **** 
 153:Generated_Source\PSoC4/cyfitter_cfg.c **** #define CY_CFG_BASE_ADDR_COUNT 1u
 154:Generated_Source\PSoC4/cyfitter_cfg.c **** CYPACKED typedef struct
 155:Generated_Source\PSoC4/cyfitter_cfg.c **** {
 156:Generated_Source\PSoC4/cyfitter_cfg.c **** 	uint8 offset;
 157:Generated_Source\PSoC4/cyfitter_cfg.c **** 	uint8 value;
 158:Generated_Source\PSoC4/cyfitter_cfg.c **** } CYPACKED_ATTR cy_cfg_addrvalue_t;
 159:Generated_Source\PSoC4/cyfitter_cfg.c **** 
 160:Generated_Source\PSoC4/cyfitter_cfg.c **** 
 161:Generated_Source\PSoC4/cyfitter_cfg.c **** 
 162:Generated_Source\PSoC4/cyfitter_cfg.c **** /*******************************************************************************
 163:Generated_Source\PSoC4/cyfitter_cfg.c **** * Function Name: cfg_write_bytes32
 164:Generated_Source\PSoC4/cyfitter_cfg.c **** ********************************************************************************
 165:Generated_Source\PSoC4/cyfitter_cfg.c **** * Summary:
 166:Generated_Source\PSoC4/cyfitter_cfg.c **** *  This function is used for setting up the chip configuration areas that
 167:Generated_Source\PSoC4/cyfitter_cfg.c **** *  contain relatively sparse data.
 168:Generated_Source\PSoC4/cyfitter_cfg.c **** *
 169:Generated_Source\PSoC4/cyfitter_cfg.c **** * Parameters:
 170:Generated_Source\PSoC4/cyfitter_cfg.c **** *   void
 171:Generated_Source\PSoC4/cyfitter_cfg.c **** *
 172:Generated_Source\PSoC4/cyfitter_cfg.c **** * Return:
 173:Generated_Source\PSoC4/cyfitter_cfg.c **** *   void
 174:Generated_Source\PSoC4/cyfitter_cfg.c **** *
 175:Generated_Source\PSoC4/cyfitter_cfg.c **** *******************************************************************************/
 176:Generated_Source\PSoC4/cyfitter_cfg.c **** static void cfg_write_bytes32(const uint32 addr_table[], const cy_cfg_addrvalue_t data_table[]);
 177:Generated_Source\PSoC4/cyfitter_cfg.c **** static void cfg_write_bytes32(const uint32 addr_table[], const cy_cfg_addrvalue_t data_table[])
 178:Generated_Source\PSoC4/cyfitter_cfg.c **** {
  27              		.loc 1 178 0
  28              		.cfi_startproc
  29              		@ args = 0, pretend = 0, frame = 0
  30              		@ frame_needed = 0, uses_anonymous_args = 0
  31              	.LVL0:
  32 0000 F0B5     		push	{r4, r5, r6, r7, lr}
  33              		.cfi_def_cfa_offset 20
  34              		.cfi_offset 4, -20
  35              		.cfi_offset 5, -16
  36              		.cfi_offset 6, -12
  37              		.cfi_offset 7, -8
  38              		.cfi_offset 14, -4
  39              	.LVL1:
 179:Generated_Source\PSoC4/cyfitter_cfg.c **** 	/* For 32-bit little-endian architectures */
 180:Generated_Source\PSoC4/cyfitter_cfg.c **** 	uint32 i, j = 0u;
  40              		.loc 1 180 0
  41 0002 0025     		movs	r5, #0
 181:Generated_Source\PSoC4/cyfitter_cfg.c **** 	for (i = 0u; i < CY_CFG_BASE_ADDR_COUNT; i++)
  42              		.loc 1 181 0
  43 0004 0027     		movs	r7, #0
  44 0006 11E0     		b	.L2
  45              	.LVL2:
  46              	.L5:
  47              	.LBB2:
ARM GAS  C:\Users\CHRIST~1\AppData\Local\Temp\ccSxHeSF.s 			page 5


 182:Generated_Source\PSoC4/cyfitter_cfg.c **** 	{
 183:Generated_Source\PSoC4/cyfitter_cfg.c **** 		uint32 baseAddr = addr_table[i];
  48              		.loc 1 183 0
  49 0008 BB00     		lsls	r3, r7, #2
  50 000a C658     		ldr	r6, [r0, r3]
  51              	.LVL3:
 184:Generated_Source\PSoC4/cyfitter_cfg.c **** 		uint8 count = (uint8)baseAddr;
  52              		.loc 1 184 0
  53 000c F3B2     		uxtb	r3, r6
  54              	.LVL4:
 185:Generated_Source\PSoC4/cyfitter_cfg.c **** 		baseAddr &= 0xFFFFFF00u;
  55              		.loc 1 185 0
  56 000e FF22     		movs	r2, #255
  57 0010 9643     		bics	r6, r2
  58              	.LVL5:
 186:Generated_Source\PSoC4/cyfitter_cfg.c **** 		while (count != 0u)
  59              		.loc 1 186 0
  60 0012 08E0     		b	.L3
  61              	.L4:
 187:Generated_Source\PSoC4/cyfitter_cfg.c **** 		{
 188:Generated_Source\PSoC4/cyfitter_cfg.c **** 			CY_SET_REG8((void *)(baseAddr + data_table[j].offset), data_table[j].value);
  62              		.loc 1 188 0
  63 0014 6A00     		lsls	r2, r5, #1
  64 0016 8A18     		adds	r2, r1, r2
  65 0018 1478     		ldrb	r4, [r2]
  66 001a A419     		adds	r4, r4, r6
  67 001c 5278     		ldrb	r2, [r2, #1]
  68 001e 2270     		strb	r2, [r4]
 189:Generated_Source\PSoC4/cyfitter_cfg.c **** 			j++;
  69              		.loc 1 189 0
  70 0020 0135     		adds	r5, r5, #1
  71              	.LVL6:
 190:Generated_Source\PSoC4/cyfitter_cfg.c **** 			count--;
  72              		.loc 1 190 0
  73 0022 013B     		subs	r3, r3, #1
  74              	.LVL7:
  75 0024 DBB2     		uxtb	r3, r3
  76              	.LVL8:
  77              	.L3:
 186:Generated_Source\PSoC4/cyfitter_cfg.c **** 		{
  78              		.loc 1 186 0
  79 0026 002B     		cmp	r3, #0
  80 0028 F4D1     		bne	.L4
  81              	.LBE2:
 181:Generated_Source\PSoC4/cyfitter_cfg.c **** 	{
  82              		.loc 1 181 0 discriminator 2
  83 002a 0137     		adds	r7, r7, #1
  84              	.LVL9:
  85              	.L2:
 181:Generated_Source\PSoC4/cyfitter_cfg.c **** 	{
  86              		.loc 1 181 0 is_stmt 0 discriminator 1
  87 002c 002F     		cmp	r7, #0
  88 002e EBD0     		beq	.L5
 191:Generated_Source\PSoC4/cyfitter_cfg.c **** 		}
 192:Generated_Source\PSoC4/cyfitter_cfg.c **** 	}
 193:Generated_Source\PSoC4/cyfitter_cfg.c **** }
  89              		.loc 1 193 0 is_stmt 1
ARM GAS  C:\Users\CHRIST~1\AppData\Local\Temp\ccSxHeSF.s 			page 6


  90              		@ sp needed
  91              	.LVL10:
  92              	.LVL11:
  93 0030 F0BD     		pop	{r4, r5, r6, r7, pc}
  94              		.cfi_endproc
  95              	.LFE5:
  96              		.size	cfg_write_bytes32, .-cfg_write_bytes32
  97 0032 C046     		.section	.text.AnalogSetDefault,"ax",%progbits
  98              		.align	2
  99              		.code	16
 100              		.thumb_func
 101              		.type	AnalogSetDefault, %function
 102              	AnalogSetDefault:
 103              	.LFB7:
 194:Generated_Source\PSoC4/cyfitter_cfg.c **** 
 195:Generated_Source\PSoC4/cyfitter_cfg.c **** 
 196:Generated_Source\PSoC4/cyfitter_cfg.c **** /*******************************************************************************
 197:Generated_Source\PSoC4/cyfitter_cfg.c **** * Function Name: ClockSetup
 198:Generated_Source\PSoC4/cyfitter_cfg.c **** ********************************************************************************
 199:Generated_Source\PSoC4/cyfitter_cfg.c **** *
 200:Generated_Source\PSoC4/cyfitter_cfg.c **** * Summary:
 201:Generated_Source\PSoC4/cyfitter_cfg.c **** *   Performs the initialization of all of the clocks in the device based on the
 202:Generated_Source\PSoC4/cyfitter_cfg.c **** *   settings in the Clock tab of the DWR.  This includes enabling the requested
 203:Generated_Source\PSoC4/cyfitter_cfg.c **** *   clocks and setting the necessary dividers to produce the desired frequency. 
 204:Generated_Source\PSoC4/cyfitter_cfg.c **** *
 205:Generated_Source\PSoC4/cyfitter_cfg.c **** * Parameters:
 206:Generated_Source\PSoC4/cyfitter_cfg.c **** *   void
 207:Generated_Source\PSoC4/cyfitter_cfg.c **** *
 208:Generated_Source\PSoC4/cyfitter_cfg.c **** * Return:
 209:Generated_Source\PSoC4/cyfitter_cfg.c **** *   void
 210:Generated_Source\PSoC4/cyfitter_cfg.c **** *
 211:Generated_Source\PSoC4/cyfitter_cfg.c **** *******************************************************************************/
 212:Generated_Source\PSoC4/cyfitter_cfg.c **** static void ClockSetup(void);
 213:Generated_Source\PSoC4/cyfitter_cfg.c **** CY_CFG_SECTION
 214:Generated_Source\PSoC4/cyfitter_cfg.c **** static void ClockSetup(void)
 215:Generated_Source\PSoC4/cyfitter_cfg.c **** {
 216:Generated_Source\PSoC4/cyfitter_cfg.c **** 
 217:Generated_Source\PSoC4/cyfitter_cfg.c **** 	/* Set Flash Cycles based on max possible frequency in case a glitch occurs during ClockSetup(). *
 218:Generated_Source\PSoC4/cyfitter_cfg.c **** 	CY_SET_REG32((void CYXDATA *)(CYREG_CPUSS_FLASH_CTL), (0x0012u));
 219:Generated_Source\PSoC4/cyfitter_cfg.c **** 
 220:Generated_Source\PSoC4/cyfitter_cfg.c **** 	/* Start the WCO */
 221:Generated_Source\PSoC4/cyfitter_cfg.c **** 	CySysClkWcoStart();
 222:Generated_Source\PSoC4/cyfitter_cfg.c **** 	CyDelayCycles(12000000u); /* WCO may take up to 500ms to start */
 223:Generated_Source\PSoC4/cyfitter_cfg.c **** 	(void)CySysClkWcoSetPowerMode(CY_SYS_CLK_WCO_LPM);    /* Switch to the low power mode */
 224:Generated_Source\PSoC4/cyfitter_cfg.c **** 
 225:Generated_Source\PSoC4/cyfitter_cfg.c **** 	/* Setup and trim IMO based on desired frequency. */
 226:Generated_Source\PSoC4/cyfitter_cfg.c **** 	CySysClkWriteImoFreq(48u);
 227:Generated_Source\PSoC4/cyfitter_cfg.c **** 	/* CYDEV_CLK_ILO_CONFIG Starting address: CYDEV_CLK_ILO_CONFIG */
 228:Generated_Source\PSoC4/cyfitter_cfg.c **** 	CY_SET_REG32((void *)(CYREG_CLK_ILO_CONFIG), 0x80000006u);
 229:Generated_Source\PSoC4/cyfitter_cfg.c **** 
 230:Generated_Source\PSoC4/cyfitter_cfg.c **** 	/* CYDEV_WDT_CONFIG Starting address: CYDEV_WDT_CONFIG */
 231:Generated_Source\PSoC4/cyfitter_cfg.c **** 	CY_SET_REG32((void *)(CYREG_WDT_CONFIG), 0x40000000u);
 232:Generated_Source\PSoC4/cyfitter_cfg.c **** 
 233:Generated_Source\PSoC4/cyfitter_cfg.c **** 
 234:Generated_Source\PSoC4/cyfitter_cfg.c **** 	/* Enable fast start mode for XO */
 235:Generated_Source\PSoC4/cyfitter_cfg.c **** 	CY_SET_REG32((void*)CYREG_BLE_BLERD_BB_XO, CY_GET_REG32((void*)CYREG_BLE_BLERD_BB_XO) | (uint32)0x
 236:Generated_Source\PSoC4/cyfitter_cfg.c **** 	CY_SET_REG32((void *)(CYREG_BLE_BLERD_BB_XO_CAPTRIM), 0x00003E2Du);
ARM GAS  C:\Users\CHRIST~1\AppData\Local\Temp\ccSxHeSF.s 			page 7


 237:Generated_Source\PSoC4/cyfitter_cfg.c **** 	/*Set XTAL(ECO) divider*/
 238:Generated_Source\PSoC4/cyfitter_cfg.c **** 	CY_SET_REG32((void *)(CYREG_BLE_BLESS_XTAL_CLK_DIV_CONFIG), 0x00000000u);
 239:Generated_Source\PSoC4/cyfitter_cfg.c **** 	/* Disable Crystal Stable Interrupt before enabling ECO */
 240:Generated_Source\PSoC4/cyfitter_cfg.c **** 	CY_SET_REG32((void*)CYREG_BLE_BLESS_LL_DSM_CTRL, CY_GET_REG32((void*)CYREG_BLE_BLESS_LL_DSM_CTRL) 
 241:Generated_Source\PSoC4/cyfitter_cfg.c **** 	/* Start the ECO and do not check status since it is not needed for HFCLK */
 242:Generated_Source\PSoC4/cyfitter_cfg.c **** 	(void)CySysClkEcoStart(2000u);
 243:Generated_Source\PSoC4/cyfitter_cfg.c **** 	CyDelayUs(1500u); /* Wait to stabilize */
 244:Generated_Source\PSoC4/cyfitter_cfg.c **** 
 245:Generated_Source\PSoC4/cyfitter_cfg.c **** 	/* Setup phase aligned clocks */
 246:Generated_Source\PSoC4/cyfitter_cfg.c **** 	CY_SET_REG32((void *)CYREG_PERI_DIV_16_CTL0, 0x00002200u);
 247:Generated_Source\PSoC4/cyfitter_cfg.c **** 	CY_SET_REG32((void *)CYREG_PERI_DIV_CMD, 0x8000FF40u);
 248:Generated_Source\PSoC4/cyfitter_cfg.c **** 
 249:Generated_Source\PSoC4/cyfitter_cfg.c **** 	/* CYDEV_CLK_IMO_CONFIG Starting address: CYDEV_CLK_IMO_CONFIG */
 250:Generated_Source\PSoC4/cyfitter_cfg.c **** 	CY_SET_REG32((void *)(CYREG_CLK_IMO_CONFIG), 0x80000000u);
 251:Generated_Source\PSoC4/cyfitter_cfg.c **** 
 252:Generated_Source\PSoC4/cyfitter_cfg.c **** 	/* CYDEV_CLK_SELECT Starting address: CYDEV_CLK_SELECT */
 253:Generated_Source\PSoC4/cyfitter_cfg.c **** 	CY_SET_REG32((void *)(CYREG_CLK_SELECT), 0x00040000u);
 254:Generated_Source\PSoC4/cyfitter_cfg.c **** 
 255:Generated_Source\PSoC4/cyfitter_cfg.c **** 	/* CYDEV_PERI_PCLK_CTL1 Starting address: CYDEV_PERI_PCLK_CTL1 */
 256:Generated_Source\PSoC4/cyfitter_cfg.c **** 	CY_SET_REG32((void *)(CYREG_PERI_PCLK_CTL1), 0x00000040u);
 257:Generated_Source\PSoC4/cyfitter_cfg.c **** 
 258:Generated_Source\PSoC4/cyfitter_cfg.c **** 	(void)CyIntSetVector(8u, &CySysWdtIsr);
 259:Generated_Source\PSoC4/cyfitter_cfg.c **** 	CyIntEnable(8u);
 260:Generated_Source\PSoC4/cyfitter_cfg.c **** 	CY_SET_REG32((void *)(CYREG_WDT_CONFIG), 0x40000000u);
 261:Generated_Source\PSoC4/cyfitter_cfg.c **** }
 262:Generated_Source\PSoC4/cyfitter_cfg.c **** 
 263:Generated_Source\PSoC4/cyfitter_cfg.c **** 
 264:Generated_Source\PSoC4/cyfitter_cfg.c **** /* Analog API Functions */
 265:Generated_Source\PSoC4/cyfitter_cfg.c **** 
 266:Generated_Source\PSoC4/cyfitter_cfg.c **** 
 267:Generated_Source\PSoC4/cyfitter_cfg.c **** /*******************************************************************************
 268:Generated_Source\PSoC4/cyfitter_cfg.c **** * Function Name: AnalogSetDefault
 269:Generated_Source\PSoC4/cyfitter_cfg.c **** ********************************************************************************
 270:Generated_Source\PSoC4/cyfitter_cfg.c **** *
 271:Generated_Source\PSoC4/cyfitter_cfg.c **** * Summary:
 272:Generated_Source\PSoC4/cyfitter_cfg.c **** *  Sets up the analog portions of the chip to default values based on chip
 273:Generated_Source\PSoC4/cyfitter_cfg.c **** *  configuration options from the project.
 274:Generated_Source\PSoC4/cyfitter_cfg.c **** *
 275:Generated_Source\PSoC4/cyfitter_cfg.c **** * Parameters:
 276:Generated_Source\PSoC4/cyfitter_cfg.c **** *  void
 277:Generated_Source\PSoC4/cyfitter_cfg.c **** *
 278:Generated_Source\PSoC4/cyfitter_cfg.c **** * Return:
 279:Generated_Source\PSoC4/cyfitter_cfg.c **** *  void
 280:Generated_Source\PSoC4/cyfitter_cfg.c **** *
 281:Generated_Source\PSoC4/cyfitter_cfg.c **** *******************************************************************************/
 282:Generated_Source\PSoC4/cyfitter_cfg.c **** static void AnalogSetDefault(void);
 283:Generated_Source\PSoC4/cyfitter_cfg.c **** static void AnalogSetDefault(void)
 284:Generated_Source\PSoC4/cyfitter_cfg.c **** {
 104              		.loc 1 284 0
 105              		.cfi_startproc
 106              		@ args = 0, pretend = 0, frame = 0
 107              		@ frame_needed = 0, uses_anonymous_args = 0
 108              		@ link register save eliminated.
 285:Generated_Source\PSoC4/cyfitter_cfg.c **** 	CY_SET_XTND_REG32((void CYFAR *)CYREG_CTBM0_DFT_CTRL, 0x00000003u);
 109              		.loc 1 285 0
 110 0000 0323     		movs	r3, #3
 111 0002 044A     		ldr	r2, .L7
ARM GAS  C:\Users\CHRIST~1\AppData\Local\Temp\ccSxHeSF.s 			page 8


 112 0004 1360     		str	r3, [r2]
 286:Generated_Source\PSoC4/cyfitter_cfg.c **** 	CY_SET_XTND_REG32((void CYFAR *)CYREG_CTBM1_DFT_CTRL, 0x00000003u);
 113              		.loc 1 286 0
 114 0006 044A     		ldr	r2, .L7+4
 115 0008 1360     		str	r3, [r2]
 287:Generated_Source\PSoC4/cyfitter_cfg.c **** 	CY_SET_XTND_REG32((void CYFAR *)CYREG_PASS_DSAB_DSAB_CTRL, 0x00000000u);
 116              		.loc 1 287 0
 117 000a 0022     		movs	r2, #0
 118 000c 034B     		ldr	r3, .L7+8
 119 000e 1A60     		str	r2, [r3]
 288:Generated_Source\PSoC4/cyfitter_cfg.c **** }
 120              		.loc 1 288 0
 121              		@ sp needed
 122 0010 7047     		bx	lr
 123              	.L8:
 124 0012 C046     		.align	2
 125              	.L7:
 126 0014 30003040 		.word	1076887600
 127 0018 30003140 		.word	1076953136
 128 001c 000E3F40 		.word	1077874176
 129              		.cfi_endproc
 130              	.LFE7:
 131              		.size	AnalogSetDefault, .-AnalogSetDefault
 132              		.section	.text.CYMEMZERO,"ax",%progbits
 133              		.align	2
 134              		.code	16
 135              		.thumb_func
 136              		.type	CYMEMZERO, %function
 137              	CYMEMZERO:
 138              	.LFB2:
  77:Generated_Source\PSoC4/cyfitter_cfg.c **** 	(void)memset(s, 0, n);
 139              		.loc 1 77 0
 140              		.cfi_startproc
 141              		@ args = 0, pretend = 0, frame = 0
 142              		@ frame_needed = 0, uses_anonymous_args = 0
 143              	.LVL12:
 144 0000 10B5     		push	{r4, lr}
 145              		.cfi_def_cfa_offset 8
 146              		.cfi_offset 4, -8
 147              		.cfi_offset 14, -4
 148 0002 0A00     		movs	r2, r1
  78:Generated_Source\PSoC4/cyfitter_cfg.c **** }
 149              		.loc 1 78 0
 150 0004 0021     		movs	r1, #0
 151              	.LVL13:
 152 0006 FFF7FEFF 		bl	memset
 153              	.LVL14:
  79:Generated_Source\PSoC4/cyfitter_cfg.c **** CY_CFG_UNUSED
 154              		.loc 1 79 0
 155              		@ sp needed
 156 000a 10BD     		pop	{r4, pc}
 157              		.cfi_endproc
 158              	.LFE2:
 159              		.size	CYMEMZERO, .-CYMEMZERO
 160              		.section	.psocinit,"ax",%progbits
 161              		.align	2
 162              		.code	16
ARM GAS  C:\Users\CHRIST~1\AppData\Local\Temp\ccSxHeSF.s 			page 9


 163              		.thumb_func
 164              		.type	ClockSetup, %function
 165              	ClockSetup:
 166              	.LFB6:
 215:Generated_Source\PSoC4/cyfitter_cfg.c **** 
 167              		.loc 1 215 0
 168              		.cfi_startproc
 169              		@ args = 0, pretend = 0, frame = 0
 170              		@ frame_needed = 0, uses_anonymous_args = 0
 171 0000 70B5     		push	{r4, r5, r6, lr}
 172              		.cfi_def_cfa_offset 16
 173              		.cfi_offset 4, -16
 174              		.cfi_offset 5, -12
 175              		.cfi_offset 6, -8
 176              		.cfi_offset 14, -4
 218:Generated_Source\PSoC4/cyfitter_cfg.c **** 
 177              		.loc 1 218 0
 178 0002 1222     		movs	r2, #18
 179 0004 224B     		ldr	r3, .L11
 180 0006 1A60     		str	r2, [r3]
 221:Generated_Source\PSoC4/cyfitter_cfg.c **** 	CyDelayCycles(12000000u); /* WCO may take up to 500ms to start */
 181              		.loc 1 221 0
 182 0008 FFF7FEFF 		bl	CySysClkWcoStart
 183              	.LVL15:
 222:Generated_Source\PSoC4/cyfitter_cfg.c **** 	(void)CySysClkWcoSetPowerMode(CY_SYS_CLK_WCO_LPM);    /* Switch to the low power mode */
 184              		.loc 1 222 0
 185 000c 2148     		ldr	r0, .L11+4
 186 000e FFF7FEFF 		bl	CyDelayCycles
 187              	.LVL16:
 223:Generated_Source\PSoC4/cyfitter_cfg.c **** 
 188              		.loc 1 223 0
 189 0012 0120     		movs	r0, #1
 190 0014 FFF7FEFF 		bl	CySysClkWcoSetPowerMode
 191              	.LVL17:
 226:Generated_Source\PSoC4/cyfitter_cfg.c **** 	/* CYDEV_CLK_ILO_CONFIG Starting address: CYDEV_CLK_ILO_CONFIG */
 192              		.loc 1 226 0
 193 0018 3020     		movs	r0, #48
 194 001a FFF7FEFF 		bl	CySysClkWriteImoFreq
 195              	.LVL18:
 228:Generated_Source\PSoC4/cyfitter_cfg.c **** 
 196              		.loc 1 228 0
 197 001e 1E4A     		ldr	r2, .L11+8
 198 0020 1E4B     		ldr	r3, .L11+12
 199 0022 1A60     		str	r2, [r3]
 231:Generated_Source\PSoC4/cyfitter_cfg.c **** 
 200              		.loc 1 231 0
 201 0024 1E4C     		ldr	r4, .L11+16
 202 0026 8025     		movs	r5, #128
 203 0028 ED05     		lsls	r5, r5, #23
 204 002a 2560     		str	r5, [r4]
 235:Generated_Source\PSoC4/cyfitter_cfg.c **** 	CY_SET_REG32((void *)(CYREG_BLE_BLERD_BB_XO_CAPTRIM), 0x00003E2Du);
 205              		.loc 1 235 0
 206 002c 1D4A     		ldr	r2, .L11+20
 207 002e 1168     		ldr	r1, [r2]
 208 0030 0223     		movs	r3, #2
 209 0032 0B43     		orrs	r3, r1
 210 0034 1360     		str	r3, [r2]
ARM GAS  C:\Users\CHRIST~1\AppData\Local\Temp\ccSxHeSF.s 			page 10


 236:Generated_Source\PSoC4/cyfitter_cfg.c **** 	/*Set XTAL(ECO) divider*/
 211              		.loc 1 236 0
 212 0036 1C4A     		ldr	r2, .L11+24
 213 0038 1C4B     		ldr	r3, .L11+28
 214 003a 1A60     		str	r2, [r3]
 238:Generated_Source\PSoC4/cyfitter_cfg.c **** 	/* Disable Crystal Stable Interrupt before enabling ECO */
 215              		.loc 1 238 0
 216 003c 0022     		movs	r2, #0
 217 003e 1C4B     		ldr	r3, .L11+32
 218 0040 1A60     		str	r2, [r3]
 240:Generated_Source\PSoC4/cyfitter_cfg.c **** 	/* Start the ECO and do not check status since it is not needed for HFCLK */
 219              		.loc 1 240 0
 220 0042 1C4A     		ldr	r2, .L11+36
 221 0044 1368     		ldr	r3, [r2]
 222 0046 0821     		movs	r1, #8
 223 0048 8B43     		bics	r3, r1
 224 004a 1360     		str	r3, [r2]
 242:Generated_Source\PSoC4/cyfitter_cfg.c **** 	CyDelayUs(1500u); /* Wait to stabilize */
 225              		.loc 1 242 0
 226 004c FA20     		movs	r0, #250
 227 004e C000     		lsls	r0, r0, #3
 228 0050 FFF7FEFF 		bl	CySysClkEcoStart
 229              	.LVL19:
 243:Generated_Source\PSoC4/cyfitter_cfg.c **** 
 230              		.loc 1 243 0
 231 0054 1848     		ldr	r0, .L11+40
 232 0056 FFF7FEFF 		bl	CyDelayUs
 233              	.LVL20:
 246:Generated_Source\PSoC4/cyfitter_cfg.c **** 	CY_SET_REG32((void *)CYREG_PERI_DIV_CMD, 0x8000FF40u);
 234              		.loc 1 246 0
 235 005a 8822     		movs	r2, #136
 236 005c 9201     		lsls	r2, r2, #6
 237 005e 174B     		ldr	r3, .L11+44
 238 0060 1A60     		str	r2, [r3]
 247:Generated_Source\PSoC4/cyfitter_cfg.c **** 
 239              		.loc 1 247 0
 240 0062 174A     		ldr	r2, .L11+48
 241 0064 174B     		ldr	r3, .L11+52
 242 0066 1A60     		str	r2, [r3]
 250:Generated_Source\PSoC4/cyfitter_cfg.c **** 
 243              		.loc 1 250 0
 244 0068 8022     		movs	r2, #128
 245 006a 1206     		lsls	r2, r2, #24
 246 006c 164B     		ldr	r3, .L11+56
 247 006e 1A60     		str	r2, [r3]
 253:Generated_Source\PSoC4/cyfitter_cfg.c **** 
 248              		.loc 1 253 0
 249 0070 8022     		movs	r2, #128
 250 0072 D202     		lsls	r2, r2, #11
 251 0074 154B     		ldr	r3, .L11+60
 252 0076 1A60     		str	r2, [r3]
 256:Generated_Source\PSoC4/cyfitter_cfg.c **** 
 253              		.loc 1 256 0
 254 0078 4022     		movs	r2, #64
 255 007a 154B     		ldr	r3, .L11+64
 256 007c 1A60     		str	r2, [r3]
 258:Generated_Source\PSoC4/cyfitter_cfg.c **** 	CyIntEnable(8u);
ARM GAS  C:\Users\CHRIST~1\AppData\Local\Temp\ccSxHeSF.s 			page 11


 257              		.loc 1 258 0
 258 007e 1549     		ldr	r1, .L11+68
 259 0080 0820     		movs	r0, #8
 260 0082 FFF7FEFF 		bl	CyIntSetVector
 261              	.LVL21:
 259:Generated_Source\PSoC4/cyfitter_cfg.c **** 	CY_SET_REG32((void *)(CYREG_WDT_CONFIG), 0x40000000u);
 262              		.loc 1 259 0
 263 0086 0820     		movs	r0, #8
 264 0088 FFF7FEFF 		bl	CyIntEnable
 265              	.LVL22:
 260:Generated_Source\PSoC4/cyfitter_cfg.c **** }
 266              		.loc 1 260 0
 267 008c 2560     		str	r5, [r4]
 261:Generated_Source\PSoC4/cyfitter_cfg.c **** 
 268              		.loc 1 261 0
 269              		@ sp needed
 270 008e 70BD     		pop	{r4, r5, r6, pc}
 271              	.L12:
 272              		.align	2
 273              	.L11:
 274 0090 30001040 		.word	1074790448
 275 0094 001BB700 		.word	12000000
 276 0098 06000080 		.word	-2147483642
 277 009c 04010B40 		.word	1074462980
 278 00a0 0C020B40 		.word	1074463244
 279 00a4 78002E40 		.word	1076756600
 280 00a8 2D3E0000 		.word	15917
 281 00ac 7C002E40 		.word	1076756604
 282 00b0 64F02E40 		.word	1076818020
 283 00b4 6CF02E40 		.word	1076818028
 284 00b8 DC050000 		.word	1500
 285 00bc 00030140 		.word	1073808128
 286 00c0 40FF0080 		.word	-2147418304
 287 00c4 00000140 		.word	1073807360
 288 00c8 08010B40 		.word	1074462984
 289 00cc 00010B40 		.word	1074462976
 290 00d0 04010140 		.word	1073807620
 291 00d4 00000000 		.word	CySysWdtIsr
 292              		.cfi_endproc
 293              	.LFE6:
 294              		.size	ClockSetup, .-ClockSetup
 295              		.align	2
 296              		.global	cyfitter_cfg
 297              		.code	16
 298              		.thumb_func
 299              		.type	cyfitter_cfg, %function
 300              	cyfitter_cfg:
 301              	.LFB8:
 289:Generated_Source\PSoC4/cyfitter_cfg.c **** 
 290:Generated_Source\PSoC4/cyfitter_cfg.c **** 
 291:Generated_Source\PSoC4/cyfitter_cfg.c **** 
 292:Generated_Source\PSoC4/cyfitter_cfg.c **** 
 293:Generated_Source\PSoC4/cyfitter_cfg.c **** /*******************************************************************************
 294:Generated_Source\PSoC4/cyfitter_cfg.c **** * Function Name: cyfitter_cfg
 295:Generated_Source\PSoC4/cyfitter_cfg.c **** ********************************************************************************
 296:Generated_Source\PSoC4/cyfitter_cfg.c **** * Summary:
 297:Generated_Source\PSoC4/cyfitter_cfg.c **** *  This function is called by the start-up code for the selected device. It
ARM GAS  C:\Users\CHRIST~1\AppData\Local\Temp\ccSxHeSF.s 			page 12


 298:Generated_Source\PSoC4/cyfitter_cfg.c **** *  performs all of the necessary device configuration based on the design
 299:Generated_Source\PSoC4/cyfitter_cfg.c **** *  settings.  This includes settings from the Design Wide Resources (DWR) such
 300:Generated_Source\PSoC4/cyfitter_cfg.c **** *  as Clocks and Pins as well as any component configuration that is necessary.
 301:Generated_Source\PSoC4/cyfitter_cfg.c **** *
 302:Generated_Source\PSoC4/cyfitter_cfg.c **** * Parameters:
 303:Generated_Source\PSoC4/cyfitter_cfg.c **** *   void
 304:Generated_Source\PSoC4/cyfitter_cfg.c **** *
 305:Generated_Source\PSoC4/cyfitter_cfg.c **** * Return:
 306:Generated_Source\PSoC4/cyfitter_cfg.c **** *   void
 307:Generated_Source\PSoC4/cyfitter_cfg.c **** *
 308:Generated_Source\PSoC4/cyfitter_cfg.c **** *******************************************************************************/
 309:Generated_Source\PSoC4/cyfitter_cfg.c **** CY_CFG_SECTION
 310:Generated_Source\PSoC4/cyfitter_cfg.c **** void cyfitter_cfg(void)
 311:Generated_Source\PSoC4/cyfitter_cfg.c **** {
 302              		.loc 1 311 0
 303              		.cfi_startproc
 304              		@ args = 0, pretend = 0, frame = 0
 305              		@ frame_needed = 0, uses_anonymous_args = 0
 306 00d8 10B5     		push	{r4, lr}
 307              		.cfi_def_cfa_offset 8
 308              		.cfi_offset 4, -8
 309              		.cfi_offset 14, -4
 312:Generated_Source\PSoC4/cyfitter_cfg.c **** 	/* Disable interrupts by default. Let user enable if/when they want. */
 313:Generated_Source\PSoC4/cyfitter_cfg.c **** 	CyGlobalIntDisable;
 310              		.loc 1 313 0
 311              		.syntax divided
 312              	@ 313 "Generated_Source\PSoC4\cyfitter_cfg.c" 1
 313 00da 72B6     		CPSID   i
 314              	@ 0 "" 2
 314:Generated_Source\PSoC4/cyfitter_cfg.c **** 
 315:Generated_Source\PSoC4/cyfitter_cfg.c **** 	CY_SET_REG32((void *)(CYREG_BLE_BLESS_LL_DSM_CTRL), 0x00000000u);
 315              		.loc 1 315 0
 316              		.thumb
 317              		.syntax unified
 318 00dc 0022     		movs	r2, #0
 319 00de 224B     		ldr	r3, .L16
 320 00e0 1A60     		str	r2, [r3]
 321              	.LVL23:
 322              	.LBB3:
 316:Generated_Source\PSoC4/cyfitter_cfg.c **** 
 317:Generated_Source\PSoC4/cyfitter_cfg.c **** 	{
 318:Generated_Source\PSoC4/cyfitter_cfg.c **** 		static const uint32 CYCODE cy_cfg_addr_table[] = {
 319:Generated_Source\PSoC4/cyfitter_cfg.c **** 			0x400F4106u, /* Base address: 0x400F4100 Count: 6 */
 320:Generated_Source\PSoC4/cyfitter_cfg.c **** 		};
 321:Generated_Source\PSoC4/cyfitter_cfg.c **** 
 322:Generated_Source\PSoC4/cyfitter_cfg.c **** 		static const cy_cfg_addrvalue_t CYCODE cy_cfg_data_table[] = {
 323:Generated_Source\PSoC4/cyfitter_cfg.c **** 			{0x0Fu, 0x0Au},
 324:Generated_Source\PSoC4/cyfitter_cfg.c **** 			{0x57u, 0x04u},
 325:Generated_Source\PSoC4/cyfitter_cfg.c **** 			{0x63u, 0x02u},
 326:Generated_Source\PSoC4/cyfitter_cfg.c **** 			{0xC2u, 0x80u},
 327:Generated_Source\PSoC4/cyfitter_cfg.c **** 			{0xD4u, 0x40u},
 328:Generated_Source\PSoC4/cyfitter_cfg.c **** 			{0xD6u, 0x40u},
 329:Generated_Source\PSoC4/cyfitter_cfg.c **** 		};
 330:Generated_Source\PSoC4/cyfitter_cfg.c **** 
 331:Generated_Source\PSoC4/cyfitter_cfg.c **** 
 332:Generated_Source\PSoC4/cyfitter_cfg.c **** 
 333:Generated_Source\PSoC4/cyfitter_cfg.c **** 		CYPACKED typedef struct {
ARM GAS  C:\Users\CHRIST~1\AppData\Local\Temp\ccSxHeSF.s 			page 13


 334:Generated_Source\PSoC4/cyfitter_cfg.c **** 			void CYFAR *address;
 335:Generated_Source\PSoC4/cyfitter_cfg.c **** 			uint16 size;
 336:Generated_Source\PSoC4/cyfitter_cfg.c **** 		} CYPACKED_ATTR cfg_memset_t;
 337:Generated_Source\PSoC4/cyfitter_cfg.c **** 
 338:Generated_Source\PSoC4/cyfitter_cfg.c **** 		static const cfg_memset_t CYCODE cfg_memset_list[] = {
 339:Generated_Source\PSoC4/cyfitter_cfg.c **** 			/* address, size */
 340:Generated_Source\PSoC4/cyfitter_cfg.c **** 			{(void CYFAR *)(CYDEV_UDB_P0_U0_BASE), 1024u},
 341:Generated_Source\PSoC4/cyfitter_cfg.c **** 			{(void CYFAR *)(CYDEV_UDB_DSI0_BASE), 1024u},
 342:Generated_Source\PSoC4/cyfitter_cfg.c **** 		};
 343:Generated_Source\PSoC4/cyfitter_cfg.c **** 
 344:Generated_Source\PSoC4/cyfitter_cfg.c **** 		uint8 CYDATA i;
 345:Generated_Source\PSoC4/cyfitter_cfg.c **** 
 346:Generated_Source\PSoC4/cyfitter_cfg.c **** 		/* Zero out critical memory blocks before beginning configuration */
 347:Generated_Source\PSoC4/cyfitter_cfg.c **** 		for (i = 0u; i < (sizeof(cfg_memset_list)/sizeof(cfg_memset_list[0])); i++)
 323              		.loc 1 347 0
 324 00e2 0024     		movs	r4, #0
 325 00e4 0FE0     		b	.L14
 326              	.LVL24:
 327              	.L15:
 328              	.LBB4:
 348:Generated_Source\PSoC4/cyfitter_cfg.c **** 		{
 349:Generated_Source\PSoC4/cyfitter_cfg.c **** 			const cfg_memset_t CYCODE * CYDATA ms = &cfg_memset_list[i];
 350:Generated_Source\PSoC4/cyfitter_cfg.c **** 			CYMEMZERO(ms->address, (size_t)(uint32)(ms->size));
 329              		.loc 1 350 0 discriminator 3
 330 00e6 2148     		ldr	r0, .L16+4
 331 00e8 6200     		lsls	r2, r4, #1
 332 00ea 1319     		adds	r3, r2, r4
 333 00ec 5900     		lsls	r1, r3, #1
 334 00ee 0B00     		movs	r3, r1
 335 00f0 4118     		adds	r1, r0, r1
 336 00f2 8988     		ldrh	r1, [r1, #4]
 337 00f4 1A5A     		ldrh	r2, [r3, r0]
 338 00f6 C318     		adds	r3, r0, r3
 339 00f8 5888     		ldrh	r0, [r3, #2]
 340 00fa 0004     		lsls	r0, r0, #16
 341 00fc 1043     		orrs	r0, r2
 342 00fe FFF7FEFF 		bl	CYMEMZERO
 343              	.LVL25:
 344              	.LBE4:
 347:Generated_Source\PSoC4/cyfitter_cfg.c **** 		{
 345              		.loc 1 347 0 discriminator 3
 346 0102 0134     		adds	r4, r4, #1
 347              	.LVL26:
 348 0104 E4B2     		uxtb	r4, r4
 349              	.LVL27:
 350              	.L14:
 347:Generated_Source\PSoC4/cyfitter_cfg.c **** 		{
 351              		.loc 1 347 0 is_stmt 0 discriminator 1
 352 0106 012C     		cmp	r4, #1
 353 0108 EDD9     		bls	.L15
 351:Generated_Source\PSoC4/cyfitter_cfg.c **** 		}
 352:Generated_Source\PSoC4/cyfitter_cfg.c **** 
 353:Generated_Source\PSoC4/cyfitter_cfg.c **** 		cfg_write_bytes32(cy_cfg_addr_table, cy_cfg_data_table);
 354              		.loc 1 353 0 is_stmt 1
 355 010a 1848     		ldr	r0, .L16+4
 356 010c 0100     		movs	r1, r0
 357 010e 0C31     		adds	r1, r1, #12
ARM GAS  C:\Users\CHRIST~1\AppData\Local\Temp\ccSxHeSF.s 			page 14


 358 0110 1830     		adds	r0, r0, #24
 359 0112 FFF7FEFF 		bl	cfg_write_bytes32
 360              	.LVL28:
 354:Generated_Source\PSoC4/cyfitter_cfg.c **** 
 355:Generated_Source\PSoC4/cyfitter_cfg.c **** 		/* HSIOM Starting address: CYDEV_HSIOM_BASE */
 356:Generated_Source\PSoC4/cyfitter_cfg.c **** 		CY_SET_REG32((void *)(CYDEV_HSIOM_BASE), 0xEE000000u);
 361              		.loc 1 356 0
 362 0116 EE22     		movs	r2, #238
 363 0118 1206     		lsls	r2, r2, #24
 364 011a 154B     		ldr	r3, .L16+8
 365 011c 1A60     		str	r2, [r3]
 357:Generated_Source\PSoC4/cyfitter_cfg.c **** 		CY_SET_REG32((void *)(CYREG_HSIOM_PORT_SEL1), 0x03993000u);
 366              		.loc 1 357 0
 367 011e 154A     		ldr	r2, .L16+12
 368 0120 154B     		ldr	r3, .L16+16
 369 0122 1A60     		str	r2, [r3]
 358:Generated_Source\PSoC4/cyfitter_cfg.c **** 
 359:Generated_Source\PSoC4/cyfitter_cfg.c **** 		/* UDB_PA_0 Starting address: CYDEV_UDB_PA0_BASE */
 360:Generated_Source\PSoC4/cyfitter_cfg.c **** 		CY_SET_REG32((void *)(CYDEV_UDB_PA0_BASE), 0x00990000u);
 370              		.loc 1 360 0
 371 0124 9923     		movs	r3, #153
 372 0126 1B04     		lsls	r3, r3, #16
 373 0128 144A     		ldr	r2, .L16+20
 374 012a 1360     		str	r3, [r2]
 361:Generated_Source\PSoC4/cyfitter_cfg.c **** 
 362:Generated_Source\PSoC4/cyfitter_cfg.c **** 		/* UDB_PA_1 Starting address: CYDEV_UDB_PA1_BASE */
 363:Generated_Source\PSoC4/cyfitter_cfg.c **** 		CY_SET_REG32((void *)(CYDEV_UDB_PA1_BASE), 0x00990000u);
 375              		.loc 1 363 0
 376 012c 144A     		ldr	r2, .L16+24
 377 012e 1360     		str	r3, [r2]
 364:Generated_Source\PSoC4/cyfitter_cfg.c **** 		CY_SET_REG32((void *)(CYREG_UDB_PA1_CFG8), 0x45400000u);
 378              		.loc 1 364 0
 379 0130 144A     		ldr	r2, .L16+28
 380 0132 154B     		ldr	r3, .L16+32
 381 0134 1A60     		str	r2, [r3]
 365:Generated_Source\PSoC4/cyfitter_cfg.c **** 
 366:Generated_Source\PSoC4/cyfitter_cfg.c **** 		/* Enable digital routing */
 367:Generated_Source\PSoC4/cyfitter_cfg.c **** 		CY_SET_XTND_REG8((void *)CYREG_UDB_UDBIF_BANK_CTL, (uint8)(CY_GET_XTND_REG8((void *)CYREG_UDB_UDB
 382              		.loc 1 367 0
 383 0136 154A     		ldr	r2, .L16+36
 384 0138 1178     		ldrb	r1, [r2]
 385 013a 0623     		movs	r3, #6
 386 013c 0B43     		orrs	r3, r1
 387 013e DBB2     		uxtb	r3, r3
 388 0140 1370     		strb	r3, [r2]
 389              	.LBE3:
 368:Generated_Source\PSoC4/cyfitter_cfg.c **** 	}
 369:Generated_Source\PSoC4/cyfitter_cfg.c **** 
 370:Generated_Source\PSoC4/cyfitter_cfg.c **** 	/* Perform second pass device configuration. These items must be configured in specific order afte
 371:Generated_Source\PSoC4/cyfitter_cfg.c **** 	/* IOPINS0_0 Starting address: CYDEV_GPIO_PRT0_BASE */
 372:Generated_Source\PSoC4/cyfitter_cfg.c **** 	CY_SET_REG32((void *)(CYREG_GPIO_PRT0_PC), 0x00D80000u);
 390              		.loc 1 372 0
 391 0142 D822     		movs	r2, #216
 392 0144 1204     		lsls	r2, r2, #16
 393 0146 124B     		ldr	r3, .L16+40
 394 0148 1A60     		str	r2, [r3]
 373:Generated_Source\PSoC4/cyfitter_cfg.c **** 
ARM GAS  C:\Users\CHRIST~1\AppData\Local\Temp\ccSxHeSF.s 			page 15


 374:Generated_Source\PSoC4/cyfitter_cfg.c **** 	/* IOPINS0_1 Starting address: CYDEV_GPIO_PRT1_BASE */
 375:Generated_Source\PSoC4/cyfitter_cfg.c **** 	CY_SET_REG32((void *)(CYDEV_GPIO_PRT1_BASE), 0x00000068u);
 395              		.loc 1 375 0
 396 014a 6822     		movs	r2, #104
 397 014c 114B     		ldr	r3, .L16+44
 398 014e 1A60     		str	r2, [r3]
 376:Generated_Source\PSoC4/cyfitter_cfg.c **** 	CY_SET_REG32((void *)(CYREG_GPIO_PRT1_PC), 0x007B1C00u);
 399              		.loc 1 376 0
 400 0150 114A     		ldr	r2, .L16+48
 401 0152 124B     		ldr	r3, .L16+52
 402 0154 1A60     		str	r2, [r3]
 377:Generated_Source\PSoC4/cyfitter_cfg.c **** 	CY_SET_REG32((void *)(CYREG_GPIO_PRT1_PC2), 0x00000020u);
 403              		.loc 1 377 0
 404 0156 2022     		movs	r2, #32
 405 0158 114B     		ldr	r3, .L16+56
 406 015a 1A60     		str	r2, [r3]
 378:Generated_Source\PSoC4/cyfitter_cfg.c **** 
 379:Generated_Source\PSoC4/cyfitter_cfg.c **** 
 380:Generated_Source\PSoC4/cyfitter_cfg.c **** 	/* Setup clocks based on selections from Clock DWR */
 381:Generated_Source\PSoC4/cyfitter_cfg.c **** 	ClockSetup();
 407              		.loc 1 381 0
 408 015c FFF750FF 		bl	ClockSetup
 409              	.LVL29:
 382:Generated_Source\PSoC4/cyfitter_cfg.c **** 
 383:Generated_Source\PSoC4/cyfitter_cfg.c **** 	/* Perform basic analog initialization to defaults */
 384:Generated_Source\PSoC4/cyfitter_cfg.c **** 	AnalogSetDefault();
 410              		.loc 1 384 0
 411 0160 FFF7FEFF 		bl	AnalogSetDefault
 412              	.LVL30:
 385:Generated_Source\PSoC4/cyfitter_cfg.c **** 
 386:Generated_Source\PSoC4/cyfitter_cfg.c **** }
 413              		.loc 1 386 0
 414              		@ sp needed
 415              	.LVL31:
 416 0164 10BD     		pop	{r4, pc}
 417              	.L17:
 418 0166 C046     		.align	2
 419              	.L16:
 420 0168 6CF02E40 		.word	1076818028
 421 016c 00000000 		.word	.LANCHOR0
 422 0170 00000240 		.word	1073872896
 423 0174 00309903 		.word	60370944
 424 0178 00010240 		.word	1073873152
 425 017c 00500F40 		.word	1074745344
 426 0180 10500F40 		.word	1074745360
 427 0184 00004045 		.word	1161822208
 428 0188 18500F40 		.word	1074745368
 429 018c 00700F40 		.word	1074753536
 430 0190 08000440 		.word	1074003976
 431 0194 00010440 		.word	1074004224
 432 0198 001C7B00 		.word	8068096
 433 019c 08010440 		.word	1074004232
 434 01a0 18010440 		.word	1074004248
 435              		.cfi_endproc
 436              	.LFE8:
 437              		.size	cyfitter_cfg, .-cyfitter_cfg
 438              		.section	.rodata
ARM GAS  C:\Users\CHRIST~1\AppData\Local\Temp\ccSxHeSF.s 			page 16


 439              		.align	2
 440              		.set	.LANCHOR0,. + 0
 441              		.type	cfg_memset_list.4907, %object
 442              		.size	cfg_memset_list.4907, 12
 443              	cfg_memset_list.4907:
 444 0000 00300F40 		.word	1074737152
 445 0004 0004     		.short	1024
 446 0006 00400F40 		.4byte	1074741248
 447 000a 0004     		.short	1024
 448              		.type	cy_cfg_data_table.4902, %object
 449              		.size	cy_cfg_data_table.4902, 12
 450              	cy_cfg_data_table.4902:
 451 000c 0F       		.byte	15
 452 000d 0A       		.byte	10
 453 000e 57       		.byte	87
 454 000f 04       		.byte	4
 455 0010 63       		.byte	99
 456 0011 02       		.byte	2
 457 0012 C2       		.byte	-62
 458 0013 80       		.byte	-128
 459 0014 D4       		.byte	-44
 460 0015 40       		.byte	64
 461 0016 D6       		.byte	-42
 462 0017 40       		.byte	64
 463              		.type	cy_cfg_addr_table.4901, %object
 464              		.size	cy_cfg_addr_table.4901, 4
 465              	cy_cfg_addr_table.4901:
 466 0018 06410F40 		.word	1074741510
 467              		.text
 468              	.Letext0:
 469              		.file 2 "c:\\program files (x86)\\cypress\\psoc creator\\4.1\\psoc creator\\import\\gnu\\arm\\5.4.
 470              		.file 3 "Generated_Source\\PSoC4\\cytypes.h"
 471              		.file 4 "Generated_Source\\PSoC4\\CyLFClk.h"
 472              		.file 5 "Generated_Source\\PSoC4\\CyLib.h"
 473              		.section	.debug_info,"",%progbits
 474              	.Ldebug_info0:
 475 0000 4C040000 		.4byte	0x44c
 476 0004 0400     		.2byte	0x4
 477 0006 00000000 		.4byte	.Ldebug_abbrev0
 478 000a 04       		.byte	0x4
 479 000b 01       		.uleb128 0x1
 480 000c 00020000 		.4byte	.LASF44
 481 0010 0C       		.byte	0xc
 482 0011 48030000 		.4byte	.LASF45
 483 0015 C6000000 		.4byte	.LASF46
 484 0019 00000000 		.4byte	.Ldebug_ranges0+0
 485 001d 00000000 		.4byte	0
 486 0021 00000000 		.4byte	.Ldebug_line0
 487 0025 02       		.uleb128 0x2
 488 0026 04       		.byte	0x4
 489 0027 05       		.byte	0x5
 490 0028 696E7400 		.ascii	"int\000"
 491 002c 03       		.uleb128 0x3
 492 002d 14000000 		.4byte	.LASF12
 493 0031 02       		.byte	0x2
 494 0032 D8       		.byte	0xd8
 495 0033 37000000 		.4byte	0x37
ARM GAS  C:\Users\CHRIST~1\AppData\Local\Temp\ccSxHeSF.s 			page 17


 496 0037 04       		.uleb128 0x4
 497 0038 04       		.byte	0x4
 498 0039 07       		.byte	0x7
 499 003a C7010000 		.4byte	.LASF0
 500 003e 04       		.uleb128 0x4
 501 003f 08       		.byte	0x8
 502 0040 05       		.byte	0x5
 503 0041 C0020000 		.4byte	.LASF1
 504 0045 04       		.uleb128 0x4
 505 0046 08       		.byte	0x8
 506 0047 04       		.byte	0x4
 507 0048 30030000 		.4byte	.LASF2
 508 004c 04       		.uleb128 0x4
 509 004d 01       		.byte	0x1
 510 004e 06       		.byte	0x6
 511 004f 3C030000 		.4byte	.LASF3
 512 0053 04       		.uleb128 0x4
 513 0054 01       		.byte	0x1
 514 0055 08       		.byte	0x8
 515 0056 69010000 		.4byte	.LASF4
 516 005a 04       		.uleb128 0x4
 517 005b 02       		.byte	0x2
 518 005c 05       		.byte	0x5
 519 005d 08030000 		.4byte	.LASF5
 520 0061 04       		.uleb128 0x4
 521 0062 02       		.byte	0x2
 522 0063 07       		.byte	0x7
 523 0064 AD020000 		.4byte	.LASF6
 524 0068 04       		.uleb128 0x4
 525 0069 04       		.byte	0x4
 526 006a 05       		.byte	0x5
 527 006b 27030000 		.4byte	.LASF7
 528 006f 04       		.uleb128 0x4
 529 0070 04       		.byte	0x4
 530 0071 07       		.byte	0x7
 531 0072 AE000000 		.4byte	.LASF8
 532 0076 04       		.uleb128 0x4
 533 0077 08       		.byte	0x8
 534 0078 07       		.byte	0x7
 535 0079 E9010000 		.4byte	.LASF9
 536 007d 04       		.uleb128 0x4
 537 007e 04       		.byte	0x4
 538 007f 07       		.byte	0x7
 539 0080 A4020000 		.4byte	.LASF10
 540 0084 05       		.uleb128 0x5
 541 0085 04       		.byte	0x4
 542 0086 04       		.uleb128 0x4
 543 0087 01       		.byte	0x1
 544 0088 08       		.byte	0x8
 545 0089 D8020000 		.4byte	.LASF11
 546 008d 06       		.uleb128 0x6
 547 008e C0000000 		.4byte	.LASF13
 548 0092 03       		.byte	0x3
 549 0093 D201     		.2byte	0x1d2
 550 0095 53000000 		.4byte	0x53
 551 0099 06       		.uleb128 0x6
 552 009a AE010000 		.4byte	.LASF14
ARM GAS  C:\Users\CHRIST~1\AppData\Local\Temp\ccSxHeSF.s 			page 18


 553 009e 03       		.byte	0x3
 554 009f D301     		.2byte	0x1d3
 555 00a1 61000000 		.4byte	0x61
 556 00a5 06       		.uleb128 0x6
 557 00a6 C0010000 		.4byte	.LASF15
 558 00aa 03       		.byte	0x3
 559 00ab D401     		.2byte	0x1d4
 560 00ad 6F000000 		.4byte	0x6f
 561 00b1 04       		.uleb128 0x4
 562 00b2 04       		.byte	0x4
 563 00b3 04       		.byte	0x4
 564 00b4 76000000 		.4byte	.LASF16
 565 00b8 04       		.uleb128 0x4
 566 00b9 08       		.byte	0x8
 567 00ba 04       		.byte	0x4
 568 00bb 7E010000 		.4byte	.LASF17
 569 00bf 06       		.uleb128 0x6
 570 00c0 A9000000 		.4byte	.LASF18
 571 00c4 03       		.byte	0x3
 572 00c5 7C02     		.2byte	0x27c
 573 00c7 CB000000 		.4byte	0xcb
 574 00cb 07       		.uleb128 0x7
 575 00cc 8D000000 		.4byte	0x8d
 576 00d0 06       		.uleb128 0x6
 577 00d1 0E000000 		.4byte	.LASF19
 578 00d5 03       		.byte	0x3
 579 00d6 7E02     		.2byte	0x27e
 580 00d8 DC000000 		.4byte	0xdc
 581 00dc 07       		.uleb128 0x7
 582 00dd A5000000 		.4byte	0xa5
 583 00e1 08       		.uleb128 0x8
 584 00e2 02       		.byte	0x2
 585 00e3 01       		.byte	0x1
 586 00e4 9A       		.byte	0x9a
 587 00e5 02010000 		.4byte	0x102
 588 00e9 09       		.uleb128 0x9
 589 00ea 01030000 		.4byte	.LASF20
 590 00ee 01       		.byte	0x1
 591 00ef 9C       		.byte	0x9c
 592 00f0 8D000000 		.4byte	0x8d
 593 00f4 00       		.byte	0
 594 00f5 09       		.uleb128 0x9
 595 00f6 3B000000 		.4byte	.LASF21
 596 00fa 01       		.byte	0x1
 597 00fb 9D       		.byte	0x9d
 598 00fc 8D000000 		.4byte	0x8d
 599 0100 01       		.byte	0x1
 600 0101 00       		.byte	0
 601 0102 03       		.uleb128 0x3
 602 0103 EE020000 		.4byte	.LASF22
 603 0107 01       		.byte	0x1
 604 0108 9E       		.byte	0x9e
 605 0109 E1000000 		.4byte	0xe1
 606 010d 0A       		.uleb128 0xa
 607 010e 85010000 		.4byte	.LASF27
 608 0112 01       		.byte	0x1
 609 0113 B1       		.byte	0xb1
ARM GAS  C:\Users\CHRIST~1\AppData\Local\Temp\ccSxHeSF.s 			page 19


 610 0114 00000000 		.4byte	.LFB5
 611 0118 32000000 		.4byte	.LFE5-.LFB5
 612 011c 01       		.uleb128 0x1
 613 011d 9C       		.byte	0x9c
 614 011e 7F010000 		.4byte	0x17f
 615 0122 0B       		.uleb128 0xb
 616 0123 A3010000 		.4byte	.LASF23
 617 0127 01       		.byte	0x1
 618 0128 B1       		.byte	0xb1
 619 0129 7F010000 		.4byte	0x17f
 620 012d 01       		.uleb128 0x1
 621 012e 50       		.byte	0x50
 622 012f 0B       		.uleb128 0xb
 623 0130 B5010000 		.4byte	.LASF24
 624 0134 01       		.byte	0x1
 625 0135 B1       		.byte	0xb1
 626 0136 8A010000 		.4byte	0x18a
 627 013a 01       		.uleb128 0x1
 628 013b 51       		.byte	0x51
 629 013c 0C       		.uleb128 0xc
 630 013d 6900     		.ascii	"i\000"
 631 013f 01       		.byte	0x1
 632 0140 B4       		.byte	0xb4
 633 0141 A5000000 		.4byte	0xa5
 634 0145 00000000 		.4byte	.LLST0
 635 0149 0C       		.uleb128 0xc
 636 014a 6A00     		.ascii	"j\000"
 637 014c 01       		.byte	0x1
 638 014d B4       		.byte	0xb4
 639 014e A5000000 		.4byte	0xa5
 640 0152 1F000000 		.4byte	.LLST1
 641 0156 0D       		.uleb128 0xd
 642 0157 08000000 		.4byte	.LBB2
 643 015b 22000000 		.4byte	.LBE2-.LBB2
 644 015f 0E       		.uleb128 0xe
 645 0160 9B020000 		.4byte	.LASF25
 646 0164 01       		.byte	0x1
 647 0165 B7       		.byte	0xb7
 648 0166 A5000000 		.4byte	0xa5
 649 016a 3E000000 		.4byte	.LLST2
 650 016e 0E       		.uleb128 0xe
 651 016f 41000000 		.4byte	.LASF26
 652 0173 01       		.byte	0x1
 653 0174 B8       		.byte	0xb8
 654 0175 8D000000 		.4byte	0x8d
 655 0179 51000000 		.4byte	.LLST3
 656 017d 00       		.byte	0
 657 017e 00       		.byte	0
 658 017f 0F       		.uleb128 0xf
 659 0180 04       		.byte	0x4
 660 0181 85010000 		.4byte	0x185
 661 0185 10       		.uleb128 0x10
 662 0186 A5000000 		.4byte	0xa5
 663 018a 0F       		.uleb128 0xf
 664 018b 04       		.byte	0x4
 665 018c 90010000 		.4byte	0x190
 666 0190 10       		.uleb128 0x10
ARM GAS  C:\Users\CHRIST~1\AppData\Local\Temp\ccSxHeSF.s 			page 20


 667 0191 02010000 		.4byte	0x102
 668 0195 11       		.uleb128 0x11
 669 0196 1B000000 		.4byte	.LASF47
 670 019a 01       		.byte	0x1
 671 019b 1B01     		.2byte	0x11b
 672 019d 00000000 		.4byte	.LFB7
 673 01a1 20000000 		.4byte	.LFE7-.LFB7
 674 01a5 01       		.uleb128 0x1
 675 01a6 9C       		.byte	0x9c
 676 01a7 0A       		.uleb128 0xa
 677 01a8 5F010000 		.4byte	.LASF28
 678 01ac 01       		.byte	0x1
 679 01ad 4C       		.byte	0x4c
 680 01ae 00000000 		.4byte	.LFB2
 681 01b2 0C000000 		.4byte	.LFE2-.LFB2
 682 01b6 01       		.uleb128 0x1
 683 01b7 9C       		.byte	0x9c
 684 01b8 F4010000 		.4byte	0x1f4
 685 01bc 12       		.uleb128 0x12
 686 01bd 7300     		.ascii	"s\000"
 687 01bf 01       		.byte	0x1
 688 01c0 4C       		.byte	0x4c
 689 01c1 84000000 		.4byte	0x84
 690 01c5 6F000000 		.4byte	.LLST4
 691 01c9 12       		.uleb128 0x12
 692 01ca 6E00     		.ascii	"n\000"
 693 01cc 01       		.byte	0x1
 694 01cd 4C       		.byte	0x4c
 695 01ce 2C000000 		.4byte	0x2c
 696 01d2 90000000 		.4byte	.LLST5
 697 01d6 13       		.uleb128 0x13
 698 01d7 0A000000 		.4byte	.LVL14
 699 01db EE030000 		.4byte	0x3ee
 700 01df 14       		.uleb128 0x14
 701 01e0 01       		.uleb128 0x1
 702 01e1 50       		.byte	0x50
 703 01e2 03       		.uleb128 0x3
 704 01e3 F3       		.byte	0xf3
 705 01e4 01       		.uleb128 0x1
 706 01e5 50       		.byte	0x50
 707 01e6 14       		.uleb128 0x14
 708 01e7 01       		.uleb128 0x1
 709 01e8 51       		.byte	0x51
 710 01e9 01       		.uleb128 0x1
 711 01ea 30       		.byte	0x30
 712 01eb 14       		.uleb128 0x14
 713 01ec 01       		.uleb128 0x1
 714 01ed 52       		.byte	0x52
 715 01ee 03       		.uleb128 0x3
 716 01ef F3       		.byte	0xf3
 717 01f0 01       		.uleb128 0x1
 718 01f1 51       		.byte	0x51
 719 01f2 00       		.byte	0
 720 01f3 00       		.byte	0
 721 01f4 0A       		.uleb128 0xa
 722 01f5 47000000 		.4byte	.LASF29
 723 01f9 01       		.byte	0x1
ARM GAS  C:\Users\CHRIST~1\AppData\Local\Temp\ccSxHeSF.s 			page 21


 724 01fa D6       		.byte	0xd6
 725 01fb 00000000 		.4byte	.LFB6
 726 01ff D8000000 		.4byte	.LFE6-.LFB6
 727 0203 01       		.uleb128 0x1
 728 0204 9C       		.byte	0x9c
 729 0205 9D020000 		.4byte	0x29d
 730 0209 15       		.uleb128 0x15
 731 020a 0C000000 		.4byte	.LVL15
 732 020e F7030000 		.4byte	0x3f7
 733 0212 16       		.uleb128 0x16
 734 0213 12000000 		.4byte	.LVL16
 735 0217 02040000 		.4byte	0x402
 736 021b 29020000 		.4byte	0x229
 737 021f 14       		.uleb128 0x14
 738 0220 01       		.uleb128 0x1
 739 0221 50       		.byte	0x50
 740 0222 05       		.uleb128 0x5
 741 0223 0C       		.byte	0xc
 742 0224 001BB700 		.4byte	0xb71b00
 743 0228 00       		.byte	0
 744 0229 16       		.uleb128 0x16
 745 022a 18000000 		.4byte	.LVL17
 746 022e 0D040000 		.4byte	0x40d
 747 0232 3C020000 		.4byte	0x23c
 748 0236 14       		.uleb128 0x14
 749 0237 01       		.uleb128 0x1
 750 0238 50       		.byte	0x50
 751 0239 01       		.uleb128 0x1
 752 023a 31       		.byte	0x31
 753 023b 00       		.byte	0
 754 023c 16       		.uleb128 0x16
 755 023d 1E000000 		.4byte	.LVL18
 756 0241 18040000 		.4byte	0x418
 757 0245 50020000 		.4byte	0x250
 758 0249 14       		.uleb128 0x14
 759 024a 01       		.uleb128 0x1
 760 024b 50       		.byte	0x50
 761 024c 02       		.uleb128 0x2
 762 024d 08       		.byte	0x8
 763 024e 30       		.byte	0x30
 764 024f 00       		.byte	0
 765 0250 16       		.uleb128 0x16
 766 0251 54000000 		.4byte	.LVL19
 767 0255 23040000 		.4byte	0x423
 768 0259 65020000 		.4byte	0x265
 769 025d 14       		.uleb128 0x14
 770 025e 01       		.uleb128 0x1
 771 025f 50       		.byte	0x50
 772 0260 03       		.uleb128 0x3
 773 0261 0A       		.byte	0xa
 774 0262 D007     		.2byte	0x7d0
 775 0264 00       		.byte	0
 776 0265 16       		.uleb128 0x16
 777 0266 5A000000 		.4byte	.LVL20
 778 026a 2E040000 		.4byte	0x42e
 779 026e 7A020000 		.4byte	0x27a
 780 0272 14       		.uleb128 0x14
ARM GAS  C:\Users\CHRIST~1\AppData\Local\Temp\ccSxHeSF.s 			page 22


 781 0273 01       		.uleb128 0x1
 782 0274 50       		.byte	0x50
 783 0275 03       		.uleb128 0x3
 784 0276 0A       		.byte	0xa
 785 0277 DC05     		.2byte	0x5dc
 786 0279 00       		.byte	0
 787 027a 16       		.uleb128 0x16
 788 027b 86000000 		.4byte	.LVL21
 789 027f 39040000 		.4byte	0x439
 790 0283 8D020000 		.4byte	0x28d
 791 0287 14       		.uleb128 0x14
 792 0288 01       		.uleb128 0x1
 793 0289 50       		.byte	0x50
 794 028a 01       		.uleb128 0x1
 795 028b 38       		.byte	0x38
 796 028c 00       		.byte	0
 797 028d 13       		.uleb128 0x13
 798 028e 8C000000 		.4byte	.LVL22
 799 0292 44040000 		.4byte	0x444
 800 0296 14       		.uleb128 0x14
 801 0297 01       		.uleb128 0x1
 802 0298 50       		.byte	0x50
 803 0299 01       		.uleb128 0x1
 804 029a 38       		.byte	0x38
 805 029b 00       		.byte	0
 806 029c 00       		.byte	0
 807 029d 17       		.uleb128 0x17
 808 029e D4010000 		.4byte	.LASF48
 809 02a2 01       		.byte	0x1
 810 02a3 3601     		.2byte	0x136
 811 02a5 D8000000 		.4byte	.LFB8
 812 02a9 CC000000 		.4byte	.LFE8-.LFB8
 813 02ad 01       		.uleb128 0x1
 814 02ae 9C       		.byte	0x9c
 815 02af C4030000 		.4byte	0x3c4
 816 02b3 18       		.uleb128 0x18
 817 02b4 E2000000 		.4byte	.LBB3
 818 02b8 60000000 		.4byte	.LBE3-.LBB3
 819 02bc B1030000 		.4byte	0x3b1
 820 02c0 19       		.uleb128 0x19
 821 02c1 52000000 		.4byte	.LASF30
 822 02c5 01       		.byte	0x1
 823 02c6 3E01     		.2byte	0x13e
 824 02c8 D4030000 		.4byte	0x3d4
 825 02cc 05       		.uleb128 0x5
 826 02cd 03       		.byte	0x3
 827 02ce 18000000 		.4byte	cy_cfg_addr_table.4901
 828 02d2 19       		.uleb128 0x19
 829 02d3 64000000 		.4byte	.LASF31
 830 02d7 01       		.byte	0x1
 831 02d8 4201     		.2byte	0x142
 832 02da E9030000 		.4byte	0x3e9
 833 02de 05       		.uleb128 0x5
 834 02df 03       		.byte	0x3
 835 02e0 0C000000 		.4byte	cy_cfg_data_table.4902
 836 02e4 1A       		.uleb128 0x1a
 837 02e5 06       		.byte	0x6
ARM GAS  C:\Users\CHRIST~1\AppData\Local\Temp\ccSxHeSF.s 			page 23


 838 02e6 01       		.byte	0x1
 839 02e7 4D01     		.2byte	0x14d
 840 02e9 08030000 		.4byte	0x308
 841 02ed 1B       		.uleb128 0x1b
 842 02ee E1010000 		.4byte	.LASF32
 843 02f2 01       		.byte	0x1
 844 02f3 4E01     		.2byte	0x14e
 845 02f5 84000000 		.4byte	0x84
 846 02f9 00       		.byte	0
 847 02fa 1B       		.uleb128 0x1b
 848 02fb 8C000000 		.4byte	.LASF33
 849 02ff 01       		.byte	0x1
 850 0300 4F01     		.2byte	0x14f
 851 0302 99000000 		.4byte	0x99
 852 0306 04       		.byte	0x4
 853 0307 00       		.byte	0
 854 0308 06       		.uleb128 0x6
 855 0309 8E020000 		.4byte	.LASF34
 856 030d 01       		.byte	0x1
 857 030e 5001     		.2byte	0x150
 858 0310 E4020000 		.4byte	0x2e4
 859 0314 1C       		.uleb128 0x1c
 860 0315 24030000 		.4byte	0x324
 861 0319 24030000 		.4byte	0x324
 862 031d 1D       		.uleb128 0x1d
 863 031e 7D000000 		.4byte	0x7d
 864 0322 01       		.byte	0x1
 865 0323 00       		.byte	0
 866 0324 10       		.uleb128 0x10
 867 0325 08030000 		.4byte	0x308
 868 0329 19       		.uleb128 0x19
 869 032a 7C000000 		.4byte	.LASF35
 870 032e 01       		.byte	0x1
 871 032f 5201     		.2byte	0x152
 872 0331 3B030000 		.4byte	0x33b
 873 0335 05       		.uleb128 0x5
 874 0336 03       		.byte	0x3
 875 0337 00000000 		.4byte	cfg_memset_list.4907
 876 033b 10       		.uleb128 0x10
 877 033c 14030000 		.4byte	0x314
 878 0340 1E       		.uleb128 0x1e
 879 0341 6900     		.ascii	"i\000"
 880 0343 01       		.byte	0x1
 881 0344 5801     		.2byte	0x158
 882 0346 8D000000 		.4byte	0x8d
 883 034a BC000000 		.4byte	.LLST6
 884 034e 18       		.uleb128 0x18
 885 034f E6000000 		.4byte	.LBB4
 886 0353 1C000000 		.4byte	.LBE4-.LBB4
 887 0357 94030000 		.4byte	0x394
 888 035b 1E       		.uleb128 0x1e
 889 035c 6D7300   		.ascii	"ms\000"
 890 035f 01       		.byte	0x1
 891 0360 5D01     		.2byte	0x15d
 892 0362 6A030000 		.4byte	0x36a
 893 0366 E6000000 		.4byte	.LLST7
 894 036a 0F       		.uleb128 0xf
ARM GAS  C:\Users\CHRIST~1\AppData\Local\Temp\ccSxHeSF.s 			page 24


 895 036b 04       		.byte	0x4
 896 036c 24030000 		.4byte	0x324
 897 0370 13       		.uleb128 0x13
 898 0371 02010000 		.4byte	.LVL25
 899 0375 A7010000 		.4byte	0x1a7
 900 0379 14       		.uleb128 0x14
 901 037a 01       		.uleb128 0x1
 902 037b 51       		.byte	0x51
 903 037c 15       		.uleb128 0x15
 904 037d 74       		.byte	0x74
 905 037e 00       		.sleb128 0
 906 037f 31       		.byte	0x31
 907 0380 24       		.byte	0x24
 908 0381 74       		.byte	0x74
 909 0382 00       		.sleb128 0
 910 0383 22       		.byte	0x22
 911 0384 31       		.byte	0x31
 912 0385 24       		.byte	0x24
 913 0386 03       		.byte	0x3
 914 0387 04000000 		.4byte	.LANCHOR0+4
 915 038b 22       		.byte	0x22
 916 038c 94       		.byte	0x94
 917 038d 02       		.byte	0x2
 918 038e 0A       		.byte	0xa
 919 038f FFFF     		.2byte	0xffff
 920 0391 1A       		.byte	0x1a
 921 0392 00       		.byte	0
 922 0393 00       		.byte	0
 923 0394 13       		.uleb128 0x13
 924 0395 16010000 		.4byte	.LVL28
 925 0399 0D010000 		.4byte	0x10d
 926 039d 14       		.uleb128 0x14
 927 039e 01       		.uleb128 0x1
 928 039f 50       		.byte	0x50
 929 03a0 05       		.uleb128 0x5
 930 03a1 03       		.byte	0x3
 931 03a2 18000000 		.4byte	.LANCHOR0+24
 932 03a6 14       		.uleb128 0x14
 933 03a7 01       		.uleb128 0x1
 934 03a8 51       		.byte	0x51
 935 03a9 05       		.uleb128 0x5
 936 03aa 03       		.byte	0x3
 937 03ab 0C000000 		.4byte	.LANCHOR0+12
 938 03af 00       		.byte	0
 939 03b0 00       		.byte	0
 940 03b1 15       		.uleb128 0x15
 941 03b2 60010000 		.4byte	.LVL29
 942 03b6 F4010000 		.4byte	0x1f4
 943 03ba 15       		.uleb128 0x15
 944 03bb 64010000 		.4byte	.LVL30
 945 03bf 95010000 		.4byte	0x195
 946 03c3 00       		.byte	0
 947 03c4 1C       		.uleb128 0x1c
 948 03c5 85010000 		.4byte	0x185
 949 03c9 D4030000 		.4byte	0x3d4
 950 03cd 1D       		.uleb128 0x1d
 951 03ce 7D000000 		.4byte	0x7d
ARM GAS  C:\Users\CHRIST~1\AppData\Local\Temp\ccSxHeSF.s 			page 25


 952 03d2 00       		.byte	0
 953 03d3 00       		.byte	0
 954 03d4 10       		.uleb128 0x10
 955 03d5 C4030000 		.4byte	0x3c4
 956 03d9 1C       		.uleb128 0x1c
 957 03da 90010000 		.4byte	0x190
 958 03de E9030000 		.4byte	0x3e9
 959 03e2 1D       		.uleb128 0x1d
 960 03e3 7D000000 		.4byte	0x7d
 961 03e7 05       		.byte	0x5
 962 03e8 00       		.byte	0
 963 03e9 10       		.uleb128 0x10
 964 03ea D9030000 		.4byte	0x3d9
 965 03ee 1F       		.uleb128 0x1f
 966 03ef 77010000 		.4byte	.LASF49
 967 03f3 77010000 		.4byte	.LASF49
 968 03f7 20       		.uleb128 0x20
 969 03f8 4E010000 		.4byte	.LASF36
 970 03fc 4E010000 		.4byte	.LASF36
 971 0400 04       		.byte	0x4
 972 0401 4E       		.byte	0x4e
 973 0402 20       		.uleb128 0x20
 974 0403 00000000 		.4byte	.LASF37
 975 0407 00000000 		.4byte	.LASF37
 976 040b 05       		.byte	0x5
 977 040c DC       		.byte	0xdc
 978 040d 20       		.uleb128 0x20
 979 040e 91000000 		.4byte	.LASF38
 980 0412 91000000 		.4byte	.LASF38
 981 0416 04       		.byte	0x4
 982 0417 50       		.byte	0x50
 983 0418 20       		.uleb128 0x20
 984 0419 12030000 		.4byte	.LASF39
 985 041d 12030000 		.4byte	.LASF39
 986 0421 05       		.byte	0x5
 987 0422 6C       		.byte	0x6c
 988 0423 20       		.uleb128 0x20
 989 0424 DD020000 		.4byte	.LASF40
 990 0428 DD020000 		.4byte	.LASF40
 991 042c 05       		.byte	0x5
 992 042d 84       		.byte	0x84
 993 042e 20       		.uleb128 0x20
 994 042f CE020000 		.4byte	.LASF41
 995 0433 CE020000 		.4byte	.LASF41
 996 0437 05       		.byte	0x5
 997 0438 DA       		.byte	0xda
 998 0439 20       		.uleb128 0x20
 999 043a 2C000000 		.4byte	.LASF42
 1000 043e 2C000000 		.4byte	.LASF42
 1001 0442 05       		.byte	0x5
 1002 0443 BD       		.byte	0xbd
 1003 0444 20       		.uleb128 0x20
 1004 0445 97010000 		.4byte	.LASF43
 1005 0449 97010000 		.4byte	.LASF43
 1006 044d 05       		.byte	0x5
 1007 044e C3       		.byte	0xc3
 1008 044f 00       		.byte	0
ARM GAS  C:\Users\CHRIST~1\AppData\Local\Temp\ccSxHeSF.s 			page 26


 1009              		.section	.debug_abbrev,"",%progbits
 1010              	.Ldebug_abbrev0:
 1011 0000 01       		.uleb128 0x1
 1012 0001 11       		.uleb128 0x11
 1013 0002 01       		.byte	0x1
 1014 0003 25       		.uleb128 0x25
 1015 0004 0E       		.uleb128 0xe
 1016 0005 13       		.uleb128 0x13
 1017 0006 0B       		.uleb128 0xb
 1018 0007 03       		.uleb128 0x3
 1019 0008 0E       		.uleb128 0xe
 1020 0009 1B       		.uleb128 0x1b
 1021 000a 0E       		.uleb128 0xe
 1022 000b 55       		.uleb128 0x55
 1023 000c 17       		.uleb128 0x17
 1024 000d 11       		.uleb128 0x11
 1025 000e 01       		.uleb128 0x1
 1026 000f 10       		.uleb128 0x10
 1027 0010 17       		.uleb128 0x17
 1028 0011 00       		.byte	0
 1029 0012 00       		.byte	0
 1030 0013 02       		.uleb128 0x2
 1031 0014 24       		.uleb128 0x24
 1032 0015 00       		.byte	0
 1033 0016 0B       		.uleb128 0xb
 1034 0017 0B       		.uleb128 0xb
 1035 0018 3E       		.uleb128 0x3e
 1036 0019 0B       		.uleb128 0xb
 1037 001a 03       		.uleb128 0x3
 1038 001b 08       		.uleb128 0x8
 1039 001c 00       		.byte	0
 1040 001d 00       		.byte	0
 1041 001e 03       		.uleb128 0x3
 1042 001f 16       		.uleb128 0x16
 1043 0020 00       		.byte	0
 1044 0021 03       		.uleb128 0x3
 1045 0022 0E       		.uleb128 0xe
 1046 0023 3A       		.uleb128 0x3a
 1047 0024 0B       		.uleb128 0xb
 1048 0025 3B       		.uleb128 0x3b
 1049 0026 0B       		.uleb128 0xb
 1050 0027 49       		.uleb128 0x49
 1051 0028 13       		.uleb128 0x13
 1052 0029 00       		.byte	0
 1053 002a 00       		.byte	0
 1054 002b 04       		.uleb128 0x4
 1055 002c 24       		.uleb128 0x24
 1056 002d 00       		.byte	0
 1057 002e 0B       		.uleb128 0xb
 1058 002f 0B       		.uleb128 0xb
 1059 0030 3E       		.uleb128 0x3e
 1060 0031 0B       		.uleb128 0xb
 1061 0032 03       		.uleb128 0x3
 1062 0033 0E       		.uleb128 0xe
 1063 0034 00       		.byte	0
 1064 0035 00       		.byte	0
 1065 0036 05       		.uleb128 0x5
ARM GAS  C:\Users\CHRIST~1\AppData\Local\Temp\ccSxHeSF.s 			page 27


 1066 0037 0F       		.uleb128 0xf
 1067 0038 00       		.byte	0
 1068 0039 0B       		.uleb128 0xb
 1069 003a 0B       		.uleb128 0xb
 1070 003b 00       		.byte	0
 1071 003c 00       		.byte	0
 1072 003d 06       		.uleb128 0x6
 1073 003e 16       		.uleb128 0x16
 1074 003f 00       		.byte	0
 1075 0040 03       		.uleb128 0x3
 1076 0041 0E       		.uleb128 0xe
 1077 0042 3A       		.uleb128 0x3a
 1078 0043 0B       		.uleb128 0xb
 1079 0044 3B       		.uleb128 0x3b
 1080 0045 05       		.uleb128 0x5
 1081 0046 49       		.uleb128 0x49
 1082 0047 13       		.uleb128 0x13
 1083 0048 00       		.byte	0
 1084 0049 00       		.byte	0
 1085 004a 07       		.uleb128 0x7
 1086 004b 35       		.uleb128 0x35
 1087 004c 00       		.byte	0
 1088 004d 49       		.uleb128 0x49
 1089 004e 13       		.uleb128 0x13
 1090 004f 00       		.byte	0
 1091 0050 00       		.byte	0
 1092 0051 08       		.uleb128 0x8
 1093 0052 13       		.uleb128 0x13
 1094 0053 01       		.byte	0x1
 1095 0054 0B       		.uleb128 0xb
 1096 0055 0B       		.uleb128 0xb
 1097 0056 3A       		.uleb128 0x3a
 1098 0057 0B       		.uleb128 0xb
 1099 0058 3B       		.uleb128 0x3b
 1100 0059 0B       		.uleb128 0xb
 1101 005a 01       		.uleb128 0x1
 1102 005b 13       		.uleb128 0x13
 1103 005c 00       		.byte	0
 1104 005d 00       		.byte	0
 1105 005e 09       		.uleb128 0x9
 1106 005f 0D       		.uleb128 0xd
 1107 0060 00       		.byte	0
 1108 0061 03       		.uleb128 0x3
 1109 0062 0E       		.uleb128 0xe
 1110 0063 3A       		.uleb128 0x3a
 1111 0064 0B       		.uleb128 0xb
 1112 0065 3B       		.uleb128 0x3b
 1113 0066 0B       		.uleb128 0xb
 1114 0067 49       		.uleb128 0x49
 1115 0068 13       		.uleb128 0x13
 1116 0069 38       		.uleb128 0x38
 1117 006a 0B       		.uleb128 0xb
 1118 006b 00       		.byte	0
 1119 006c 00       		.byte	0
 1120 006d 0A       		.uleb128 0xa
 1121 006e 2E       		.uleb128 0x2e
 1122 006f 01       		.byte	0x1
ARM GAS  C:\Users\CHRIST~1\AppData\Local\Temp\ccSxHeSF.s 			page 28


 1123 0070 03       		.uleb128 0x3
 1124 0071 0E       		.uleb128 0xe
 1125 0072 3A       		.uleb128 0x3a
 1126 0073 0B       		.uleb128 0xb
 1127 0074 3B       		.uleb128 0x3b
 1128 0075 0B       		.uleb128 0xb
 1129 0076 27       		.uleb128 0x27
 1130 0077 19       		.uleb128 0x19
 1131 0078 11       		.uleb128 0x11
 1132 0079 01       		.uleb128 0x1
 1133 007a 12       		.uleb128 0x12
 1134 007b 06       		.uleb128 0x6
 1135 007c 40       		.uleb128 0x40
 1136 007d 18       		.uleb128 0x18
 1137 007e 9742     		.uleb128 0x2117
 1138 0080 19       		.uleb128 0x19
 1139 0081 01       		.uleb128 0x1
 1140 0082 13       		.uleb128 0x13
 1141 0083 00       		.byte	0
 1142 0084 00       		.byte	0
 1143 0085 0B       		.uleb128 0xb
 1144 0086 05       		.uleb128 0x5
 1145 0087 00       		.byte	0
 1146 0088 03       		.uleb128 0x3
 1147 0089 0E       		.uleb128 0xe
 1148 008a 3A       		.uleb128 0x3a
 1149 008b 0B       		.uleb128 0xb
 1150 008c 3B       		.uleb128 0x3b
 1151 008d 0B       		.uleb128 0xb
 1152 008e 49       		.uleb128 0x49
 1153 008f 13       		.uleb128 0x13
 1154 0090 02       		.uleb128 0x2
 1155 0091 18       		.uleb128 0x18
 1156 0092 00       		.byte	0
 1157 0093 00       		.byte	0
 1158 0094 0C       		.uleb128 0xc
 1159 0095 34       		.uleb128 0x34
 1160 0096 00       		.byte	0
 1161 0097 03       		.uleb128 0x3
 1162 0098 08       		.uleb128 0x8
 1163 0099 3A       		.uleb128 0x3a
 1164 009a 0B       		.uleb128 0xb
 1165 009b 3B       		.uleb128 0x3b
 1166 009c 0B       		.uleb128 0xb
 1167 009d 49       		.uleb128 0x49
 1168 009e 13       		.uleb128 0x13
 1169 009f 02       		.uleb128 0x2
 1170 00a0 17       		.uleb128 0x17
 1171 00a1 00       		.byte	0
 1172 00a2 00       		.byte	0
 1173 00a3 0D       		.uleb128 0xd
 1174 00a4 0B       		.uleb128 0xb
 1175 00a5 01       		.byte	0x1
 1176 00a6 11       		.uleb128 0x11
 1177 00a7 01       		.uleb128 0x1
 1178 00a8 12       		.uleb128 0x12
 1179 00a9 06       		.uleb128 0x6
ARM GAS  C:\Users\CHRIST~1\AppData\Local\Temp\ccSxHeSF.s 			page 29


 1180 00aa 00       		.byte	0
 1181 00ab 00       		.byte	0
 1182 00ac 0E       		.uleb128 0xe
 1183 00ad 34       		.uleb128 0x34
 1184 00ae 00       		.byte	0
 1185 00af 03       		.uleb128 0x3
 1186 00b0 0E       		.uleb128 0xe
 1187 00b1 3A       		.uleb128 0x3a
 1188 00b2 0B       		.uleb128 0xb
 1189 00b3 3B       		.uleb128 0x3b
 1190 00b4 0B       		.uleb128 0xb
 1191 00b5 49       		.uleb128 0x49
 1192 00b6 13       		.uleb128 0x13
 1193 00b7 02       		.uleb128 0x2
 1194 00b8 17       		.uleb128 0x17
 1195 00b9 00       		.byte	0
 1196 00ba 00       		.byte	0
 1197 00bb 0F       		.uleb128 0xf
 1198 00bc 0F       		.uleb128 0xf
 1199 00bd 00       		.byte	0
 1200 00be 0B       		.uleb128 0xb
 1201 00bf 0B       		.uleb128 0xb
 1202 00c0 49       		.uleb128 0x49
 1203 00c1 13       		.uleb128 0x13
 1204 00c2 00       		.byte	0
 1205 00c3 00       		.byte	0
 1206 00c4 10       		.uleb128 0x10
 1207 00c5 26       		.uleb128 0x26
 1208 00c6 00       		.byte	0
 1209 00c7 49       		.uleb128 0x49
 1210 00c8 13       		.uleb128 0x13
 1211 00c9 00       		.byte	0
 1212 00ca 00       		.byte	0
 1213 00cb 11       		.uleb128 0x11
 1214 00cc 2E       		.uleb128 0x2e
 1215 00cd 00       		.byte	0
 1216 00ce 03       		.uleb128 0x3
 1217 00cf 0E       		.uleb128 0xe
 1218 00d0 3A       		.uleb128 0x3a
 1219 00d1 0B       		.uleb128 0xb
 1220 00d2 3B       		.uleb128 0x3b
 1221 00d3 05       		.uleb128 0x5
 1222 00d4 27       		.uleb128 0x27
 1223 00d5 19       		.uleb128 0x19
 1224 00d6 11       		.uleb128 0x11
 1225 00d7 01       		.uleb128 0x1
 1226 00d8 12       		.uleb128 0x12
 1227 00d9 06       		.uleb128 0x6
 1228 00da 40       		.uleb128 0x40
 1229 00db 18       		.uleb128 0x18
 1230 00dc 9742     		.uleb128 0x2117
 1231 00de 19       		.uleb128 0x19
 1232 00df 00       		.byte	0
 1233 00e0 00       		.byte	0
 1234 00e1 12       		.uleb128 0x12
 1235 00e2 05       		.uleb128 0x5
 1236 00e3 00       		.byte	0
ARM GAS  C:\Users\CHRIST~1\AppData\Local\Temp\ccSxHeSF.s 			page 30


 1237 00e4 03       		.uleb128 0x3
 1238 00e5 08       		.uleb128 0x8
 1239 00e6 3A       		.uleb128 0x3a
 1240 00e7 0B       		.uleb128 0xb
 1241 00e8 3B       		.uleb128 0x3b
 1242 00e9 0B       		.uleb128 0xb
 1243 00ea 49       		.uleb128 0x49
 1244 00eb 13       		.uleb128 0x13
 1245 00ec 02       		.uleb128 0x2
 1246 00ed 17       		.uleb128 0x17
 1247 00ee 00       		.byte	0
 1248 00ef 00       		.byte	0
 1249 00f0 13       		.uleb128 0x13
 1250 00f1 898201   		.uleb128 0x4109
 1251 00f4 01       		.byte	0x1
 1252 00f5 11       		.uleb128 0x11
 1253 00f6 01       		.uleb128 0x1
 1254 00f7 31       		.uleb128 0x31
 1255 00f8 13       		.uleb128 0x13
 1256 00f9 00       		.byte	0
 1257 00fa 00       		.byte	0
 1258 00fb 14       		.uleb128 0x14
 1259 00fc 8A8201   		.uleb128 0x410a
 1260 00ff 00       		.byte	0
 1261 0100 02       		.uleb128 0x2
 1262 0101 18       		.uleb128 0x18
 1263 0102 9142     		.uleb128 0x2111
 1264 0104 18       		.uleb128 0x18
 1265 0105 00       		.byte	0
 1266 0106 00       		.byte	0
 1267 0107 15       		.uleb128 0x15
 1268 0108 898201   		.uleb128 0x4109
 1269 010b 00       		.byte	0
 1270 010c 11       		.uleb128 0x11
 1271 010d 01       		.uleb128 0x1
 1272 010e 31       		.uleb128 0x31
 1273 010f 13       		.uleb128 0x13
 1274 0110 00       		.byte	0
 1275 0111 00       		.byte	0
 1276 0112 16       		.uleb128 0x16
 1277 0113 898201   		.uleb128 0x4109
 1278 0116 01       		.byte	0x1
 1279 0117 11       		.uleb128 0x11
 1280 0118 01       		.uleb128 0x1
 1281 0119 31       		.uleb128 0x31
 1282 011a 13       		.uleb128 0x13
 1283 011b 01       		.uleb128 0x1
 1284 011c 13       		.uleb128 0x13
 1285 011d 00       		.byte	0
 1286 011e 00       		.byte	0
 1287 011f 17       		.uleb128 0x17
 1288 0120 2E       		.uleb128 0x2e
 1289 0121 01       		.byte	0x1
 1290 0122 3F       		.uleb128 0x3f
 1291 0123 19       		.uleb128 0x19
 1292 0124 03       		.uleb128 0x3
 1293 0125 0E       		.uleb128 0xe
ARM GAS  C:\Users\CHRIST~1\AppData\Local\Temp\ccSxHeSF.s 			page 31


 1294 0126 3A       		.uleb128 0x3a
 1295 0127 0B       		.uleb128 0xb
 1296 0128 3B       		.uleb128 0x3b
 1297 0129 05       		.uleb128 0x5
 1298 012a 27       		.uleb128 0x27
 1299 012b 19       		.uleb128 0x19
 1300 012c 11       		.uleb128 0x11
 1301 012d 01       		.uleb128 0x1
 1302 012e 12       		.uleb128 0x12
 1303 012f 06       		.uleb128 0x6
 1304 0130 40       		.uleb128 0x40
 1305 0131 18       		.uleb128 0x18
 1306 0132 9742     		.uleb128 0x2117
 1307 0134 19       		.uleb128 0x19
 1308 0135 01       		.uleb128 0x1
 1309 0136 13       		.uleb128 0x13
 1310 0137 00       		.byte	0
 1311 0138 00       		.byte	0
 1312 0139 18       		.uleb128 0x18
 1313 013a 0B       		.uleb128 0xb
 1314 013b 01       		.byte	0x1
 1315 013c 11       		.uleb128 0x11
 1316 013d 01       		.uleb128 0x1
 1317 013e 12       		.uleb128 0x12
 1318 013f 06       		.uleb128 0x6
 1319 0140 01       		.uleb128 0x1
 1320 0141 13       		.uleb128 0x13
 1321 0142 00       		.byte	0
 1322 0143 00       		.byte	0
 1323 0144 19       		.uleb128 0x19
 1324 0145 34       		.uleb128 0x34
 1325 0146 00       		.byte	0
 1326 0147 03       		.uleb128 0x3
 1327 0148 0E       		.uleb128 0xe
 1328 0149 3A       		.uleb128 0x3a
 1329 014a 0B       		.uleb128 0xb
 1330 014b 3B       		.uleb128 0x3b
 1331 014c 05       		.uleb128 0x5
 1332 014d 49       		.uleb128 0x49
 1333 014e 13       		.uleb128 0x13
 1334 014f 02       		.uleb128 0x2
 1335 0150 18       		.uleb128 0x18
 1336 0151 00       		.byte	0
 1337 0152 00       		.byte	0
 1338 0153 1A       		.uleb128 0x1a
 1339 0154 13       		.uleb128 0x13
 1340 0155 01       		.byte	0x1
 1341 0156 0B       		.uleb128 0xb
 1342 0157 0B       		.uleb128 0xb
 1343 0158 3A       		.uleb128 0x3a
 1344 0159 0B       		.uleb128 0xb
 1345 015a 3B       		.uleb128 0x3b
 1346 015b 05       		.uleb128 0x5
 1347 015c 01       		.uleb128 0x1
 1348 015d 13       		.uleb128 0x13
 1349 015e 00       		.byte	0
 1350 015f 00       		.byte	0
ARM GAS  C:\Users\CHRIST~1\AppData\Local\Temp\ccSxHeSF.s 			page 32


 1351 0160 1B       		.uleb128 0x1b
 1352 0161 0D       		.uleb128 0xd
 1353 0162 00       		.byte	0
 1354 0163 03       		.uleb128 0x3
 1355 0164 0E       		.uleb128 0xe
 1356 0165 3A       		.uleb128 0x3a
 1357 0166 0B       		.uleb128 0xb
 1358 0167 3B       		.uleb128 0x3b
 1359 0168 05       		.uleb128 0x5
 1360 0169 49       		.uleb128 0x49
 1361 016a 13       		.uleb128 0x13
 1362 016b 38       		.uleb128 0x38
 1363 016c 0B       		.uleb128 0xb
 1364 016d 00       		.byte	0
 1365 016e 00       		.byte	0
 1366 016f 1C       		.uleb128 0x1c
 1367 0170 01       		.uleb128 0x1
 1368 0171 01       		.byte	0x1
 1369 0172 49       		.uleb128 0x49
 1370 0173 13       		.uleb128 0x13
 1371 0174 01       		.uleb128 0x1
 1372 0175 13       		.uleb128 0x13
 1373 0176 00       		.byte	0
 1374 0177 00       		.byte	0
 1375 0178 1D       		.uleb128 0x1d
 1376 0179 21       		.uleb128 0x21
 1377 017a 00       		.byte	0
 1378 017b 49       		.uleb128 0x49
 1379 017c 13       		.uleb128 0x13
 1380 017d 2F       		.uleb128 0x2f
 1381 017e 0B       		.uleb128 0xb
 1382 017f 00       		.byte	0
 1383 0180 00       		.byte	0
 1384 0181 1E       		.uleb128 0x1e
 1385 0182 34       		.uleb128 0x34
 1386 0183 00       		.byte	0
 1387 0184 03       		.uleb128 0x3
 1388 0185 08       		.uleb128 0x8
 1389 0186 3A       		.uleb128 0x3a
 1390 0187 0B       		.uleb128 0xb
 1391 0188 3B       		.uleb128 0x3b
 1392 0189 05       		.uleb128 0x5
 1393 018a 49       		.uleb128 0x49
 1394 018b 13       		.uleb128 0x13
 1395 018c 02       		.uleb128 0x2
 1396 018d 17       		.uleb128 0x17
 1397 018e 00       		.byte	0
 1398 018f 00       		.byte	0
 1399 0190 1F       		.uleb128 0x1f
 1400 0191 2E       		.uleb128 0x2e
 1401 0192 00       		.byte	0
 1402 0193 3F       		.uleb128 0x3f
 1403 0194 19       		.uleb128 0x19
 1404 0195 3C       		.uleb128 0x3c
 1405 0196 19       		.uleb128 0x19
 1406 0197 6E       		.uleb128 0x6e
 1407 0198 0E       		.uleb128 0xe
ARM GAS  C:\Users\CHRIST~1\AppData\Local\Temp\ccSxHeSF.s 			page 33


 1408 0199 03       		.uleb128 0x3
 1409 019a 0E       		.uleb128 0xe
 1410 019b 00       		.byte	0
 1411 019c 00       		.byte	0
 1412 019d 20       		.uleb128 0x20
 1413 019e 2E       		.uleb128 0x2e
 1414 019f 00       		.byte	0
 1415 01a0 3F       		.uleb128 0x3f
 1416 01a1 19       		.uleb128 0x19
 1417 01a2 3C       		.uleb128 0x3c
 1418 01a3 19       		.uleb128 0x19
 1419 01a4 6E       		.uleb128 0x6e
 1420 01a5 0E       		.uleb128 0xe
 1421 01a6 03       		.uleb128 0x3
 1422 01a7 0E       		.uleb128 0xe
 1423 01a8 3A       		.uleb128 0x3a
 1424 01a9 0B       		.uleb128 0xb
 1425 01aa 3B       		.uleb128 0x3b
 1426 01ab 0B       		.uleb128 0xb
 1427 01ac 00       		.byte	0
 1428 01ad 00       		.byte	0
 1429 01ae 00       		.byte	0
 1430              		.section	.debug_loc,"",%progbits
 1431              	.Ldebug_loc0:
 1432              	.LLST0:
 1433 0000 02000000 		.4byte	.LVL1
 1434 0004 08000000 		.4byte	.LVL2
 1435 0008 0200     		.2byte	0x2
 1436 000a 30       		.byte	0x30
 1437 000b 9F       		.byte	0x9f
 1438 000c 08000000 		.4byte	.LVL2
 1439 0010 30000000 		.4byte	.LVL11
 1440 0014 0100     		.2byte	0x1
 1441 0016 57       		.byte	0x57
 1442 0017 00000000 		.4byte	0
 1443 001b 00000000 		.4byte	0
 1444              	.LLST1:
 1445 001f 02000000 		.4byte	.LVL1
 1446 0023 08000000 		.4byte	.LVL2
 1447 0027 0200     		.2byte	0x2
 1448 0029 30       		.byte	0x30
 1449 002a 9F       		.byte	0x9f
 1450 002b 08000000 		.4byte	.LVL2
 1451 002f 30000000 		.4byte	.LVL10
 1452 0033 0100     		.2byte	0x1
 1453 0035 55       		.byte	0x55
 1454 0036 00000000 		.4byte	0
 1455 003a 00000000 		.4byte	0
 1456              	.LLST2:
 1457 003e 0C000000 		.4byte	.LVL3
 1458 0042 2C000000 		.4byte	.LVL9
 1459 0046 0100     		.2byte	0x1
 1460 0048 56       		.byte	0x56
 1461 0049 00000000 		.4byte	0
 1462 004d 00000000 		.4byte	0
 1463              	.LLST3:
 1464 0051 0E000000 		.4byte	.LVL4
ARM GAS  C:\Users\CHRIST~1\AppData\Local\Temp\ccSxHeSF.s 			page 34


 1465 0055 24000000 		.4byte	.LVL7
 1466 0059 0100     		.2byte	0x1
 1467 005b 53       		.byte	0x53
 1468 005c 26000000 		.4byte	.LVL8
 1469 0060 2C000000 		.4byte	.LVL9
 1470 0064 0100     		.2byte	0x1
 1471 0066 53       		.byte	0x53
 1472 0067 00000000 		.4byte	0
 1473 006b 00000000 		.4byte	0
 1474              	.LLST4:
 1475 006f 00000000 		.4byte	.LVL12
 1476 0073 09000000 		.4byte	.LVL14-1
 1477 0077 0100     		.2byte	0x1
 1478 0079 50       		.byte	0x50
 1479 007a 09000000 		.4byte	.LVL14-1
 1480 007e 0C000000 		.4byte	.LFE2
 1481 0082 0400     		.2byte	0x4
 1482 0084 F3       		.byte	0xf3
 1483 0085 01       		.uleb128 0x1
 1484 0086 50       		.byte	0x50
 1485 0087 9F       		.byte	0x9f
 1486 0088 00000000 		.4byte	0
 1487 008c 00000000 		.4byte	0
 1488              	.LLST5:
 1489 0090 00000000 		.4byte	.LVL12
 1490 0094 06000000 		.4byte	.LVL13
 1491 0098 0100     		.2byte	0x1
 1492 009a 51       		.byte	0x51
 1493 009b 06000000 		.4byte	.LVL13
 1494 009f 09000000 		.4byte	.LVL14-1
 1495 00a3 0100     		.2byte	0x1
 1496 00a5 52       		.byte	0x52
 1497 00a6 09000000 		.4byte	.LVL14-1
 1498 00aa 0C000000 		.4byte	.LFE2
 1499 00ae 0400     		.2byte	0x4
 1500 00b0 F3       		.byte	0xf3
 1501 00b1 01       		.uleb128 0x1
 1502 00b2 51       		.byte	0x51
 1503 00b3 9F       		.byte	0x9f
 1504 00b4 00000000 		.4byte	0
 1505 00b8 00000000 		.4byte	0
 1506              	.LLST6:
 1507 00bc E2000000 		.4byte	.LVL23
 1508 00c0 E6000000 		.4byte	.LVL24
 1509 00c4 0200     		.2byte	0x2
 1510 00c6 30       		.byte	0x30
 1511 00c7 9F       		.byte	0x9f
 1512 00c8 E6000000 		.4byte	.LVL24
 1513 00cc 04010000 		.4byte	.LVL26
 1514 00d0 0100     		.2byte	0x1
 1515 00d2 54       		.byte	0x54
 1516 00d3 06010000 		.4byte	.LVL27
 1517 00d7 64010000 		.4byte	.LVL31
 1518 00db 0100     		.2byte	0x1
 1519 00dd 54       		.byte	0x54
 1520 00de 00000000 		.4byte	0
 1521 00e2 00000000 		.4byte	0
ARM GAS  C:\Users\CHRIST~1\AppData\Local\Temp\ccSxHeSF.s 			page 35


 1522              	.LLST7:
 1523 00e6 E6000000 		.4byte	.LVL24
 1524 00ea 04010000 		.4byte	.LVL26
 1525 00ee 0B00     		.2byte	0xb
 1526 00f0 74       		.byte	0x74
 1527 00f1 00       		.sleb128 0
 1528 00f2 36       		.byte	0x36
 1529 00f3 1E       		.byte	0x1e
 1530 00f4 03       		.byte	0x3
 1531 00f5 00000000 		.4byte	cfg_memset_list.4907
 1532 00f9 22       		.byte	0x22
 1533 00fa 9F       		.byte	0x9f
 1534 00fb 04010000 		.4byte	.LVL26
 1535 00ff 06010000 		.4byte	.LVL27
 1536 0103 0B00     		.2byte	0xb
 1537 0105 74       		.byte	0x74
 1538 0106 7F       		.sleb128 -1
 1539 0107 36       		.byte	0x36
 1540 0108 1E       		.byte	0x1e
 1541 0109 03       		.byte	0x3
 1542 010a 00000000 		.4byte	cfg_memset_list.4907
 1543 010e 22       		.byte	0x22
 1544 010f 9F       		.byte	0x9f
 1545 0110 00000000 		.4byte	0
 1546 0114 00000000 		.4byte	0
 1547              		.section	.debug_aranges,"",%progbits
 1548 0000 3C000000 		.4byte	0x3c
 1549 0004 0200     		.2byte	0x2
 1550 0006 00000000 		.4byte	.Ldebug_info0
 1551 000a 04       		.byte	0x4
 1552 000b 00       		.byte	0
 1553 000c 0000     		.2byte	0
 1554 000e 0000     		.2byte	0
 1555 0010 00000000 		.4byte	.LFB5
 1556 0014 32000000 		.4byte	.LFE5-.LFB5
 1557 0018 00000000 		.4byte	.LFB7
 1558 001c 20000000 		.4byte	.LFE7-.LFB7
 1559 0020 00000000 		.4byte	.LFB2
 1560 0024 0C000000 		.4byte	.LFE2-.LFB2
 1561 0028 00000000 		.4byte	.LFB6
 1562 002c D8000000 		.4byte	.LFE6-.LFB6
 1563 0030 D8000000 		.4byte	.LFB8
 1564 0034 CC000000 		.4byte	.LFE8-.LFB8
 1565 0038 00000000 		.4byte	0
 1566 003c 00000000 		.4byte	0
 1567              		.section	.debug_ranges,"",%progbits
 1568              	.Ldebug_ranges0:
 1569 0000 00000000 		.4byte	.LFB5
 1570 0004 32000000 		.4byte	.LFE5
 1571 0008 00000000 		.4byte	.LFB7
 1572 000c 20000000 		.4byte	.LFE7
 1573 0010 00000000 		.4byte	.LFB2
 1574 0014 0C000000 		.4byte	.LFE2
 1575 0018 00000000 		.4byte	.LFB6
 1576 001c D8000000 		.4byte	.LFE6
 1577 0020 D8000000 		.4byte	.LFB8
 1578 0024 A4010000 		.4byte	.LFE8
ARM GAS  C:\Users\CHRIST~1\AppData\Local\Temp\ccSxHeSF.s 			page 36


 1579 0028 00000000 		.4byte	0
 1580 002c 00000000 		.4byte	0
 1581              		.section	.debug_line,"",%progbits
 1582              	.Ldebug_line0:
 1583 0000 87010000 		.section	.debug_str,"MS",%progbits,1
 1583      0200E300 
 1583      00000201 
 1583      FB0E0D00 
 1583      01010101 
 1584              	.LASF37:
 1585 0000 43794465 		.ascii	"CyDelayCycles\000"
 1585      6C617943 
 1585      79636C65 
 1585      7300
 1586              	.LASF19:
 1587 000e 72656733 		.ascii	"reg32\000"
 1587      3200
 1588              	.LASF12:
 1589 0014 73697A65 		.ascii	"size_t\000"
 1589      5F7400
 1590              	.LASF47:
 1591 001b 416E616C 		.ascii	"AnalogSetDefault\000"
 1591      6F675365 
 1591      74446566 
 1591      61756C74 
 1591      00
 1592              	.LASF42:
 1593 002c 4379496E 		.ascii	"CyIntSetVector\000"
 1593      74536574 
 1593      56656374 
 1593      6F7200
 1594              	.LASF21:
 1595 003b 76616C75 		.ascii	"value\000"
 1595      6500
 1596              	.LASF26:
 1597 0041 636F756E 		.ascii	"count\000"
 1597      7400
 1598              	.LASF29:
 1599 0047 436C6F63 		.ascii	"ClockSetup\000"
 1599      6B536574 
 1599      757000
 1600              	.LASF30:
 1601 0052 63795F63 		.ascii	"cy_cfg_addr_table\000"
 1601      66675F61 
 1601      6464725F 
 1601      7461626C 
 1601      6500
 1602              	.LASF31:
 1603 0064 63795F63 		.ascii	"cy_cfg_data_table\000"
 1603      66675F64 
 1603      6174615F 
 1603      7461626C 
 1603      6500
 1604              	.LASF16:
 1605 0076 666C6F61 		.ascii	"float\000"
 1605      7400
 1606              	.LASF35:
ARM GAS  C:\Users\CHRIST~1\AppData\Local\Temp\ccSxHeSF.s 			page 37


 1607 007c 6366675F 		.ascii	"cfg_memset_list\000"
 1607      6D656D73 
 1607      65745F6C 
 1607      69737400 
 1608              	.LASF33:
 1609 008c 73697A65 		.ascii	"size\000"
 1609      00
 1610              	.LASF38:
 1611 0091 43795379 		.ascii	"CySysClkWcoSetPowerMode\000"
 1611      73436C6B 
 1611      57636F53 
 1611      6574506F 
 1611      7765724D 
 1612              	.LASF18:
 1613 00a9 72656738 		.ascii	"reg8\000"
 1613      00
 1614              	.LASF8:
 1615 00ae 6C6F6E67 		.ascii	"long unsigned int\000"
 1615      20756E73 
 1615      69676E65 
 1615      6420696E 
 1615      7400
 1616              	.LASF13:
 1617 00c0 75696E74 		.ascii	"uint8\000"
 1617      3800
 1618              	.LASF46:
 1619 00c6 433A5C55 		.ascii	"C:\\Users\\Christoph Clement\\Dropbox\\Dokumente\\S"
 1619      73657273 
 1619      5C436872 
 1619      6973746F 
 1619      70682043 
 1620 00f4 74756469 		.ascii	"tudium\\6. Semester\\IN8014 Embedded Systems\\PSoC\\"
 1620      756D5C36 
 1620      2E205365 
 1620      6D657374 
 1620      65725C49 
 1621 0124 47726565 		.ascii	"Greengarden\\Greengarden\\Greengarden.cydsn\000"
 1621      6E676172 
 1621      64656E5C 
 1621      47726565 
 1621      6E676172 
 1622              	.LASF36:
 1623 014e 43795379 		.ascii	"CySysClkWcoStart\000"
 1623      73436C6B 
 1623      57636F53 
 1623      74617274 
 1623      00
 1624              	.LASF28:
 1625 015f 43594D45 		.ascii	"CYMEMZERO\000"
 1625      4D5A4552 
 1625      4F00
 1626              	.LASF4:
 1627 0169 756E7369 		.ascii	"unsigned char\000"
 1627      676E6564 
 1627      20636861 
 1627      7200
 1628              	.LASF49:
ARM GAS  C:\Users\CHRIST~1\AppData\Local\Temp\ccSxHeSF.s 			page 38


 1629 0177 6D656D73 		.ascii	"memset\000"
 1629      657400
 1630              	.LASF17:
 1631 017e 646F7562 		.ascii	"double\000"
 1631      6C6500
 1632              	.LASF27:
 1633 0185 6366675F 		.ascii	"cfg_write_bytes32\000"
 1633      77726974 
 1633      655F6279 
 1633      74657333 
 1633      3200
 1634              	.LASF43:
 1635 0197 4379496E 		.ascii	"CyIntEnable\000"
 1635      74456E61 
 1635      626C6500 
 1636              	.LASF23:
 1637 01a3 61646472 		.ascii	"addr_table\000"
 1637      5F746162 
 1637      6C6500
 1638              	.LASF14:
 1639 01ae 75696E74 		.ascii	"uint16\000"
 1639      313600
 1640              	.LASF24:
 1641 01b5 64617461 		.ascii	"data_table\000"
 1641      5F746162 
 1641      6C6500
 1642              	.LASF15:
 1643 01c0 75696E74 		.ascii	"uint32\000"
 1643      333200
 1644              	.LASF0:
 1645 01c7 756E7369 		.ascii	"unsigned int\000"
 1645      676E6564 
 1645      20696E74 
 1645      00
 1646              	.LASF48:
 1647 01d4 63796669 		.ascii	"cyfitter_cfg\000"
 1647      74746572 
 1647      5F636667 
 1647      00
 1648              	.LASF32:
 1649 01e1 61646472 		.ascii	"address\000"
 1649      65737300 
 1650              	.LASF9:
 1651 01e9 6C6F6E67 		.ascii	"long long unsigned int\000"
 1651      206C6F6E 
 1651      6720756E 
 1651      7369676E 
 1651      65642069 
 1652              	.LASF44:
 1653 0200 474E5520 		.ascii	"GNU C11 5.4.1 20160609 (release) [ARM/embedded-5-br"
 1653      43313120 
 1653      352E342E 
 1653      31203230 
 1653      31363036 
 1654 0233 616E6368 		.ascii	"anch revision 237715] -mcpu=cortex-m0 -mthumb -g -O"
 1654      20726576 
 1654      6973696F 
ARM GAS  C:\Users\CHRIST~1\AppData\Local\Temp\ccSxHeSF.s 			page 39


 1654      6E203233 
 1654      37373135 
 1655 0266 67202D66 		.ascii	"g -ffunction-sections -ffat-lto-objects\000"
 1655      66756E63 
 1655      74696F6E 
 1655      2D736563 
 1655      74696F6E 
 1656              	.LASF34:
 1657 028e 6366675F 		.ascii	"cfg_memset_t\000"
 1657      6D656D73 
 1657      65745F74 
 1657      00
 1658              	.LASF25:
 1659 029b 62617365 		.ascii	"baseAddr\000"
 1659      41646472 
 1659      00
 1660              	.LASF10:
 1661 02a4 73697A65 		.ascii	"sizetype\000"
 1661      74797065 
 1661      00
 1662              	.LASF6:
 1663 02ad 73686F72 		.ascii	"short unsigned int\000"
 1663      7420756E 
 1663      7369676E 
 1663      65642069 
 1663      6E7400
 1664              	.LASF1:
 1665 02c0 6C6F6E67 		.ascii	"long long int\000"
 1665      206C6F6E 
 1665      6720696E 
 1665      7400
 1666              	.LASF41:
 1667 02ce 43794465 		.ascii	"CyDelayUs\000"
 1667      6C617955 
 1667      7300
 1668              	.LASF11:
 1669 02d8 63686172 		.ascii	"char\000"
 1669      00
 1670              	.LASF40:
 1671 02dd 43795379 		.ascii	"CySysClkEcoStart\000"
 1671      73436C6B 
 1671      45636F53 
 1671      74617274 
 1671      00
 1672              	.LASF22:
 1673 02ee 63795F63 		.ascii	"cy_cfg_addrvalue_t\000"
 1673      66675F61 
 1673      64647276 
 1673      616C7565 
 1673      5F7400
 1674              	.LASF20:
 1675 0301 6F666673 		.ascii	"offset\000"
 1675      657400
 1676              	.LASF5:
 1677 0308 73686F72 		.ascii	"short int\000"
 1677      7420696E 
 1677      7400
ARM GAS  C:\Users\CHRIST~1\AppData\Local\Temp\ccSxHeSF.s 			page 40


 1678              	.LASF39:
 1679 0312 43795379 		.ascii	"CySysClkWriteImoFreq\000"
 1679      73436C6B 
 1679      57726974 
 1679      65496D6F 
 1679      46726571 
 1680              	.LASF7:
 1681 0327 6C6F6E67 		.ascii	"long int\000"
 1681      20696E74 
 1681      00
 1682              	.LASF2:
 1683 0330 6C6F6E67 		.ascii	"long double\000"
 1683      20646F75 
 1683      626C6500 
 1684              	.LASF3:
 1685 033c 7369676E 		.ascii	"signed char\000"
 1685      65642063 
 1685      68617200 
 1686              	.LASF45:
 1687 0348 47656E65 		.ascii	"Generated_Source\\PSoC4\\cyfitter_cfg.c\000"
 1687      72617465 
 1687      645F536F 
 1687      75726365 
 1687      5C50536F 
 1688              		.ident	"GCC: (GNU Tools for ARM Embedded Processors) 5.4.1 20160609 (release) [ARM/embedded-5-bran
