Archive member included to satisfy reference by file (symbol)

.\CortexM0\ARM_GCC_541\Debug\Greengarden.a(CyLib.o)
                              .\CortexM0\ARM_GCC_541\Debug\cyfitter_cfg.o (CySysClkWriteImoFreq)
.\CortexM0\ARM_GCC_541\Debug\Greengarden.a(CyLFClk.o)
                              .\CortexM0\ARM_GCC_541\Debug\cyfitter_cfg.o (CySysClkWcoStart)
.\CortexM0\ARM_GCC_541\Debug\Greengarden.a(UART.o)
                              .\CortexM0\ARM_GCC_541\Debug\main.o (UART_Start)
.\CortexM0\ARM_GCC_541\Debug\Greengarden.a(UART_UART.o)
                              .\CortexM0\ARM_GCC_541\Debug\Greengarden.a(UART.o) (UART_UartInit)
.\CortexM0\ARM_GCC_541\Debug\Greengarden.a(Pin_Moisture_Sensor.o)
                              .\CortexM0\ARM_GCC_541\Debug\main.o (Pin_Moisture_Sensor_Read)
.\CortexM0\ARM_GCC_541\Debug\Greengarden.a(CyBootAsmGnu.o)
                              .\CortexM0\ARM_GCC_541\Debug\cyfitter_cfg.o (CyDelayCycles)
.\CortexM0\ARM_GCC_541\Debug\Greengarden.a(UART_SPI_UART.o)
                              .\CortexM0\ARM_GCC_541\Debug\Greengarden.a(UART_UART.o) (UART_SpiUartReadRxData)
c:/program files (x86)/cypress/psoc creator/4.1/psoc creator/import/gnu/arm/5.4.1/bin/../lib/gcc/arm-none-eabi/5.4.1/armv6-m\libgcc.a(_udivsi3.o)
                              .\CortexM0\ARM_GCC_541\Debug\Greengarden.a(CyLib.o) (__aeabi_uidiv)
c:/program files (x86)/cypress/psoc creator/4.1/psoc creator/import/gnu/arm/5.4.1/bin/../lib/gcc/arm-none-eabi/5.4.1/armv6-m\libgcc.a(_divsi3.o)
                              .\CortexM0\ARM_GCC_541\Debug\Greengarden.a(CyLFClk.o) (__aeabi_idiv)
c:/program files (x86)/cypress/psoc creator/4.1/psoc creator/import/gnu/arm/5.4.1/bin/../lib/gcc/arm-none-eabi/5.4.1/armv6-m\libgcc.a(_dvmd_tls.o)
                              c:/program files (x86)/cypress/psoc creator/4.1/psoc creator/import/gnu/arm/5.4.1/bin/../lib/gcc/arm-none-eabi/5.4.1/armv6-m\libgcc.a(_udivsi3.o) (__aeabi_idiv0)
c:/program files (x86)/cypress/psoc creator/4.1/psoc creator/import/gnu/arm/5.4.1/bin/../lib/gcc/arm-none-eabi/5.4.1/../../../../arm-none-eabi/lib/armv6-m\libg_nano.a(lib_a-errno.o)
                              .\CortexM0\ARM_GCC_541\Debug\Cm0Start.o (__errno)
c:/program files (x86)/cypress/psoc creator/4.1/psoc creator/import/gnu/arm/5.4.1/bin/../lib/gcc/arm-none-eabi/5.4.1/../../../../arm-none-eabi/lib/armv6-m\libg_nano.a(lib_a-exit.o)
                              c:/program files (x86)/cypress/psoc creator/4.1/psoc creator/import/gnu/arm/5.4.1/bin/../lib/gcc/arm-none-eabi/5.4.1/../../../../arm-none-eabi/lib/armv6-m/crt0.o (exit)
c:/program files (x86)/cypress/psoc creator/4.1/psoc creator/import/gnu/arm/5.4.1/bin/../lib/gcc/arm-none-eabi/5.4.1/../../../../arm-none-eabi/lib/armv6-m\libg_nano.a(lib_a-impure.o)
                              c:/program files (x86)/cypress/psoc creator/4.1/psoc creator/import/gnu/arm/5.4.1/bin/../lib/gcc/arm-none-eabi/5.4.1/../../../../arm-none-eabi/lib/armv6-m\libg_nano.a(lib_a-exit.o) (_global_impure_ptr)
c:/program files (x86)/cypress/psoc creator/4.1/psoc creator/import/gnu/arm/5.4.1/bin/../lib/gcc/arm-none-eabi/5.4.1/../../../../arm-none-eabi/lib/armv6-m\libg_nano.a(lib_a-init.o)
                              c:/program files (x86)/cypress/psoc creator/4.1/psoc creator/import/gnu/arm/5.4.1/bin/../lib/gcc/arm-none-eabi/5.4.1/../../../../arm-none-eabi/lib/armv6-m/crt0.o (__libc_init_array)
c:/program files (x86)/cypress/psoc creator/4.1/psoc creator/import/gnu/arm/5.4.1/bin/../lib/gcc/arm-none-eabi/5.4.1/../../../../arm-none-eabi/lib/armv6-m\libg_nano.a(lib_a-memset.o)
                              c:/program files (x86)/cypress/psoc creator/4.1/psoc creator/import/gnu/arm/5.4.1/bin/../lib/gcc/arm-none-eabi/5.4.1/../../../../arm-none-eabi/lib/armv6-m/crt0.o (memset)
c:/program files (x86)/cypress/psoc creator/4.1/psoc creator/import/gnu/arm/5.4.1/bin/../lib/gcc/arm-none-eabi/5.4.1/../../../../arm-none-eabi/lib/armv6-m\libg_nano.a(lib_a-sprintf.o)
                              .\CortexM0\ARM_GCC_541\Debug\main.o (sprintf)
c:/program files (x86)/cypress/psoc creator/4.1/psoc creator/import/gnu/arm/5.4.1/bin/../lib/gcc/arm-none-eabi/5.4.1/../../../../arm-none-eabi/lib/armv6-m\libg_nano.a(lib_a-nano-svfprintf.o)
                              c:/program files (x86)/cypress/psoc creator/4.1/psoc creator/import/gnu/arm/5.4.1/bin/../lib/gcc/arm-none-eabi/5.4.1/../../../../arm-none-eabi/lib/armv6-m\libg_nano.a(lib_a-sprintf.o) (_svfprintf_r)
c:/program files (x86)/cypress/psoc creator/4.1/psoc creator/import/gnu/arm/5.4.1/bin/../lib/gcc/arm-none-eabi/5.4.1/../../../../arm-none-eabi/lib/armv6-m\libg_nano.a(lib_a-nano-vfprintf_i.o)
                              c:/program files (x86)/cypress/psoc creator/4.1/psoc creator/import/gnu/arm/5.4.1/bin/../lib/gcc/arm-none-eabi/5.4.1/../../../../arm-none-eabi/lib/armv6-m\libg_nano.a(lib_a-nano-svfprintf.o) (_printf_i)
c:/program files (x86)/cypress/psoc creator/4.1/psoc creator/import/gnu/arm/5.4.1/bin/../lib/gcc/arm-none-eabi/5.4.1/../../../../arm-none-eabi/lib/armv6-m\libg_nano.a(lib_a-memchr-stub.o)
                              c:/program files (x86)/cypress/psoc creator/4.1/psoc creator/import/gnu/arm/5.4.1/bin/../lib/gcc/arm-none-eabi/5.4.1/../../../../arm-none-eabi/lib/armv6-m\libg_nano.a(lib_a-nano-svfprintf.o) (memchr)
c:/program files (x86)/cypress/psoc creator/4.1/psoc creator/import/gnu/arm/5.4.1/bin/../lib/gcc/arm-none-eabi/5.4.1/../../../../arm-none-eabi/lib/armv6-m\libg_nano.a(lib_a-memcpy-stub.o)
                              c:/program files (x86)/cypress/psoc creator/4.1/psoc creator/import/gnu/arm/5.4.1/bin/../lib/gcc/arm-none-eabi/5.4.1/../../../../arm-none-eabi/lib/armv6-m\libg_nano.a(lib_a-nano-svfprintf.o) (memcpy)
c:/program files (x86)/cypress/psoc creator/4.1/psoc creator/import/gnu/arm/5.4.1/bin/../lib/gcc/arm-none-eabi/5.4.1/../../../../arm-none-eabi/lib/armv6-m\libg_nano.a(lib_a-memmove.o)
                              c:/program files (x86)/cypress/psoc creator/4.1/psoc creator/import/gnu/arm/5.4.1/bin/../lib/gcc/arm-none-eabi/5.4.1/../../../../arm-none-eabi/lib/armv6-m\libg_nano.a(lib_a-nano-svfprintf.o) (memmove)
c:/program files (x86)/cypress/psoc creator/4.1/psoc creator/import/gnu/arm/5.4.1/bin/../lib/gcc/arm-none-eabi/5.4.1/../../../../arm-none-eabi/lib/armv6-m\libg_nano.a(lib_a-nano-freer.o)
                              c:/program files (x86)/cypress/psoc creator/4.1/psoc creator/import/gnu/arm/5.4.1/bin/../lib/gcc/arm-none-eabi/5.4.1/../../../../arm-none-eabi/lib/armv6-m\libg_nano.a(lib_a-nano-svfprintf.o) (_free_r)
c:/program files (x86)/cypress/psoc creator/4.1/psoc creator/import/gnu/arm/5.4.1/bin/../lib/gcc/arm-none-eabi/5.4.1/../../../../arm-none-eabi/lib/armv6-m\libg_nano.a(lib_a-nano-mallocr.o)
                              c:/program files (x86)/cypress/psoc creator/4.1/psoc creator/import/gnu/arm/5.4.1/bin/../lib/gcc/arm-none-eabi/5.4.1/../../../../arm-none-eabi/lib/armv6-m\libg_nano.a(lib_a-nano-svfprintf.o) (_malloc_r)
c:/program files (x86)/cypress/psoc creator/4.1/psoc creator/import/gnu/arm/5.4.1/bin/../lib/gcc/arm-none-eabi/5.4.1/../../../../arm-none-eabi/lib/armv6-m\libg_nano.a(lib_a-nano-reallocr.o)
                              c:/program files (x86)/cypress/psoc creator/4.1/psoc creator/import/gnu/arm/5.4.1/bin/../lib/gcc/arm-none-eabi/5.4.1/../../../../arm-none-eabi/lib/armv6-m\libg_nano.a(lib_a-nano-svfprintf.o) (_realloc_r)
c:/program files (x86)/cypress/psoc creator/4.1/psoc creator/import/gnu/arm/5.4.1/bin/../lib/gcc/arm-none-eabi/5.4.1/../../../../arm-none-eabi/lib/armv6-m\libg_nano.a(lib_a-sbrkr.o)
                              c:/program files (x86)/cypress/psoc creator/4.1/psoc creator/import/gnu/arm/5.4.1/bin/../lib/gcc/arm-none-eabi/5.4.1/../../../../arm-none-eabi/lib/armv6-m\libg_nano.a(lib_a-nano-mallocr.o) (_sbrk_r)
c:/program files (x86)/cypress/psoc creator/4.1/psoc creator/import/gnu/arm/5.4.1/bin/../lib/gcc/arm-none-eabi/5.4.1/../../../../arm-none-eabi/lib/armv6-m\libg_nano.a(lib_a-mlock.o)
                              c:/program files (x86)/cypress/psoc creator/4.1/psoc creator/import/gnu/arm/5.4.1/bin/../lib/gcc/arm-none-eabi/5.4.1/../../../../arm-none-eabi/lib/armv6-m\libg_nano.a(lib_a-nano-freer.o) (__malloc_lock)
c:/program files (x86)/cypress/psoc creator/4.1/psoc creator/import/gnu/arm/5.4.1/bin/../lib/gcc/arm-none-eabi/5.4.1/../../../../arm-none-eabi/lib/armv6-m\libg_nano.a(lib_a-nano-msizer.o)
                              c:/program files (x86)/cypress/psoc creator/4.1/psoc creator/import/gnu/arm/5.4.1/bin/../lib/gcc/arm-none-eabi/5.4.1/../../../../arm-none-eabi/lib/armv6-m\libg_nano.a(lib_a-nano-reallocr.o) (_malloc_usable_size_r)
c:/program files (x86)/cypress/psoc creator/4.1/psoc creator/import/gnu/arm/5.4.1/bin/../lib/gcc/arm-none-eabi/5.4.1/../../../../arm-none-eabi/lib/armv6-m\libg_nano.a(lib_a-reent.o)
                              c:/program files (x86)/cypress/psoc creator/4.1/psoc creator/import/gnu/arm/5.4.1/bin/../lib/gcc/arm-none-eabi/5.4.1/../../../../arm-none-eabi/lib/armv6-m\libg_nano.a(lib_a-sbrkr.o) (errno)

Allocating common symbols
Common symbol       size              file

errno               0x4               c:/program files (x86)/cypress/psoc creator/4.1/psoc creator/import/gnu/arm/5.4.1/bin/../lib/gcc/arm-none-eabi/5.4.1/../../../../arm-none-eabi/lib/armv6-m\libg_nano.a(lib_a-reent.o)

Discarded input sections

 .text          0x00000000        0x0 c:/program files (x86)/cypress/psoc creator/4.1/psoc creator/import/gnu/arm/5.4.1/bin/../lib/gcc/arm-none-eabi/5.4.1/armv6-m/crti.o
 .data          0x00000000        0x0 c:/program files (x86)/cypress/psoc creator/4.1/psoc creator/import/gnu/arm/5.4.1/bin/../lib/gcc/arm-none-eabi/5.4.1/armv6-m/crti.o
 .bss           0x00000000        0x0 c:/program files (x86)/cypress/psoc creator/4.1/psoc creator/import/gnu/arm/5.4.1/bin/../lib/gcc/arm-none-eabi/5.4.1/armv6-m/crti.o
 .data          0x00000000        0x4 c:/program files (x86)/cypress/psoc creator/4.1/psoc creator/import/gnu/arm/5.4.1/bin/../lib/gcc/arm-none-eabi/5.4.1/armv6-m/crtbegin.o
 .text          0x00000000       0x78 c:/program files (x86)/cypress/psoc creator/4.1/psoc creator/import/gnu/arm/5.4.1/bin/../lib/gcc/arm-none-eabi/5.4.1/../../../../arm-none-eabi/lib/armv6-m/crt0.o
 .data          0x00000000        0x0 c:/program files (x86)/cypress/psoc creator/4.1/psoc creator/import/gnu/arm/5.4.1/bin/../lib/gcc/arm-none-eabi/5.4.1/../../../../arm-none-eabi/lib/armv6-m/crt0.o
 .bss           0x00000000        0x0 c:/program files (x86)/cypress/psoc creator/4.1/psoc creator/import/gnu/arm/5.4.1/bin/../lib/gcc/arm-none-eabi/5.4.1/../../../../arm-none-eabi/lib/armv6-m/crt0.o
 .ARM.extab     0x00000000        0x0 c:/program files (x86)/cypress/psoc creator/4.1/psoc creator/import/gnu/arm/5.4.1/bin/../lib/gcc/arm-none-eabi/5.4.1/../../../../arm-none-eabi/lib/armv6-m/crt0.o
 .ARM.exidx     0x00000000        0x8 c:/program files (x86)/cypress/psoc creator/4.1/psoc creator/import/gnu/arm/5.4.1/bin/../lib/gcc/arm-none-eabi/5.4.1/../../../../arm-none-eabi/lib/armv6-m/crt0.o
 .text          0x00000000        0x0 .\CortexM0\ARM_GCC_541\Debug\main.o
 .data          0x00000000        0x0 .\CortexM0\ARM_GCC_541\Debug\main.o
 .bss           0x00000000        0x0 .\CortexM0\ARM_GCC_541\Debug\main.o
 .text          0x00000000        0x0 .\CortexM0\ARM_GCC_541\Debug\cyfitter_cfg.o
 .data          0x00000000        0x0 .\CortexM0\ARM_GCC_541\Debug\cyfitter_cfg.o
 .bss           0x00000000        0x0 .\CortexM0\ARM_GCC_541\Debug\cyfitter_cfg.o
 .text          0x00000000        0x0 .\CortexM0\ARM_GCC_541\Debug\cymetadata.o
 .data          0x00000000        0x0 .\CortexM0\ARM_GCC_541\Debug\cymetadata.o
 .bss           0x00000000        0x0 .\CortexM0\ARM_GCC_541\Debug\cymetadata.o
 .text          0x00000000        0x0 .\CortexM0\ARM_GCC_541\Debug\Cm0Start.o
 .bss           0x00000000        0x0 .\CortexM0\ARM_GCC_541\Debug\Cm0Start.o
 .text._exit    0x00000000        0xc .\CortexM0\ARM_GCC_541\Debug\Cm0Start.o
 .text          0x00000000        0x0 .\CortexM0\ARM_GCC_541\Debug\Greengarden.a(CyLib.o)
 .bss           0x00000000       0x18 .\CortexM0\ARM_GCC_541\Debug\Greengarden.a(CyLib.o)
 .text.CySysClkImoStart
                0x00000000       0x14 .\CortexM0\ARM_GCC_541\Debug\Greengarden.a(CyLib.o)
 .text.CySysClkImoStop
                0x00000000       0x10 .\CortexM0\ARM_GCC_541\Debug\Greengarden.a(CyLib.o)
 .text.CySysClkWriteHfclkDirect
                0x00000000       0x20 .\CortexM0\ARM_GCC_541\Debug\Greengarden.a(CyLib.o)
 .text.CySysEnablePumpClock
                0x00000000       0x38 .\CortexM0\ARM_GCC_541\Debug\Greengarden.a(CyLib.o)
 .text.CySysClkGetSysclkSource
                0x00000000       0x1c .\CortexM0\ARM_GCC_541\Debug\Greengarden.a(CyLib.o)
 .text.CySysClkWriteSysclkDiv
                0x00000000       0x30 .\CortexM0\ARM_GCC_541\Debug\Greengarden.a(CyLib.o)
 .text.CySysClkEcoStop
                0x00000000       0x24 .\CortexM0\ARM_GCC_541\Debug\Greengarden.a(CyLib.o)
 .text.CySysLvdDisable
                0x00000000       0x20 .\CortexM0\ARM_GCC_541\Debug\Greengarden.a(CyLib.o)
 .text.CySysLvdGetInterruptSource
                0x00000000       0x10 .\CortexM0\ARM_GCC_541\Debug\Greengarden.a(CyLib.o)
 .text.CySysLvdClearInterrupt
                0x00000000        0xc .\CortexM0\ARM_GCC_541\Debug\Greengarden.a(CyLib.o)
 .text.CySysGetResetReason
                0x00000000       0x14 .\CortexM0\ARM_GCC_541\Debug\Greengarden.a(CyLib.o)
 .text.CyDisableInts
                0x00000000       0x10 .\CortexM0\ARM_GCC_541\Debug\Greengarden.a(CyLib.o)
 .text.CyEnableInts
                0x00000000        0xc .\CortexM0\ARM_GCC_541\Debug\Greengarden.a(CyLib.o)
 .text.CyIntGetState
                0x00000000       0x18 .\CortexM0\ARM_GCC_541\Debug\Greengarden.a(CyLib.o)
 .text.CyIntDisable
                0x00000000       0x14 .\CortexM0\ARM_GCC_541\Debug\Greengarden.a(CyLib.o)
 .text.CyIntSetPending
                0x00000000       0x14 .\CortexM0\ARM_GCC_541\Debug\Greengarden.a(CyLib.o)
 .text.CyIntClearPending
                0x00000000       0x14 .\CortexM0\ARM_GCC_541\Debug\Greengarden.a(CyLib.o)
 .text.CySysClkWriteEcoDiv
                0x00000000       0x38 .\CortexM0\ARM_GCC_541\Debug\Greengarden.a(CyLib.o)
 .text.CyIntSetSysVector
                0x00000000       0x20 .\CortexM0\ARM_GCC_541\Debug\Greengarden.a(CyLib.o)
 .text.CyIntGetSysVector
                0x00000000       0x1c .\CortexM0\ARM_GCC_541\Debug\Greengarden.a(CyLib.o)
 .text.CyIntGetVector
                0x00000000       0x20 .\CortexM0\ARM_GCC_541\Debug\Greengarden.a(CyLib.o)
 .text.CyIntSetPriority
                0x00000000       0x4c .\CortexM0\ARM_GCC_541\Debug\Greengarden.a(CyLib.o)
 .text.CyIntGetPriority
                0x00000000       0x2c .\CortexM0\ARM_GCC_541\Debug\Greengarden.a(CyLib.o)
 .text.CySoftwareReset
                0x00000000       0x18 .\CortexM0\ARM_GCC_541\Debug\Greengarden.a(CyLib.o)
 .text.CySysLvdEnable
                0x00000000       0x44 .\CortexM0\ARM_GCC_541\Debug\Greengarden.a(CyLib.o)
 .text.CyDelayFreq
                0x00000000       0x4c .\CortexM0\ARM_GCC_541\Debug\Greengarden.a(CyLib.o)
 .text.CySysTickStop
                0x00000000       0x10 .\CortexM0\ARM_GCC_541\Debug\Greengarden.a(CyLib.o)
 .text.CySysTickEnableInterrupt
                0x00000000       0x10 .\CortexM0\ARM_GCC_541\Debug\Greengarden.a(CyLib.o)
 .text.CySysTickEnable
                0x00000000       0x18 .\CortexM0\ARM_GCC_541\Debug\Greengarden.a(CyLib.o)
 .text.CySysTickDisableInterrupt
                0x00000000       0x10 .\CortexM0\ARM_GCC_541\Debug\Greengarden.a(CyLib.o)
 .text.CySysTickSetReload
                0x00000000       0x10 .\CortexM0\ARM_GCC_541\Debug\Greengarden.a(CyLib.o)
 .text.CySysTickGetReload
                0x00000000       0x10 .\CortexM0\ARM_GCC_541\Debug\Greengarden.a(CyLib.o)
 .text.CySysTickGetValue
                0x00000000       0x10 .\CortexM0\ARM_GCC_541\Debug\Greengarden.a(CyLib.o)
 .text.CySysTickSetClockSource
                0x00000000       0x20 .\CortexM0\ARM_GCC_541\Debug\Greengarden.a(CyLib.o)
 .text.CySysTickGetClockSource
                0x00000000       0x10 .\CortexM0\ARM_GCC_541\Debug\Greengarden.a(CyLib.o)
 .text.CySysTickGetCountFlag
                0x00000000       0x10 .\CortexM0\ARM_GCC_541\Debug\Greengarden.a(CyLib.o)
 .text.CySysTickServiceCallbacks
                0x00000000       0x28 .\CortexM0\ARM_GCC_541\Debug\Greengarden.a(CyLib.o)
 .text.CySysTickClear
                0x00000000        0xc .\CortexM0\ARM_GCC_541\Debug\Greengarden.a(CyLib.o)
 .text.CySysTickInit
                0x00000000       0x44 .\CortexM0\ARM_GCC_541\Debug\Greengarden.a(CyLib.o)
 .text.CySysTickStart
                0x00000000       0x20 .\CortexM0\ARM_GCC_541\Debug\Greengarden.a(CyLib.o)
 .text.CySysTickSetCallback
                0x00000000       0x10 .\CortexM0\ARM_GCC_541\Debug\Greengarden.a(CyLib.o)
 .text.CySysTickGetCallback
                0x00000000        0xc .\CortexM0\ARM_GCC_541\Debug\Greengarden.a(CyLib.o)
 .text.CyGetUniqueId
                0x00000000       0x70 .\CortexM0\ARM_GCC_541\Debug\Greengarden.a(CyLib.o)
 .text          0x00000000        0x0 .\CortexM0\ARM_GCC_541\Debug\Greengarden.a(CyLFClk.o)
 .text.CySysClkIloEnabled
                0x00000000       0x14 .\CortexM0\ARM_GCC_541\Debug\Greengarden.a(CyLFClk.o)
 .text.CySysClkGetLfclkSource
                0x00000000       0x10 .\CortexM0\ARM_GCC_541\Debug\Greengarden.a(CyLFClk.o)
 .text.CySysClkIloStart
                0x00000000       0x14 .\CortexM0\ARM_GCC_541\Debug\Greengarden.a(CyLFClk.o)
 .text.CySysClkIloStartMeasurement
                0x00000000       0x5c .\CortexM0\ARM_GCC_541\Debug\Greengarden.a(CyLFClk.o)
 .text.CySysClkIloStopMeasurement
                0x00000000       0x14 .\CortexM0\ARM_GCC_541\Debug\Greengarden.a(CyLFClk.o)
 .text.CySysClkIloCompensate
                0x00000000      0x104 .\CortexM0\ARM_GCC_541\Debug\Greengarden.a(CyLFClk.o)
 .text.CySysClkIloUpdateTrimReg
                0x00000000       0xa8 .\CortexM0\ARM_GCC_541\Debug\Greengarden.a(CyLFClk.o)
 .text.CySysClkIloTrim
                0x00000000       0xd8 .\CortexM0\ARM_GCC_541\Debug\Greengarden.a(CyLFClk.o)
 .text.CySysClkIloRestoreFactoryTrim
                0x00000000       0x30 .\CortexM0\ARM_GCC_541\Debug\Greengarden.a(CyLFClk.o)
 .text.CySysClkWcoEnabled
                0x00000000       0x14 .\CortexM0\ARM_GCC_541\Debug\Greengarden.a(CyLFClk.o)
 .text.CySysClkWcoClockOutSelect
                0x00000000       0x2c .\CortexM0\ARM_GCC_541\Debug\Greengarden.a(CyLFClk.o)
 .text.CySysWdtGetEnabledStatus
                0x00000000       0x24 .\CortexM0\ARM_GCC_541\Debug\Greengarden.a(CyLFClk.o)
 .text.CySysWdtSetMode
                0x00000000       0x38 .\CortexM0\ARM_GCC_541\Debug\Greengarden.a(CyLFClk.o)
 .text.CySysClkLfclkPosedgeRestore
                0x00000000       0x2c .\CortexM0\ARM_GCC_541\Debug\Greengarden.a(CyLFClk.o)
 .text.CySysWdtGetMode
                0x00000000       0x14 .\CortexM0\ARM_GCC_541\Debug\Greengarden.a(CyLFClk.o)
 .text.CySysWdtSetClearOnMatch
                0x00000000       0x34 .\CortexM0\ARM_GCC_541\Debug\Greengarden.a(CyLFClk.o)
 .text.CySysWdtGetClearOnMatch
                0x00000000       0x24 .\CortexM0\ARM_GCC_541\Debug\Greengarden.a(CyLFClk.o)
 .text.CySysWdtEnable
                0x00000000       0x3c .\CortexM0\ARM_GCC_541\Debug\Greengarden.a(CyLFClk.o)
 .text.CySysWdtDisable
                0x00000000       0x44 .\CortexM0\ARM_GCC_541\Debug\Greengarden.a(CyLFClk.o)
 .text.CySysWdtSetCascade
                0x00000000       0x34 .\CortexM0\ARM_GCC_541\Debug\Greengarden.a(CyLFClk.o)
 .text.CySysWdtGetCascade
                0x00000000       0x14 .\CortexM0\ARM_GCC_541\Debug\Greengarden.a(CyLFClk.o)
 .text.CySysWdtSetMatch
                0x00000000       0x54 .\CortexM0\ARM_GCC_541\Debug\Greengarden.a(CyLFClk.o)
 .text.CySysWdtSetToggleBit
                0x00000000       0x30 .\CortexM0\ARM_GCC_541\Debug\Greengarden.a(CyLFClk.o)
 .text.CySysWdtGetToggleBit
                0x00000000       0x10 .\CortexM0\ARM_GCC_541\Debug\Greengarden.a(CyLFClk.o)
 .text.CySysWdtGetMatch
                0x00000000       0x20 .\CortexM0\ARM_GCC_541\Debug\Greengarden.a(CyLFClk.o)
 .text.CySysWdtGetCount
                0x00000000       0x3c .\CortexM0\ARM_GCC_541\Debug\Greengarden.a(CyLFClk.o)
 .text.CySysClkLfclkPosedgeCatch
                0x00000000       0x74 .\CortexM0\ARM_GCC_541\Debug\Greengarden.a(CyLFClk.o)
 .text.CySysClkIloStop
                0x00000000       0x4c .\CortexM0\ARM_GCC_541\Debug\Greengarden.a(CyLFClk.o)
 .text.CySysClkSetLfclkSource
                0x00000000       0x38 .\CortexM0\ARM_GCC_541\Debug\Greengarden.a(CyLFClk.o)
 .text.CySysClkWcoStop
                0x00000000       0x48 .\CortexM0\ARM_GCC_541\Debug\Greengarden.a(CyLFClk.o)
 .text.CySysWdtGetInterruptSource
                0x00000000       0x14 .\CortexM0\ARM_GCC_541\Debug\Greengarden.a(CyLFClk.o)
 .text.CySysWdtResetCounters
                0x00000000       0x20 .\CortexM0\ARM_GCC_541\Debug\Greengarden.a(CyLFClk.o)
 .text.CySysWdtSetInterruptCallback
                0x00000000       0x20 .\CortexM0\ARM_GCC_541\Debug\Greengarden.a(CyLFClk.o)
 .text.CySysWdtGetInterruptCallback
                0x00000000       0x20 .\CortexM0\ARM_GCC_541\Debug\Greengarden.a(CyLFClk.o)
 .text.CySysWdtEnableCounterIsr
                0x00000000       0x34 .\CortexM0\ARM_GCC_541\Debug\Greengarden.a(CyLFClk.o)
 .text.CySysWdtDisableCounterIsr
                0x00000000       0x28 .\CortexM0\ARM_GCC_541\Debug\Greengarden.a(CyLFClk.o)
 .text.CySysWatchdogFeed
                0x00000000       0x60 .\CortexM0\ARM_GCC_541\Debug\Greengarden.a(CyLFClk.o)
 .text.CySysTimerDelayUntilMatch
                0x00000000       0x6c .\CortexM0\ARM_GCC_541\Debug\Greengarden.a(CyLFClk.o)
 .text.CySysTimerDelay
                0x00000000       0x3c .\CortexM0\ARM_GCC_541\Debug\Greengarden.a(CyLFClk.o)
 .rodata        0x00000000        0xc .\CortexM0\ARM_GCC_541\Debug\Greengarden.a(CyLFClk.o)
 .text          0x00000000        0x0 .\CortexM0\ARM_GCC_541\Debug\Greengarden.a(UART.o)
 .data          0x00000000        0x0 .\CortexM0\ARM_GCC_541\Debug\Greengarden.a(UART.o)
 .text.UART_ScbModeStop
                0x00000000        0x8 .\CortexM0\ARM_GCC_541\Debug\Greengarden.a(UART.o)
 .text.UART_Stop
                0x00000000       0x20 .\CortexM0\ARM_GCC_541\Debug\Greengarden.a(UART.o)
 .text.UART_SetRxFifoLevel
                0x00000000       0x14 .\CortexM0\ARM_GCC_541\Debug\Greengarden.a(UART.o)
 .text.UART_SetTxFifoLevel
                0x00000000       0x14 .\CortexM0\ARM_GCC_541\Debug\Greengarden.a(UART.o)
 .text          0x00000000        0x0 .\CortexM0\ARM_GCC_541\Debug\Greengarden.a(UART_UART.o)
 .data          0x00000000        0x0 .\CortexM0\ARM_GCC_541\Debug\Greengarden.a(UART_UART.o)
 .bss           0x00000000        0x0 .\CortexM0\ARM_GCC_541\Debug\Greengarden.a(UART_UART.o)
 .text.UART_UartStop
                0x00000000       0x2c .\CortexM0\ARM_GCC_541\Debug\Greengarden.a(UART_UART.o)
 .text.UART_UartSetRxAddress
                0x00000000       0x14 .\CortexM0\ARM_GCC_541\Debug\Greengarden.a(UART_UART.o)
 .text.UART_UartSetRxAddressMask
                0x00000000       0x18 .\CortexM0\ARM_GCC_541\Debug\Greengarden.a(UART_UART.o)
 .text.UART_UartGetChar
                0x00000000       0x2c .\CortexM0\ARM_GCC_541\Debug\Greengarden.a(UART_UART.o)
 .text.UART_UartGetByte
                0x00000000       0x34 .\CortexM0\ARM_GCC_541\Debug\Greengarden.a(UART_UART.o)
 .text.UART_UartSetRtsPolarity
                0x00000000       0x28 .\CortexM0\ARM_GCC_541\Debug\Greengarden.a(UART_UART.o)
 .text.UART_UartSetRtsFifoLevel
                0x00000000       0x14 .\CortexM0\ARM_GCC_541\Debug\Greengarden.a(UART_UART.o)
 .text.UART_UartPutCRLF
                0x00000000       0x14 .\CortexM0\ARM_GCC_541\Debug\Greengarden.a(UART_UART.o)
 .text.UART_UartEnableCts
                0x00000000       0x14 .\CortexM0\ARM_GCC_541\Debug\Greengarden.a(UART_UART.o)
 .text.UART_UartDisableCts
                0x00000000       0x14 .\CortexM0\ARM_GCC_541\Debug\Greengarden.a(UART_UART.o)
 .text.UART_UartSetCtsPolarity
                0x00000000       0x28 .\CortexM0\ARM_GCC_541\Debug\Greengarden.a(UART_UART.o)
 .text          0x00000000        0x0 .\CortexM0\ARM_GCC_541\Debug\Greengarden.a(Pin_Moisture_Sensor.o)
 .data          0x00000000        0x0 .\CortexM0\ARM_GCC_541\Debug\Greengarden.a(Pin_Moisture_Sensor.o)
 .bss           0x00000000        0x0 .\CortexM0\ARM_GCC_541\Debug\Greengarden.a(Pin_Moisture_Sensor.o)
 .text.Pin_Moisture_Sensor_SetDriveMode
                0x00000000       0x18 .\CortexM0\ARM_GCC_541\Debug\Greengarden.a(Pin_Moisture_Sensor.o)
 .text.Pin_Moisture_Sensor_Write
                0x00000000       0x18 .\CortexM0\ARM_GCC_541\Debug\Greengarden.a(Pin_Moisture_Sensor.o)
 .text.Pin_Moisture_Sensor_ReadDataReg
                0x00000000       0x10 .\CortexM0\ARM_GCC_541\Debug\Greengarden.a(Pin_Moisture_Sensor.o)
 .text.Pin_Moisture_Sensor_SetInterruptMode
                0x00000000       0x14 .\CortexM0\ARM_GCC_541\Debug\Greengarden.a(Pin_Moisture_Sensor.o)
 .text.Pin_Moisture_Sensor_ClearInterrupt
                0x00000000       0x14 .\CortexM0\ARM_GCC_541\Debug\Greengarden.a(Pin_Moisture_Sensor.o)
 .data          0x00000000        0x0 .\CortexM0\ARM_GCC_541\Debug\Greengarden.a(CyBootAsmGnu.o)
 .bss           0x00000000        0x0 .\CortexM0\ARM_GCC_541\Debug\Greengarden.a(CyBootAsmGnu.o)
 .text          0x00000000        0x0 .\CortexM0\ARM_GCC_541\Debug\Greengarden.a(UART_SPI_UART.o)
 .data          0x00000000        0x0 .\CortexM0\ARM_GCC_541\Debug\Greengarden.a(UART_SPI_UART.o)
 .bss           0x00000000        0x0 .\CortexM0\ARM_GCC_541\Debug\Greengarden.a(UART_SPI_UART.o)
 .text.UART_SpiUartReadRxData
                0x00000000        0xc .\CortexM0\ARM_GCC_541\Debug\Greengarden.a(UART_SPI_UART.o)
 .text.UART_SpiUartGetRxBufferSize
                0x00000000       0x10 .\CortexM0\ARM_GCC_541\Debug\Greengarden.a(UART_SPI_UART.o)
 .text.UART_SpiUartClearRxBuffer
                0x00000000       0x20 .\CortexM0\ARM_GCC_541\Debug\Greengarden.a(UART_SPI_UART.o)
 .text.UART_SpiUartPutArray
                0x00000000       0x18 .\CortexM0\ARM_GCC_541\Debug\Greengarden.a(UART_SPI_UART.o)
 .text.UART_SpiUartGetTxBufferSize
                0x00000000       0x10 .\CortexM0\ARM_GCC_541\Debug\Greengarden.a(UART_SPI_UART.o)
 .text.UART_SpiUartClearTxBuffer
                0x00000000       0x20 .\CortexM0\ARM_GCC_541\Debug\Greengarden.a(UART_SPI_UART.o)
 .text.UART_SpiUartDisableIntRx
                0x00000000       0x10 .\CortexM0\ARM_GCC_541\Debug\Greengarden.a(UART_SPI_UART.o)
 .text.UART_SpiUartDisableIntTx
                0x00000000       0x10 .\CortexM0\ARM_GCC_541\Debug\Greengarden.a(UART_SPI_UART.o)
 .data          0x00000000        0x0 c:/program files (x86)/cypress/psoc creator/4.1/psoc creator/import/gnu/arm/5.4.1/bin/../lib/gcc/arm-none-eabi/5.4.1/armv6-m\libgcc.a(_udivsi3.o)
 .bss           0x00000000        0x0 c:/program files (x86)/cypress/psoc creator/4.1/psoc creator/import/gnu/arm/5.4.1/bin/../lib/gcc/arm-none-eabi/5.4.1/armv6-m\libgcc.a(_udivsi3.o)
 .text          0x00000000      0x1d4 c:/program files (x86)/cypress/psoc creator/4.1/psoc creator/import/gnu/arm/5.4.1/bin/../lib/gcc/arm-none-eabi/5.4.1/armv6-m\libgcc.a(_divsi3.o)
 .data          0x00000000        0x0 c:/program files (x86)/cypress/psoc creator/4.1/psoc creator/import/gnu/arm/5.4.1/bin/../lib/gcc/arm-none-eabi/5.4.1/armv6-m\libgcc.a(_divsi3.o)
 .bss           0x00000000        0x0 c:/program files (x86)/cypress/psoc creator/4.1/psoc creator/import/gnu/arm/5.4.1/bin/../lib/gcc/arm-none-eabi/5.4.1/armv6-m\libgcc.a(_divsi3.o)
 .data          0x00000000        0x0 c:/program files (x86)/cypress/psoc creator/4.1/psoc creator/import/gnu/arm/5.4.1/bin/../lib/gcc/arm-none-eabi/5.4.1/armv6-m\libgcc.a(_dvmd_tls.o)
 .bss           0x00000000        0x0 c:/program files (x86)/cypress/psoc creator/4.1/psoc creator/import/gnu/arm/5.4.1/bin/../lib/gcc/arm-none-eabi/5.4.1/armv6-m\libgcc.a(_dvmd_tls.o)
 .text          0x00000000        0x0 c:/program files (x86)/cypress/psoc creator/4.1/psoc creator/import/gnu/arm/5.4.1/bin/../lib/gcc/arm-none-eabi/5.4.1/../../../../arm-none-eabi/lib/armv6-m\libg_nano.a(lib_a-errno.o)
 .data          0x00000000        0x0 c:/program files (x86)/cypress/psoc creator/4.1/psoc creator/import/gnu/arm/5.4.1/bin/../lib/gcc/arm-none-eabi/5.4.1/../../../../arm-none-eabi/lib/armv6-m\libg_nano.a(lib_a-errno.o)
 .bss           0x00000000        0x0 c:/program files (x86)/cypress/psoc creator/4.1/psoc creator/import/gnu/arm/5.4.1/bin/../lib/gcc/arm-none-eabi/5.4.1/../../../../arm-none-eabi/lib/armv6-m\libg_nano.a(lib_a-errno.o)
 .text          0x00000000        0x0 c:/program files (x86)/cypress/psoc creator/4.1/psoc creator/import/gnu/arm/5.4.1/bin/../lib/gcc/arm-none-eabi/5.4.1/../../../../arm-none-eabi/lib/armv6-m\libg_nano.a(lib_a-exit.o)
 .data          0x00000000        0x0 c:/program files (x86)/cypress/psoc creator/4.1/psoc creator/import/gnu/arm/5.4.1/bin/../lib/gcc/arm-none-eabi/5.4.1/../../../../arm-none-eabi/lib/armv6-m\libg_nano.a(lib_a-exit.o)
 .bss           0x00000000        0x0 c:/program files (x86)/cypress/psoc creator/4.1/psoc creator/import/gnu/arm/5.4.1/bin/../lib/gcc/arm-none-eabi/5.4.1/../../../../arm-none-eabi/lib/armv6-m\libg_nano.a(lib_a-exit.o)
 .text.exit     0x00000000       0x2c c:/program files (x86)/cypress/psoc creator/4.1/psoc creator/import/gnu/arm/5.4.1/bin/../lib/gcc/arm-none-eabi/5.4.1/../../../../arm-none-eabi/lib/armv6-m\libg_nano.a(lib_a-exit.o)
 .text          0x00000000        0x0 c:/program files (x86)/cypress/psoc creator/4.1/psoc creator/import/gnu/arm/5.4.1/bin/../lib/gcc/arm-none-eabi/5.4.1/../../../../arm-none-eabi/lib/armv6-m\libg_nano.a(lib_a-impure.o)
 .data          0x00000000        0x0 c:/program files (x86)/cypress/psoc creator/4.1/psoc creator/import/gnu/arm/5.4.1/bin/../lib/gcc/arm-none-eabi/5.4.1/../../../../arm-none-eabi/lib/armv6-m\libg_nano.a(lib_a-impure.o)
 .bss           0x00000000        0x0 c:/program files (x86)/cypress/psoc creator/4.1/psoc creator/import/gnu/arm/5.4.1/bin/../lib/gcc/arm-none-eabi/5.4.1/../../../../arm-none-eabi/lib/armv6-m\libg_nano.a(lib_a-impure.o)
 .rodata._global_impure_ptr
                0x00000000        0x4 c:/program files (x86)/cypress/psoc creator/4.1/psoc creator/import/gnu/arm/5.4.1/bin/../lib/gcc/arm-none-eabi/5.4.1/../../../../arm-none-eabi/lib/armv6-m\libg_nano.a(lib_a-impure.o)
 .text          0x00000000        0x0 c:/program files (x86)/cypress/psoc creator/4.1/psoc creator/import/gnu/arm/5.4.1/bin/../lib/gcc/arm-none-eabi/5.4.1/../../../../arm-none-eabi/lib/armv6-m\libg_nano.a(lib_a-init.o)
 .data          0x00000000        0x0 c:/program files (x86)/cypress/psoc creator/4.1/psoc creator/import/gnu/arm/5.4.1/bin/../lib/gcc/arm-none-eabi/5.4.1/../../../../arm-none-eabi/lib/armv6-m\libg_nano.a(lib_a-init.o)
 .bss           0x00000000        0x0 c:/program files (x86)/cypress/psoc creator/4.1/psoc creator/import/gnu/arm/5.4.1/bin/../lib/gcc/arm-none-eabi/5.4.1/../../../../arm-none-eabi/lib/armv6-m\libg_nano.a(lib_a-init.o)
 .text          0x00000000        0x0 c:/program files (x86)/cypress/psoc creator/4.1/psoc creator/import/gnu/arm/5.4.1/bin/../lib/gcc/arm-none-eabi/5.4.1/../../../../arm-none-eabi/lib/armv6-m\libg_nano.a(lib_a-memset.o)
 .data          0x00000000        0x0 c:/program files (x86)/cypress/psoc creator/4.1/psoc creator/import/gnu/arm/5.4.1/bin/../lib/gcc/arm-none-eabi/5.4.1/../../../../arm-none-eabi/lib/armv6-m\libg_nano.a(lib_a-memset.o)
 .bss           0x00000000        0x0 c:/program files (x86)/cypress/psoc creator/4.1/psoc creator/import/gnu/arm/5.4.1/bin/../lib/gcc/arm-none-eabi/5.4.1/../../../../arm-none-eabi/lib/armv6-m\libg_nano.a(lib_a-memset.o)
 .text          0x00000000        0x0 c:/program files (x86)/cypress/psoc creator/4.1/psoc creator/import/gnu/arm/5.4.1/bin/../lib/gcc/arm-none-eabi/5.4.1/../../../../arm-none-eabi/lib/armv6-m\libg_nano.a(lib_a-sprintf.o)
 .data          0x00000000        0x0 c:/program files (x86)/cypress/psoc creator/4.1/psoc creator/import/gnu/arm/5.4.1/bin/../lib/gcc/arm-none-eabi/5.4.1/../../../../arm-none-eabi/lib/armv6-m\libg_nano.a(lib_a-sprintf.o)
 .bss           0x00000000        0x0 c:/program files (x86)/cypress/psoc creator/4.1/psoc creator/import/gnu/arm/5.4.1/bin/../lib/gcc/arm-none-eabi/5.4.1/../../../../arm-none-eabi/lib/armv6-m\libg_nano.a(lib_a-sprintf.o)
 .text._sprintf_r
                0x00000000       0x40 c:/program files (x86)/cypress/psoc creator/4.1/psoc creator/import/gnu/arm/5.4.1/bin/../lib/gcc/arm-none-eabi/5.4.1/../../../../arm-none-eabi/lib/armv6-m\libg_nano.a(lib_a-sprintf.o)
 .text          0x00000000        0x0 c:/program files (x86)/cypress/psoc creator/4.1/psoc creator/import/gnu/arm/5.4.1/bin/../lib/gcc/arm-none-eabi/5.4.1/../../../../arm-none-eabi/lib/armv6-m\libg_nano.a(lib_a-nano-svfprintf.o)
 .data          0x00000000        0x0 c:/program files (x86)/cypress/psoc creator/4.1/psoc creator/import/gnu/arm/5.4.1/bin/../lib/gcc/arm-none-eabi/5.4.1/../../../../arm-none-eabi/lib/armv6-m\libg_nano.a(lib_a-nano-svfprintf.o)
 .bss           0x00000000        0x0 c:/program files (x86)/cypress/psoc creator/4.1/psoc creator/import/gnu/arm/5.4.1/bin/../lib/gcc/arm-none-eabi/5.4.1/../../../../arm-none-eabi/lib/armv6-m\libg_nano.a(lib_a-nano-svfprintf.o)
 .text.__ssprint_r
                0x00000000      0x100 c:/program files (x86)/cypress/psoc creator/4.1/psoc creator/import/gnu/arm/5.4.1/bin/../lib/gcc/arm-none-eabi/5.4.1/../../../../arm-none-eabi/lib/armv6-m\libg_nano.a(lib_a-nano-svfprintf.o)
 .text          0x00000000        0x0 c:/program files (x86)/cypress/psoc creator/4.1/psoc creator/import/gnu/arm/5.4.1/bin/../lib/gcc/arm-none-eabi/5.4.1/../../../../arm-none-eabi/lib/armv6-m\libg_nano.a(lib_a-nano-vfprintf_i.o)
 .data          0x00000000        0x0 c:/program files (x86)/cypress/psoc creator/4.1/psoc creator/import/gnu/arm/5.4.1/bin/../lib/gcc/arm-none-eabi/5.4.1/../../../../arm-none-eabi/lib/armv6-m\libg_nano.a(lib_a-nano-vfprintf_i.o)
 .bss           0x00000000        0x0 c:/program files (x86)/cypress/psoc creator/4.1/psoc creator/import/gnu/arm/5.4.1/bin/../lib/gcc/arm-none-eabi/5.4.1/../../../../arm-none-eabi/lib/armv6-m\libg_nano.a(lib_a-nano-vfprintf_i.o)
 .text          0x00000000        0x0 c:/program files (x86)/cypress/psoc creator/4.1/psoc creator/import/gnu/arm/5.4.1/bin/../lib/gcc/arm-none-eabi/5.4.1/../../../../arm-none-eabi/lib/armv6-m\libg_nano.a(lib_a-memchr-stub.o)
 .data          0x00000000        0x0 c:/program files (x86)/cypress/psoc creator/4.1/psoc creator/import/gnu/arm/5.4.1/bin/../lib/gcc/arm-none-eabi/5.4.1/../../../../arm-none-eabi/lib/armv6-m\libg_nano.a(lib_a-memchr-stub.o)
 .bss           0x00000000        0x0 c:/program files (x86)/cypress/psoc creator/4.1/psoc creator/import/gnu/arm/5.4.1/bin/../lib/gcc/arm-none-eabi/5.4.1/../../../../arm-none-eabi/lib/armv6-m\libg_nano.a(lib_a-memchr-stub.o)
 .text          0x00000000        0x0 c:/program files (x86)/cypress/psoc creator/4.1/psoc creator/import/gnu/arm/5.4.1/bin/../lib/gcc/arm-none-eabi/5.4.1/../../../../arm-none-eabi/lib/armv6-m\libg_nano.a(lib_a-memcpy-stub.o)
 .data          0x00000000        0x0 c:/program files (x86)/cypress/psoc creator/4.1/psoc creator/import/gnu/arm/5.4.1/bin/../lib/gcc/arm-none-eabi/5.4.1/../../../../arm-none-eabi/lib/armv6-m\libg_nano.a(lib_a-memcpy-stub.o)
 .bss           0x00000000        0x0 c:/program files (x86)/cypress/psoc creator/4.1/psoc creator/import/gnu/arm/5.4.1/bin/../lib/gcc/arm-none-eabi/5.4.1/../../../../arm-none-eabi/lib/armv6-m\libg_nano.a(lib_a-memcpy-stub.o)
 .text          0x00000000        0x0 c:/program files (x86)/cypress/psoc creator/4.1/psoc creator/import/gnu/arm/5.4.1/bin/../lib/gcc/arm-none-eabi/5.4.1/../../../../arm-none-eabi/lib/armv6-m\libg_nano.a(lib_a-memmove.o)
 .data          0x00000000        0x0 c:/program files (x86)/cypress/psoc creator/4.1/psoc creator/import/gnu/arm/5.4.1/bin/../lib/gcc/arm-none-eabi/5.4.1/../../../../arm-none-eabi/lib/armv6-m\libg_nano.a(lib_a-memmove.o)
 .bss           0x00000000        0x0 c:/program files (x86)/cypress/psoc creator/4.1/psoc creator/import/gnu/arm/5.4.1/bin/../lib/gcc/arm-none-eabi/5.4.1/../../../../arm-none-eabi/lib/armv6-m\libg_nano.a(lib_a-memmove.o)
 .text          0x00000000        0x0 c:/program files (x86)/cypress/psoc creator/4.1/psoc creator/import/gnu/arm/5.4.1/bin/../lib/gcc/arm-none-eabi/5.4.1/../../../../arm-none-eabi/lib/armv6-m\libg_nano.a(lib_a-nano-freer.o)
 .data          0x00000000        0x0 c:/program files (x86)/cypress/psoc creator/4.1/psoc creator/import/gnu/arm/5.4.1/bin/../lib/gcc/arm-none-eabi/5.4.1/../../../../arm-none-eabi/lib/armv6-m\libg_nano.a(lib_a-nano-freer.o)
 .bss           0x00000000        0x0 c:/program files (x86)/cypress/psoc creator/4.1/psoc creator/import/gnu/arm/5.4.1/bin/../lib/gcc/arm-none-eabi/5.4.1/../../../../arm-none-eabi/lib/armv6-m\libg_nano.a(lib_a-nano-freer.o)
 .text          0x00000000        0x0 c:/program files (x86)/cypress/psoc creator/4.1/psoc creator/import/gnu/arm/5.4.1/bin/../lib/gcc/arm-none-eabi/5.4.1/../../../../arm-none-eabi/lib/armv6-m\libg_nano.a(lib_a-nano-mallocr.o)
 .data          0x00000000        0x0 c:/program files (x86)/cypress/psoc creator/4.1/psoc creator/import/gnu/arm/5.4.1/bin/../lib/gcc/arm-none-eabi/5.4.1/../../../../arm-none-eabi/lib/armv6-m\libg_nano.a(lib_a-nano-mallocr.o)
 .bss           0x00000000        0x0 c:/program files (x86)/cypress/psoc creator/4.1/psoc creator/import/gnu/arm/5.4.1/bin/../lib/gcc/arm-none-eabi/5.4.1/../../../../arm-none-eabi/lib/armv6-m\libg_nano.a(lib_a-nano-mallocr.o)
 .text          0x00000000        0x0 c:/program files (x86)/cypress/psoc creator/4.1/psoc creator/import/gnu/arm/5.4.1/bin/../lib/gcc/arm-none-eabi/5.4.1/../../../../arm-none-eabi/lib/armv6-m\libg_nano.a(lib_a-nano-reallocr.o)
 .data          0x00000000        0x0 c:/program files (x86)/cypress/psoc creator/4.1/psoc creator/import/gnu/arm/5.4.1/bin/../lib/gcc/arm-none-eabi/5.4.1/../../../../arm-none-eabi/lib/armv6-m\libg_nano.a(lib_a-nano-reallocr.o)
 .bss           0x00000000        0x0 c:/program files (x86)/cypress/psoc creator/4.1/psoc creator/import/gnu/arm/5.4.1/bin/../lib/gcc/arm-none-eabi/5.4.1/../../../../arm-none-eabi/lib/armv6-m\libg_nano.a(lib_a-nano-reallocr.o)
 .text          0x00000000        0x0 c:/program files (x86)/cypress/psoc creator/4.1/psoc creator/import/gnu/arm/5.4.1/bin/../lib/gcc/arm-none-eabi/5.4.1/../../../../arm-none-eabi/lib/armv6-m\libg_nano.a(lib_a-sbrkr.o)
 .data          0x00000000        0x0 c:/program files (x86)/cypress/psoc creator/4.1/psoc creator/import/gnu/arm/5.4.1/bin/../lib/gcc/arm-none-eabi/5.4.1/../../../../arm-none-eabi/lib/armv6-m\libg_nano.a(lib_a-sbrkr.o)
 .bss           0x00000000        0x0 c:/program files (x86)/cypress/psoc creator/4.1/psoc creator/import/gnu/arm/5.4.1/bin/../lib/gcc/arm-none-eabi/5.4.1/../../../../arm-none-eabi/lib/armv6-m\libg_nano.a(lib_a-sbrkr.o)
 .text          0x00000000        0x0 c:/program files (x86)/cypress/psoc creator/4.1/psoc creator/import/gnu/arm/5.4.1/bin/../lib/gcc/arm-none-eabi/5.4.1/../../../../arm-none-eabi/lib/armv6-m\libg_nano.a(lib_a-mlock.o)
 .data          0x00000000        0x0 c:/program files (x86)/cypress/psoc creator/4.1/psoc creator/import/gnu/arm/5.4.1/bin/../lib/gcc/arm-none-eabi/5.4.1/../../../../arm-none-eabi/lib/armv6-m\libg_nano.a(lib_a-mlock.o)
 .bss           0x00000000        0x0 c:/program files (x86)/cypress/psoc creator/4.1/psoc creator/import/gnu/arm/5.4.1/bin/../lib/gcc/arm-none-eabi/5.4.1/../../../../arm-none-eabi/lib/armv6-m\libg_nano.a(lib_a-mlock.o)
 .text          0x00000000        0x0 c:/program files (x86)/cypress/psoc creator/4.1/psoc creator/import/gnu/arm/5.4.1/bin/../lib/gcc/arm-none-eabi/5.4.1/../../../../arm-none-eabi/lib/armv6-m\libg_nano.a(lib_a-nano-msizer.o)
 .data          0x00000000        0x0 c:/program files (x86)/cypress/psoc creator/4.1/psoc creator/import/gnu/arm/5.4.1/bin/../lib/gcc/arm-none-eabi/5.4.1/../../../../arm-none-eabi/lib/armv6-m\libg_nano.a(lib_a-nano-msizer.o)
 .bss           0x00000000        0x0 c:/program files (x86)/cypress/psoc creator/4.1/psoc creator/import/gnu/arm/5.4.1/bin/../lib/gcc/arm-none-eabi/5.4.1/../../../../arm-none-eabi/lib/armv6-m\libg_nano.a(lib_a-nano-msizer.o)
 .text          0x00000000        0x0 c:/program files (x86)/cypress/psoc creator/4.1/psoc creator/import/gnu/arm/5.4.1/bin/../lib/gcc/arm-none-eabi/5.4.1/../../../../arm-none-eabi/lib/armv6-m\libg_nano.a(lib_a-reent.o)
 .data          0x00000000        0x0 c:/program files (x86)/cypress/psoc creator/4.1/psoc creator/import/gnu/arm/5.4.1/bin/../lib/gcc/arm-none-eabi/5.4.1/../../../../arm-none-eabi/lib/armv6-m\libg_nano.a(lib_a-reent.o)
 .bss           0x00000000        0x0 c:/program files (x86)/cypress/psoc creator/4.1/psoc creator/import/gnu/arm/5.4.1/bin/../lib/gcc/arm-none-eabi/5.4.1/../../../../arm-none-eabi/lib/armv6-m\libg_nano.a(lib_a-reent.o)
 .text.cleanup_glue
                0x00000000       0x1a c:/program files (x86)/cypress/psoc creator/4.1/psoc creator/import/gnu/arm/5.4.1/bin/../lib/gcc/arm-none-eabi/5.4.1/../../../../arm-none-eabi/lib/armv6-m\libg_nano.a(lib_a-reent.o)
 .text._reclaim_reent
                0x00000000       0xcc c:/program files (x86)/cypress/psoc creator/4.1/psoc creator/import/gnu/arm/5.4.1/bin/../lib/gcc/arm-none-eabi/5.4.1/../../../../arm-none-eabi/lib/armv6-m\libg_nano.a(lib_a-reent.o)
 .text          0x00000000        0x0 c:/program files (x86)/cypress/psoc creator/4.1/psoc creator/import/gnu/arm/5.4.1/bin/../lib/gcc/arm-none-eabi/5.4.1/armv6-m/crtend.o
 .data          0x00000000        0x0 c:/program files (x86)/cypress/psoc creator/4.1/psoc creator/import/gnu/arm/5.4.1/bin/../lib/gcc/arm-none-eabi/5.4.1/armv6-m/crtend.o
 .bss           0x00000000        0x0 c:/program files (x86)/cypress/psoc creator/4.1/psoc creator/import/gnu/arm/5.4.1/bin/../lib/gcc/arm-none-eabi/5.4.1/armv6-m/crtend.o
 .text          0x00000000        0x0 c:/program files (x86)/cypress/psoc creator/4.1/psoc creator/import/gnu/arm/5.4.1/bin/../lib/gcc/arm-none-eabi/5.4.1/armv6-m/crtn.o
 .data          0x00000000        0x0 c:/program files (x86)/cypress/psoc creator/4.1/psoc creator/import/gnu/arm/5.4.1/bin/../lib/gcc/arm-none-eabi/5.4.1/armv6-m/crtn.o
 .bss           0x00000000        0x0 c:/program files (x86)/cypress/psoc creator/4.1/psoc creator/import/gnu/arm/5.4.1/bin/../lib/gcc/arm-none-eabi/5.4.1/armv6-m/crtn.o

Memory Configuration

Name             Origin             Length             Attributes
rom              0x00000000         0x00020000         xr
ram              0x20000000         0x00004000         xrw
*default*        0x00000000         0xffffffff

Linker script and memory map

LOAD c:/program files (x86)/cypress/psoc creator/4.1/psoc creator/import/gnu/arm/5.4.1/bin/../lib/gcc/arm-none-eabi/5.4.1/armv6-m/crti.o
LOAD c:/program files (x86)/cypress/psoc creator/4.1/psoc creator/import/gnu/arm/5.4.1/bin/../lib/gcc/arm-none-eabi/5.4.1/armv6-m/crtbegin.o
LOAD c:/program files (x86)/cypress/psoc creator/4.1/psoc creator/import/gnu/arm/5.4.1/bin/../lib/gcc/arm-none-eabi/5.4.1/../../../../arm-none-eabi/lib/armv6-m/crt0.o
START GROUP
LOAD .\CortexM0\ARM_GCC_541\Debug\main.o
LOAD .\CortexM0\ARM_GCC_541\Debug\cyfitter_cfg.o
LOAD .\CortexM0\ARM_GCC_541\Debug\cymetadata.o
LOAD .\CortexM0\ARM_GCC_541\Debug\Cm0Start.o
LOAD .\CortexM0\ARM_GCC_541\Debug\Greengarden.a
LOAD C:\Program Files (x86)\Cypress\PSoC Creator\4.1\PSoC Creator\psoc\content\cycomponentlibrary\CyComponentLibrary.cylib\CortexM0\ARM_GCC_541\Debug\CyComponentLibrary.a
END GROUP
START GROUP
LOAD c:/program files (x86)/cypress/psoc creator/4.1/psoc creator/import/gnu/arm/5.4.1/bin/../lib/gcc/arm-none-eabi/5.4.1/armv6-m\libgcc.a
LOAD c:/program files (x86)/cypress/psoc creator/4.1/psoc creator/import/gnu/arm/5.4.1/bin/../lib/gcc/arm-none-eabi/5.4.1/../../../../arm-none-eabi/lib/armv6-m\libg_nano.a
LOAD c:/program files (x86)/cypress/psoc creator/4.1/psoc creator/import/gnu/arm/5.4.1/bin/../lib/gcc/arm-none-eabi/5.4.1/../../../../arm-none-eabi/lib/armv6-m\libc_nano.a
END GROUP
START GROUP
LOAD c:/program files (x86)/cypress/psoc creator/4.1/psoc creator/import/gnu/arm/5.4.1/bin/../lib/gcc/arm-none-eabi/5.4.1/armv6-m\libgcc.a
LOAD c:/program files (x86)/cypress/psoc creator/4.1/psoc creator/import/gnu/arm/5.4.1/bin/../lib/gcc/arm-none-eabi/5.4.1/../../../../arm-none-eabi/lib/armv6-m\libc_nano.a
END GROUP
LOAD c:/program files (x86)/cypress/psoc creator/4.1/psoc creator/import/gnu/arm/5.4.1/bin/../lib/gcc/arm-none-eabi/5.4.1/armv6-m/crtend.o
LOAD c:/program files (x86)/cypress/psoc creator/4.1/psoc creator/import/gnu/arm/5.4.1/bin/../lib/gcc/arm-none-eabi/5.4.1/armv6-m/crtn.o
START GROUP
LOAD c:/program files (x86)/cypress/psoc creator/4.1/psoc creator/import/gnu/arm/5.4.1/bin/../lib/gcc/arm-none-eabi/5.4.1/armv6-m\libgcc.a
LOAD c:/program files (x86)/cypress/psoc creator/4.1/psoc creator/import/gnu/arm/5.4.1/bin/../lib/gcc/arm-none-eabi/5.4.1/../../../../arm-none-eabi/lib/armv6-m\libc.a
LOAD c:/program files (x86)/cypress/psoc creator/4.1/psoc creator/import/gnu/arm/5.4.1/bin/../lib/gcc/arm-none-eabi/5.4.1/../../../../arm-none-eabi/lib/armv6-m\libnosys.a
END GROUP
                0x00000000                CY_APPL_ORIGIN = 0x0
                0x00000080                CY_FLASH_ROW_SIZE = 0x80
                0x00000001                CY_APPL_NUM = 0x1
                0x00000001                CY_APPL_MAX = 0x1
                0x00000040                CY_METADATA_SIZE = 0x40
                0x00000000                CY_APPL_LOADABLE = 0x0
                0x00000000                CY_CHECKSUM_EXCLUDE_SIZE = ALIGN (0x0, CY_FLASH_ROW_SIZE)
                0x00000000                CY_APP_FOR_STACK_AND_COPIER = 0x0
                [!provide]                PROVIDE (__cy_heap_start, _end)
                0x00000001                PROVIDE (__cy_region_num, ((__cy_regions_end - __cy_regions) / 0x10))
                0x20004000                PROVIDE (__cy_stack, (ORIGIN (ram) + LENGTH (ram)))
                [!provide]                PROVIDE (__cy_heap_end, (__cy_stack - 0x800))

.cybootloader   0x00000000        0x0
 *(.cybootloader)
                0x00000000                appl1_start = CY_APPL_ORIGIN?CY_APPL_ORIGIN:ALIGN (CY_FLASH_ROW_SIZE)
                0x0000ff80                appl2_start = (appl1_start + ALIGN ((((LENGTH (rom) - appl1_start) - (0x2 * CY_FLASH_ROW_SIZE)) / 0x2), CY_FLASH_ROW_SIZE))
                0x00000000                appl_start = (CY_APPL_NUM == 0x1)?appl1_start:appl2_start
                0x00000001                cy_project_type_bootloader = (appl_start == 0x0)?0x1:0x0
                0x00000000                cy_project_type_app_for_stack_and_copier = (CY_APP_FOR_STACK_AND_COPIER == 0x1)?0x1:0x0

.text           0x00000000     0x122e
 CREATE_OBJECT_SYMBOLS
                0x00000000                PROVIDE (__cy_interrupt_vector, RomVectors)
 *(.romvectors)
 .romvectors    0x00000000       0x10 .\CortexM0\ARM_GCC_541\Debug\Cm0Start.o
                0x00000000                RomVectors
                0x00000001                ASSERT ((. != __cy_interrupt_vector), No interrupt vector)
                0x00000001                ASSERT (CY_APPL_ORIGIN?(SIZEOF (.cybootloader) <= CY_APPL_ORIGIN):0x1, Wrong image location)
                0x00000010                PROVIDE (__cy_reset, Reset)
 *(.text.Reset)
 .text.Reset    0x00000010        0x8 .\CortexM0\ARM_GCC_541\Debug\Cm0Start.o
                0x00000010                Reset
                0x00000001                ASSERT ((. != __cy_reset), No reset code)
 *(.psocinit)
 .psocinit      0x00000018      0x1a4 .\CortexM0\ARM_GCC_541\Debug\cyfitter_cfg.o
                0x000000f0                cyfitter_cfg
                0x000001bc                . = MAX (., 0x100)
 *(.text .text.* .gnu.linkonce.t.*)
 .text          0x000001bc       0x60 c:/program files (x86)/cypress/psoc creator/4.1/psoc creator/import/gnu/arm/5.4.1/bin/../lib/gcc/arm-none-eabi/5.4.1/armv6-m/crtbegin.o
 .text.main     0x0000021c       0x2c .\CortexM0\ARM_GCC_541\Debug\main.o
                0x0000021c                main
 .text.cfg_write_bytes32
                0x00000248       0x34 .\CortexM0\ARM_GCC_541\Debug\cyfitter_cfg.o
 .text.AnalogSetDefault
                0x0000027c       0x20 .\CortexM0\ARM_GCC_541\Debug\cyfitter_cfg.o
 .text.CYMEMZERO
                0x0000029c        0xc .\CortexM0\ARM_GCC_541\Debug\cyfitter_cfg.o
 .text.IntDefaultHandler
                0x000002a8       0x10 .\CortexM0\ARM_GCC_541\Debug\Cm0Start.o
                0x000002a8                IntDefaultHandler
 .text._sbrk    0x000002b8       0x30 .\CortexM0\ARM_GCC_541\Debug\Cm0Start.o
                0x000002b8                _sbrk
 .text.Start_c  0x000002e8       0x48 .\CortexM0\ARM_GCC_541\Debug\Cm0Start.o
                0x000002e8                Start_c
 .text.initialize_psoc
                0x00000330       0x4c .\CortexM0\ARM_GCC_541\Debug\Cm0Start.o
                0x00000330                initialize_psoc
 .text.CySysClkWriteImoFreq
                0x0000037c       0x64 .\CortexM0\ARM_GCC_541\Debug\Greengarden.a(CyLib.o)
                0x0000037c                CySysClkWriteImoFreq
 .text.CySysClkEcoReadStatus
                0x000003e0       0x10 .\CortexM0\ARM_GCC_541\Debug\Greengarden.a(CyLib.o)
                0x000003e0                CySysClkEcoReadStatus
 .text.CyIntEnable
                0x000003f0       0x14 .\CortexM0\ARM_GCC_541\Debug\Greengarden.a(CyLib.o)
                0x000003f0                CyIntEnable
 .text.CyHalt   0x00000404        0x4 .\CortexM0\ARM_GCC_541\Debug\Greengarden.a(CyLib.o)
                0x00000404                CyHalt
 .text.CyIntSetVector
                0x00000408       0x24 .\CortexM0\ARM_GCC_541\Debug\Greengarden.a(CyLib.o)
                0x00000408                CyIntSetVector
 .text.CyDelay  0x0000042c       0x30 .\CortexM0\ARM_GCC_541\Debug\Greengarden.a(CyLib.o)
                0x0000042c                CyDelay
 .text.CyDelayUs
                0x0000045c       0x14 .\CortexM0\ARM_GCC_541\Debug\Greengarden.a(CyLib.o)
                0x0000045c                CyDelayUs
 .text.CySysClkEcoStart
                0x00000470       0x54 .\CortexM0\ARM_GCC_541\Debug\Greengarden.a(CyLib.o)
                0x00000470                CySysClkEcoStart
 .text.CySysWdtLocked
                0x000004c4       0x14 .\CortexM0\ARM_GCC_541\Debug\Greengarden.a(CyLFClk.o)
 .text.CySysClkWcoStart
                0x000004d8       0x40 .\CortexM0\ARM_GCC_541\Debug\Greengarden.a(CyLFClk.o)
                0x000004d8                CySysClkWcoStart
 .text.CySysClkWcoSetPowerMode
                0x00000518       0x80 .\CortexM0\ARM_GCC_541\Debug\Greengarden.a(CyLFClk.o)
                0x00000518                CySysClkWcoSetPowerMode
 .text.CySysWdtLock
                0x00000598       0x1c .\CortexM0\ARM_GCC_541\Debug\Greengarden.a(CyLFClk.o)
                0x00000598                CySysWdtLock
 .text.CySysWdtUnlock
                0x000005b4       0x30 .\CortexM0\ARM_GCC_541\Debug\Greengarden.a(CyLFClk.o)
                0x000005b4                CySysWdtUnlock
 .text.CySysWdtClearInterrupt
                0x000005e4       0x4c .\CortexM0\ARM_GCC_541\Debug\Greengarden.a(CyLFClk.o)
                0x000005e4                CySysWdtClearInterrupt
 .text.CySysWdtIsr
                0x00000630       0xa4 .\CortexM0\ARM_GCC_541\Debug\Greengarden.a(CyLFClk.o)
                0x00000630                CySysWdtIsr
 .text.UART_ScbModePostEnable
                0x000006d4        0x8 .\CortexM0\ARM_GCC_541\Debug\Greengarden.a(UART.o)
 .text.UART_Init
                0x000006dc        0x8 .\CortexM0\ARM_GCC_541\Debug\Greengarden.a(UART.o)
                0x000006dc                UART_Init
 .text.UART_Enable
                0x000006e4       0x18 .\CortexM0\ARM_GCC_541\Debug\Greengarden.a(UART.o)
                0x000006e4                UART_Enable
 .text.UART_Start
                0x000006fc       0x20 .\CortexM0\ARM_GCC_541\Debug\Greengarden.a(UART.o)
                0x000006fc                UART_Start
 .text.UART_UartInit
                0x0000071c       0xa4 .\CortexM0\ARM_GCC_541\Debug\Greengarden.a(UART_UART.o)
                0x0000071c                UART_UartInit
 .text.UART_UartPostEnable
                0x000007c0       0x2c .\CortexM0\ARM_GCC_541\Debug\Greengarden.a(UART_UART.o)
                0x000007c0                UART_UartPostEnable
 .text.UART_UartPutString
                0x000007ec       0x18 .\CortexM0\ARM_GCC_541\Debug\Greengarden.a(UART_UART.o)
                0x000007ec                UART_UartPutString
 .text.Pin_Moisture_Sensor_Read
                0x00000804       0x10 .\CortexM0\ARM_GCC_541\Debug\Greengarden.a(Pin_Moisture_Sensor.o)
                0x00000804                Pin_Moisture_Sensor_Read
 *fill*         0x00000814        0x4 
 .text          0x00000818       0x20 .\CortexM0\ARM_GCC_541\Debug\Greengarden.a(CyBootAsmGnu.o)
                0x00000818                CyDelayCycles
                0x0000082a                CyEnterCriticalSection
                0x00000832                CyExitCriticalSection
 .text.UART_SpiUartWriteTxData
                0x00000838       0x1c .\CortexM0\ARM_GCC_541\Debug\Greengarden.a(UART_SPI_UART.o)
                0x00000838                UART_SpiUartWriteTxData
 .text          0x00000854      0x114 c:/program files (x86)/cypress/psoc creator/4.1/psoc creator/import/gnu/arm/5.4.1/bin/../lib/gcc/arm-none-eabi/5.4.1/armv6-m\libgcc.a(_udivsi3.o)
                0x00000854                __aeabi_uidiv
                0x00000854                __udivsi3
                0x00000960                __aeabi_uidivmod
 .text          0x00000968        0x4 c:/program files (x86)/cypress/psoc creator/4.1/psoc creator/import/gnu/arm/5.4.1/bin/../lib/gcc/arm-none-eabi/5.4.1/armv6-m\libgcc.a(_dvmd_tls.o)
                0x00000968                __aeabi_idiv0
                0x00000968                __aeabi_ldiv0
 .text.__errno  0x0000096c        0xc c:/program files (x86)/cypress/psoc creator/4.1/psoc creator/import/gnu/arm/5.4.1/bin/../lib/gcc/arm-none-eabi/5.4.1/../../../../arm-none-eabi/lib/armv6-m\libg_nano.a(lib_a-errno.o)
                0x0000096c                __errno
 .text.__libc_init_array
                0x00000978       0x4c c:/program files (x86)/cypress/psoc creator/4.1/psoc creator/import/gnu/arm/5.4.1/bin/../lib/gcc/arm-none-eabi/5.4.1/../../../../arm-none-eabi/lib/armv6-m\libg_nano.a(lib_a-init.o)
                0x00000978                __libc_init_array
 .text.memset   0x000009c4       0x10 c:/program files (x86)/cypress/psoc creator/4.1/psoc creator/import/gnu/arm/5.4.1/bin/../lib/gcc/arm-none-eabi/5.4.1/../../../../arm-none-eabi/lib/armv6-m\libg_nano.a(lib_a-memset.o)
                0x000009c4                memset
 .text.sprintf  0x000009d4       0x44 c:/program files (x86)/cypress/psoc creator/4.1/psoc creator/import/gnu/arm/5.4.1/bin/../lib/gcc/arm-none-eabi/5.4.1/../../../../arm-none-eabi/lib/armv6-m\libg_nano.a(lib_a-sprintf.o)
                0x000009d4                siprintf
                0x000009d4                sprintf
 .text.__ssputs_r
                0x00000a18       0xc4 c:/program files (x86)/cypress/psoc creator/4.1/psoc creator/import/gnu/arm/5.4.1/bin/../lib/gcc/arm-none-eabi/5.4.1/../../../../arm-none-eabi/lib/armv6-m\libg_nano.a(lib_a-nano-svfprintf.o)
                0x00000a18                __ssputs_r
 .text._svfprintf_r
                0x00000adc      0x1fc c:/program files (x86)/cypress/psoc creator/4.1/psoc creator/import/gnu/arm/5.4.1/bin/../lib/gcc/arm-none-eabi/5.4.1/../../../../arm-none-eabi/lib/armv6-m\libg_nano.a(lib_a-nano-svfprintf.o)
                0x00000adc                _svfiprintf_r
                0x00000adc                _svfprintf_r
 .text._printf_common
                0x00000cd8       0xdc c:/program files (x86)/cypress/psoc creator/4.1/psoc creator/import/gnu/arm/5.4.1/bin/../lib/gcc/arm-none-eabi/5.4.1/../../../../arm-none-eabi/lib/armv6-m\libg_nano.a(lib_a-nano-vfprintf_i.o)
                0x00000cd8                _printf_common
 .text._printf_i
                0x00000db4      0x244 c:/program files (x86)/cypress/psoc creator/4.1/psoc creator/import/gnu/arm/5.4.1/bin/../lib/gcc/arm-none-eabi/5.4.1/../../../../arm-none-eabi/lib/armv6-m\libg_nano.a(lib_a-nano-vfprintf_i.o)
                0x00000db4                _printf_i
 .text.memchr   0x00000ff8       0x16 c:/program files (x86)/cypress/psoc creator/4.1/psoc creator/import/gnu/arm/5.4.1/bin/../lib/gcc/arm-none-eabi/5.4.1/../../../../arm-none-eabi/lib/armv6-m\libg_nano.a(lib_a-memchr-stub.o)
                0x00000ff8                memchr
 .text.memcpy   0x0000100e       0x12 c:/program files (x86)/cypress/psoc creator/4.1/psoc creator/import/gnu/arm/5.4.1/bin/../lib/gcc/arm-none-eabi/5.4.1/../../../../arm-none-eabi/lib/armv6-m\libg_nano.a(lib_a-memcpy-stub.o)
                0x0000100e                memcpy
 .text.memmove  0x00001020       0x2a c:/program files (x86)/cypress/psoc creator/4.1/psoc creator/import/gnu/arm/5.4.1/bin/../lib/gcc/arm-none-eabi/5.4.1/../../../../arm-none-eabi/lib/armv6-m\libg_nano.a(lib_a-memmove.o)
                0x00001020                memmove
 *fill*         0x0000104a        0x2 
 .text._free_r  0x0000104c       0x98 c:/program files (x86)/cypress/psoc creator/4.1/psoc creator/import/gnu/arm/5.4.1/bin/../lib/gcc/arm-none-eabi/5.4.1/../../../../arm-none-eabi/lib/armv6-m\libg_nano.a(lib_a-nano-freer.o)
                0x0000104c                _free_r
 .text._malloc_r
                0x000010e4       0xc0 c:/program files (x86)/cypress/psoc creator/4.1/psoc creator/import/gnu/arm/5.4.1/bin/../lib/gcc/arm-none-eabi/5.4.1/../../../../arm-none-eabi/lib/armv6-m\libg_nano.a(lib_a-nano-mallocr.o)
                0x000010e4                _malloc_r
 .text._realloc_r
                0x000011a4       0x4c c:/program files (x86)/cypress/psoc creator/4.1/psoc creator/import/gnu/arm/5.4.1/bin/../lib/gcc/arm-none-eabi/5.4.1/../../../../arm-none-eabi/lib/armv6-m\libg_nano.a(lib_a-nano-reallocr.o)
                0x000011a4                _realloc_r
 .text._sbrk_r  0x000011f0       0x24 c:/program files (x86)/cypress/psoc creator/4.1/psoc creator/import/gnu/arm/5.4.1/bin/../lib/gcc/arm-none-eabi/5.4.1/../../../../arm-none-eabi/lib/armv6-m\libg_nano.a(lib_a-sbrkr.o)
                0x000011f0                _sbrk_r
 .text.__malloc_lock
                0x00001214        0x2 c:/program files (x86)/cypress/psoc creator/4.1/psoc creator/import/gnu/arm/5.4.1/bin/../lib/gcc/arm-none-eabi/5.4.1/../../../../arm-none-eabi/lib/armv6-m\libg_nano.a(lib_a-mlock.o)
                0x00001214                __malloc_lock
 .text.__malloc_unlock
                0x00001216        0x2 c:/program files (x86)/cypress/psoc creator/4.1/psoc creator/import/gnu/arm/5.4.1/bin/../lib/gcc/arm-none-eabi/5.4.1/../../../../arm-none-eabi/lib/armv6-m\libg_nano.a(lib_a-mlock.o)
                0x00001216                __malloc_unlock
 .text._malloc_usable_size_r
                0x00001218       0x16 c:/program files (x86)/cypress/psoc creator/4.1/psoc creator/import/gnu/arm/5.4.1/bin/../lib/gcc/arm-none-eabi/5.4.1/../../../../arm-none-eabi/lib/armv6-m\libg_nano.a(lib_a-nano-msizer.o)
                0x00001218                _malloc_usable_size_r
 *(.plt)
 *(.gnu.warning)
 *(.glue_7t)
 .glue_7t       0x0000122e        0x0 linker stubs
 *(.glue_7)
 .glue_7        0x0000122e        0x0 linker stubs
 *(.vfp11_veneer)
 .vfp11_veneer  0x0000122e        0x0 linker stubs
 *(.bootloader)
 *(.ARM.extab* .gnu.linkonce.armextab.*)
 *(.gcc_except_table)

.v4_bx          0x00001230        0x0
 .v4_bx         0x00001230        0x0 linker stubs

.iplt           0x00001230        0x0
 .iplt          0x00001230        0x0 c:/program files (x86)/cypress/psoc creator/4.1/psoc creator/import/gnu/arm/5.4.1/bin/../lib/gcc/arm-none-eabi/5.4.1/armv6-m/crtbegin.o

.eh_frame_hdr
 *(.eh_frame_hdr)

.eh_frame       0x00001230        0x4
 *(.eh_frame)
 .eh_frame      0x00001230        0x0 c:/program files (x86)/cypress/psoc creator/4.1/psoc creator/import/gnu/arm/5.4.1/bin/../lib/gcc/arm-none-eabi/5.4.1/armv6-m/crtbegin.o
 .eh_frame      0x00001230        0x4 c:/program files (x86)/cypress/psoc creator/4.1/psoc creator/import/gnu/arm/5.4.1/bin/../lib/gcc/arm-none-eabi/5.4.1/armv6-m/crtend.o
                [!provide]                PROVIDE (__exidx_start, .)

.ARM.exidx
 *(.ARM.exidx* .gnu.linkonce.armexidx.*)
                0x00001234                __exidx_end = .

.rodata         0x00001234       0xbc
 *(.rodata .rodata.* .gnu.linkonce.r.*)
 .rodata.str1.4
                0x00001234        0x8 .\CortexM0\ARM_GCC_541\Debug\main.o
                                  0x6 (size before relaxing)
 .rodata        0x0000123c       0x1c .\CortexM0\ARM_GCC_541\Debug\cyfitter_cfg.o
 .rodata        0x00001258       0x2e .\CortexM0\ARM_GCC_541\Debug\Greengarden.a(CyLib.o)
                0x00001258                cyImoFreqMhz2Reg
 .rodata.str1.1
                0x00001286        0x2 c:/program files (x86)/cypress/psoc creator/4.1/psoc creator/import/gnu/arm/5.4.1/bin/../lib/gcc/arm-none-eabi/5.4.1/../../../../arm-none-eabi/lib/armv6-m\libg_nano.a(lib_a-impure.o)
 .rodata.str1.1
                0x00001288       0x11 c:/program files (x86)/cypress/psoc creator/4.1/psoc creator/import/gnu/arm/5.4.1/bin/../lib/gcc/arm-none-eabi/5.4.1/../../../../arm-none-eabi/lib/armv6-m\libg_nano.a(lib_a-nano-svfprintf.o)
 .rodata.str1.1
                0x00001299       0x22 c:/program files (x86)/cypress/psoc creator/4.1/psoc creator/import/gnu/arm/5.4.1/bin/../lib/gcc/arm-none-eabi/5.4.1/../../../../arm-none-eabi/lib/armv6-m\libg_nano.a(lib_a-nano-vfprintf_i.o)
                0x000012bc                . = ALIGN (0x4)
 *fill*         0x000012bb        0x1 
 *(.init)
 .init          0x000012bc        0x4 c:/program files (x86)/cypress/psoc creator/4.1/psoc creator/import/gnu/arm/5.4.1/bin/../lib/gcc/arm-none-eabi/5.4.1/armv6-m/crti.o
                0x000012bc                _init
 .init          0x000012c0        0x8 c:/program files (x86)/cypress/psoc creator/4.1/psoc creator/import/gnu/arm/5.4.1/bin/../lib/gcc/arm-none-eabi/5.4.1/armv6-m/crtn.o
                0x000012c8                . = ALIGN (0x4)
                0x000012c8                __preinit_array_start = .
 *(.preinit_array)
                0x000012c8                __preinit_array_end = .
                0x000012c8                . = ALIGN (0x4)
                0x000012c8                __init_array_start = .
 *(SORT(.init_array.*))
 *(.init_array)
 .init_array    0x000012c8        0x4 c:/program files (x86)/cypress/psoc creator/4.1/psoc creator/import/gnu/arm/5.4.1/bin/../lib/gcc/arm-none-eabi/5.4.1/armv6-m/crtbegin.o
 .init_array    0x000012cc        0x4 .\CortexM0\ARM_GCC_541\Debug\Cm0Start.o
                0x000012d0                __init_array_end = .
                0x000012d0                . = ALIGN (0x4)
 *(.fini)
 .fini          0x000012d0        0x4 c:/program files (x86)/cypress/psoc creator/4.1/psoc creator/import/gnu/arm/5.4.1/bin/../lib/gcc/arm-none-eabi/5.4.1/armv6-m/crti.o
                0x000012d0                _fini
 .fini          0x000012d4        0x8 c:/program files (x86)/cypress/psoc creator/4.1/psoc creator/import/gnu/arm/5.4.1/bin/../lib/gcc/arm-none-eabi/5.4.1/armv6-m/crtn.o
                0x000012dc                . = ALIGN (0x4)
                0x000012dc                __fini_array_start = .
 *(.fini_array)
 .fini_array    0x000012dc        0x4 c:/program files (x86)/cypress/psoc creator/4.1/psoc creator/import/gnu/arm/5.4.1/bin/../lib/gcc/arm-none-eabi/5.4.1/armv6-m/crtbegin.o
 *(SORT(.fini_array.*))
                0x000012e0                __fini_array_end = .
                0x000012e0                . = ALIGN (0x4)
 *crtbegin.o(.ctors)
 *(EXCLUDE_FILE(*crtend.o) .ctors)
 *(SORT(.ctors.*))
 *crtend.o(.ctors)
                0x000012e0                . = ALIGN (0x4)
 *crtbegin.o(.dtors)
 *(EXCLUDE_FILE(*crtend.o) .dtors)
 *(SORT(.dtors.*))
 *crtend.o(.dtors)
                0x000012e0                . = ALIGN (0x4)
                0x000012e0                __cy_regions = .
                0x000012e0        0x4 LONG 0x12f0 __cy_region_init_ram
                0x000012e4        0x4 LONG 0x200000c0 __cy_region_start_data
                0x000012e8        0x4 LONG 0x88 __cy_region_init_size_ram
                0x000012ec        0x4 LONG 0x58 __cy_region_zero_size_ram
                0x000012f0                __cy_regions_end = .
                0x000012f0                . = ALIGN (0x8)
                0x000012f0                _etext = .

.cy_checksum_exclude
                0x000012f0        0x0
 *(.cy_checksum_exclude)

.ramvectors     0x20000000       0xc0
                0x20000000                __cy_region_start_ram = .
 *(.ramvectors)
 .ramvectors    0x20000000       0xc0 .\CortexM0\ARM_GCC_541\Debug\Cm0Start.o
                0x20000000                CyRamVectors

.noinit
 *(.noinit)

.data           0x200000c0       0x88 load address 0x000012f0
                0x200000c0                __cy_region_start_data = .
 *(.jcr)
 .jcr           0x200000c0        0x0 c:/program files (x86)/cypress/psoc creator/4.1/psoc creator/import/gnu/arm/5.4.1/bin/../lib/gcc/arm-none-eabi/5.4.1/armv6-m/crtbegin.o
 .jcr           0x200000c0        0x4 c:/program files (x86)/cypress/psoc creator/4.1/psoc creator/import/gnu/arm/5.4.1/bin/../lib/gcc/arm-none-eabi/5.4.1/armv6-m/crtend.o
 *(.got.plt)
 *(.got)
 *(.shdata)
 *(.data .data.* .gnu.linkonce.d.*)
 .data          0x200000c4        0x4 .\CortexM0\ARM_GCC_541\Debug\Cm0Start.o
 .data          0x200000c8       0x14 .\CortexM0\ARM_GCC_541\Debug\Greengarden.a(CyLib.o)
                0x200000c8                CySysClkPumpConfig
                0x200000cc                cydelay32kMs
                0x200000d0                cydelayFreqKhz
                0x200000d4                cydelayFreqMhz
                0x200000d8                cydelayFreqHz
 .data          0x200000dc        0x8 .\CortexM0\ARM_GCC_541\Debug\Greengarden.a(CyLFClk.o)
 .data.impure_data
                0x200000e4       0x60 c:/program files (x86)/cypress/psoc creator/4.1/psoc creator/import/gnu/arm/5.4.1/bin/../lib/gcc/arm-none-eabi/5.4.1/../../../../arm-none-eabi/lib/armv6-m\libg_nano.a(lib_a-impure.o)
 .data._impure_ptr
                0x20000144        0x4 c:/program files (x86)/cypress/psoc creator/4.1/psoc creator/import/gnu/arm/5.4.1/bin/../lib/gcc/arm-none-eabi/5.4.1/../../../../arm-none-eabi/lib/armv6-m\libg_nano.a(lib_a-impure.o)
                0x20000144                _impure_ptr
                0x20000148                . = ALIGN (0x8)
 *(.ram)
                0x20000148                _edata = .

.igot.plt       0x20000148        0x0 load address 0x00001378
 .igot.plt      0x20000148        0x0 c:/program files (x86)/cypress/psoc creator/4.1/psoc creator/import/gnu/arm/5.4.1/bin/../lib/gcc/arm-none-eabi/5.4.1/armv6-m/crtbegin.o

.bss            0x20000148       0x58 load address 0x00001378
                0x20000148                PROVIDE (__bss_start__, .)
 *(.shbss)
 *(.bss .bss.* .gnu.linkonce.b.*)
 .bss           0x20000148       0x1c c:/program files (x86)/cypress/psoc creator/4.1/psoc creator/import/gnu/arm/5.4.1/bin/../lib/gcc/arm-none-eabi/5.4.1/armv6-m/crtbegin.o
 .bss           0x20000164       0x28 .\CortexM0\ARM_GCC_541\Debug\Greengarden.a(CyLFClk.o)
 .bss           0x2000018c        0x4 .\CortexM0\ARM_GCC_541\Debug\Greengarden.a(UART.o)
                0x2000018c                UART_initVar
                0x2000018e                UART_IntrTxMask
 .bss.__malloc_sbrk_start
                0x20000190        0x4 c:/program files (x86)/cypress/psoc creator/4.1/psoc creator/import/gnu/arm/5.4.1/bin/../lib/gcc/arm-none-eabi/5.4.1/../../../../arm-none-eabi/lib/armv6-m\libg_nano.a(lib_a-nano-mallocr.o)
                0x20000190                __malloc_sbrk_start
 .bss.__malloc_free_list
                0x20000194        0x4 c:/program files (x86)/cypress/psoc creator/4.1/psoc creator/import/gnu/arm/5.4.1/bin/../lib/gcc/arm-none-eabi/5.4.1/../../../../arm-none-eabi/lib/armv6-m\libg_nano.a(lib_a-nano-mallocr.o)
                0x20000194                __malloc_free_list
 *(COMMON)
 COMMON         0x20000198        0x4 c:/program files (x86)/cypress/psoc creator/4.1/psoc creator/import/gnu/arm/5.4.1/bin/../lib/gcc/arm-none-eabi/5.4.1/../../../../arm-none-eabi/lib/armv6-m\libg_nano.a(lib_a-reent.o)
                0x20000198                errno
                0x200001a0                . = ALIGN (0x8)
 *fill*         0x2000019c        0x4 
 *(.ram.b)
                0x200001a0                _end = .
                0x200001a0                __end = .
                0x200001a0                PROVIDE (end, .)
                0x200001a0                PROVIDE (__bss_end__, .)
                0x000012f0                __cy_region_init_ram = LOADADDR (.data)
                0x00000088                __cy_region_init_size_ram = (_edata - ADDR (.data))
                0x00000058                __cy_region_zero_size_ram = (_end - _edata)

.heap           0x200001a0       0x80 load address 0x00001378
                0x200001a0                . = _end
                0x20000220                . = (. + 0x80)
 *fill*         0x200001a0       0x80 
                0x20000220                __cy_heap_limit = .

.stack          0x20003800      0x800
                0x20003800                __cy_stack_limit = .
                0x20004000                . = (. + 0x800)
 *fill*         0x20003800      0x800 
                0x00000001                ASSERT ((__cy_stack_limit >= __cy_heap_limit), region RAM overflowed with stack)
                0x00000000                cy_checksum_exclude_size = (CY_APPL_LOADABLE == 0x1)?SIZEOF (.cy_checksum_exclude):0x0
                0x00000001                ASSERT ((cy_checksum_exclude_size <= CY_CHECKSUM_EXCLUDE_SIZE), CY_BOOT: Section .cy_checksum_exclude size exceedes specified limit.)
                0x0001ffc0                cyloadermeta_start = (cy_project_type_bootloader || cy_project_type_app_for_stack_and_copier)?(LENGTH (rom) - CY_METADATA_SIZE):0xf0000000

.cyloadermeta
 *(.cyloadermeta)
                0x0001ffc0                cyloadablemeta_start = cy_project_type_app_for_stack_and_copier?((LENGTH (rom) - CY_FLASH_ROW_SIZE) - CY_METADATA_SIZE):((LENGTH (rom) - (CY_FLASH_ROW_SIZE * (CY_APPL_NUM - 0x1))) - CY_METADATA_SIZE)

.cyloadablemeta
 *(.cyloadablemeta)

.cyflashprotect
                0x90400000       0x80
 *(.cyflashprotect)
 .cyflashprotect
                0x90400000       0x80 .\CortexM0\ARM_GCC_541\Debug\cymetadata.o
                0x90400000                cy_meta_flashprotect

.cymeta         0x90500000        0xc
 *(.cymeta)
 .cymeta        0x90500000        0xc .\CortexM0\ARM_GCC_541\Debug\cymetadata.o
                0x90500000                cy_metadata

.cychipprotect  0x90600000        0x1
 *(.cychipprotect)
 .cychipprotect
                0x90600000        0x1 .\CortexM0\ARM_GCC_541\Debug\cymetadata.o
                0x90600000                cy_meta_chipprotect

.rel.dyn        0x00001378        0x0 load address 0x90600004
 .rel.iplt      0x00001378        0x0 c:/program files (x86)/cypress/psoc creator/4.1/psoc creator/import/gnu/arm/5.4.1/bin/../lib/gcc/arm-none-eabi/5.4.1/armv6-m/crtbegin.o

.stab
 *(.stab)

.stabstr
 *(.stabstr)

.debug
 *(.debug)

.line
 *(.line)

.debug_srcinfo
 *(.debug_srcinfo)

.debug_sfnames
 *(.debug_sfnames)

.debug_aranges  0x00000000      0x5a0
 *(.debug_aranges)
 .debug_aranges
                0x00000000       0x20 .\CortexM0\ARM_GCC_541\Debug\main.o
 .debug_aranges
                0x00000020       0x40 .\CortexM0\ARM_GCC_541\Debug\cyfitter_cfg.o
 .debug_aranges
                0x00000060       0x18 .\CortexM0\ARM_GCC_541\Debug\cymetadata.o
 .debug_aranges
                0x00000078       0x48 .\CortexM0\ARM_GCC_541\Debug\Cm0Start.o
 .debug_aranges
                0x000000c0      0x1b0 .\CortexM0\ARM_GCC_541\Debug\Greengarden.a(CyLib.o)
 .debug_aranges
                0x00000270      0x188 .\CortexM0\ARM_GCC_541\Debug\Greengarden.a(CyLFClk.o)
 .debug_aranges
                0x000003f8       0x58 .\CortexM0\ARM_GCC_541\Debug\Greengarden.a(UART.o)
 .debug_aranges
                0x00000450       0x88 .\CortexM0\ARM_GCC_541\Debug\Greengarden.a(UART_UART.o)
 .debug_aranges
                0x000004d8       0x48 .\CortexM0\ARM_GCC_541\Debug\Greengarden.a(Pin_Moisture_Sensor.o)
 .debug_aranges
                0x00000520       0x20 .\CortexM0\ARM_GCC_541\Debug\Greengarden.a(CyBootAsmGnu.o)
 .debug_aranges
                0x00000540       0x60 .\CortexM0\ARM_GCC_541\Debug\Greengarden.a(UART_SPI_UART.o)

.debug_pubnames
 *(.debug_pubnames)

.debug_info     0x00000000     0x30d4
 *(.debug_info .gnu.linkonce.wi.*)
 .debug_info    0x00000000      0x16e .\CortexM0\ARM_GCC_541\Debug\main.o
 .debug_info    0x0000016e      0x450 .\CortexM0\ARM_GCC_541\Debug\cyfitter_cfg.o
 .debug_info    0x000005be       0xf8 .\CortexM0\ARM_GCC_541\Debug\cymetadata.o
 .debug_info    0x000006b6      0x3a2 .\CortexM0\ARM_GCC_541\Debug\Cm0Start.o
 .debug_info    0x00000a58      0xbd0 .\CortexM0\ARM_GCC_541\Debug\Greengarden.a(CyLib.o)
 .debug_info    0x00001628     0x1071 .\CortexM0\ARM_GCC_541\Debug\Greengarden.a(CyLFClk.o)
 .debug_info    0x00002699      0x23a .\CortexM0\ARM_GCC_541\Debug\Greengarden.a(UART.o)
 .debug_info    0x000028d3      0x36e .\CortexM0\ARM_GCC_541\Debug\Greengarden.a(UART_UART.o)
 .debug_info    0x00002c41      0x19d .\CortexM0\ARM_GCC_541\Debug\Greengarden.a(Pin_Moisture_Sensor.o)
 .debug_info    0x00002dde       0xd6 .\CortexM0\ARM_GCC_541\Debug\Greengarden.a(CyBootAsmGnu.o)
 .debug_info    0x00002eb4      0x220 .\CortexM0\ARM_GCC_541\Debug\Greengarden.a(UART_SPI_UART.o)

.debug_abbrev   0x00000000      0xd14
 *(.debug_abbrev)
 .debug_abbrev  0x00000000       0xd7 .\CortexM0\ARM_GCC_541\Debug\main.o
 .debug_abbrev  0x000000d7      0x1af .\CortexM0\ARM_GCC_541\Debug\cyfitter_cfg.o
 .debug_abbrev  0x00000286       0x5d .\CortexM0\ARM_GCC_541\Debug\cymetadata.o
 .debug_abbrev  0x000002e3      0x1d7 .\CortexM0\ARM_GCC_541\Debug\Cm0Start.o
 .debug_abbrev  0x000004ba      0x1e0 .\CortexM0\ARM_GCC_541\Debug\Greengarden.a(CyLib.o)
 .debug_abbrev  0x0000069a      0x248 .\CortexM0\ARM_GCC_541\Debug\Greengarden.a(CyLFClk.o)
 .debug_abbrev  0x000008e2       0xd5 .\CortexM0\ARM_GCC_541\Debug\Greengarden.a(UART.o)
 .debug_abbrev  0x000009b7      0x132 .\CortexM0\ARM_GCC_541\Debug\Greengarden.a(UART_UART.o)
 .debug_abbrev  0x00000ae9       0xc8 .\CortexM0\ARM_GCC_541\Debug\Greengarden.a(Pin_Moisture_Sensor.o)
 .debug_abbrev  0x00000bb1       0x14 .\CortexM0\ARM_GCC_541\Debug\Greengarden.a(CyBootAsmGnu.o)
 .debug_abbrev  0x00000bc5      0x14f .\CortexM0\ARM_GCC_541\Debug\Greengarden.a(UART_SPI_UART.o)

.debug_line     0x00000000     0x15d0
 *(.debug_line)
 .debug_line    0x00000000      0x124 .\CortexM0\ARM_GCC_541\Debug\main.o
 .debug_line    0x00000124      0x18b .\CortexM0\ARM_GCC_541\Debug\cyfitter_cfg.o
 .debug_line    0x000002af      0x141 .\CortexM0\ARM_GCC_541\Debug\cymetadata.o
 .debug_line    0x000003f0      0x236 .\CortexM0\ARM_GCC_541\Debug\Cm0Start.o
 .debug_line    0x00000626      0x4cc .\CortexM0\ARM_GCC_541\Debug\Greengarden.a(CyLib.o)
 .debug_line    0x00000af2      0x5db .\CortexM0\ARM_GCC_541\Debug\Greengarden.a(CyLFClk.o)
 .debug_line    0x000010cd      0x108 .\CortexM0\ARM_GCC_541\Debug\Greengarden.a(UART.o)
 .debug_line    0x000011d5      0x1ae .\CortexM0\ARM_GCC_541\Debug\Greengarden.a(UART_UART.o)
 .debug_line    0x00001383       0xcb .\CortexM0\ARM_GCC_541\Debug\Greengarden.a(Pin_Moisture_Sensor.o)
 .debug_line    0x0000144e       0x68 .\CortexM0\ARM_GCC_541\Debug\Greengarden.a(CyBootAsmGnu.o)
 .debug_line    0x000014b6      0x11a .\CortexM0\ARM_GCC_541\Debug\Greengarden.a(UART_SPI_UART.o)

.debug_frame    0x00000000     0x1140
 *(.debug_frame)
 .debug_frame   0x00000000       0x2c .\CortexM0\ARM_GCC_541\Debug\main.o
 .debug_frame   0x0000002c       0x9c .\CortexM0\ARM_GCC_541\Debug\cyfitter_cfg.o
 .debug_frame   0x000000c8       0xbc .\CortexM0\ARM_GCC_541\Debug\Cm0Start.o
 .debug_frame   0x00000184      0x444 .\CortexM0\ARM_GCC_541\Debug\Greengarden.a(CyLib.o)
 .debug_frame   0x000005c8      0x4a8 .\CortexM0\ARM_GCC_541\Debug\Greengarden.a(CyLFClk.o)
 .debug_frame   0x00000a70       0xd8 .\CortexM0\ARM_GCC_541\Debug\Greengarden.a(UART.o)
 .debug_frame   0x00000b48      0x130 .\CortexM0\ARM_GCC_541\Debug\Greengarden.a(UART_UART.o)
 .debug_frame   0x00000c78       0x70 .\CortexM0\ARM_GCC_541\Debug\Greengarden.a(Pin_Moisture_Sensor.o)
 .debug_frame   0x00000ce8       0xb0 .\CortexM0\ARM_GCC_541\Debug\Greengarden.a(UART_SPI_UART.o)
 .debug_frame   0x00000d98       0x20 c:/program files (x86)/cypress/psoc creator/4.1/psoc creator/import/gnu/arm/5.4.1/bin/../lib/gcc/arm-none-eabi/5.4.1/armv6-m\libgcc.a(_udivsi3.o)
 .debug_frame   0x00000db8       0x20 c:/program files (x86)/cypress/psoc creator/4.1/psoc creator/import/gnu/arm/5.4.1/bin/../lib/gcc/arm-none-eabi/5.4.1/armv6-m\libgcc.a(_divsi3.o)
 .debug_frame   0x00000dd8       0x20 c:/program files (x86)/cypress/psoc creator/4.1/psoc creator/import/gnu/arm/5.4.1/bin/../lib/gcc/arm-none-eabi/5.4.1/../../../../arm-none-eabi/lib/armv6-m\libg_nano.a(lib_a-errno.o)
 .debug_frame   0x00000df8       0x28 c:/program files (x86)/cypress/psoc creator/4.1/psoc creator/import/gnu/arm/5.4.1/bin/../lib/gcc/arm-none-eabi/5.4.1/../../../../arm-none-eabi/lib/armv6-m\libg_nano.a(lib_a-exit.o)
 .debug_frame   0x00000e20       0x2c c:/program files (x86)/cypress/psoc creator/4.1/psoc creator/import/gnu/arm/5.4.1/bin/../lib/gcc/arm-none-eabi/5.4.1/../../../../arm-none-eabi/lib/armv6-m\libg_nano.a(lib_a-init.o)
 .debug_frame   0x00000e4c       0x20 c:/program files (x86)/cypress/psoc creator/4.1/psoc creator/import/gnu/arm/5.4.1/bin/../lib/gcc/arm-none-eabi/5.4.1/../../../../arm-none-eabi/lib/armv6-m\libg_nano.a(lib_a-memset.o)
 .debug_frame   0x00000e6c       0x50 c:/program files (x86)/cypress/psoc creator/4.1/psoc creator/import/gnu/arm/5.4.1/bin/../lib/gcc/arm-none-eabi/5.4.1/../../../../arm-none-eabi/lib/armv6-m\libg_nano.a(lib_a-sprintf.o)
 .debug_frame   0x00000ebc       0x74 c:/program files (x86)/cypress/psoc creator/4.1/psoc creator/import/gnu/arm/5.4.1/bin/../lib/gcc/arm-none-eabi/5.4.1/../../../../arm-none-eabi/lib/armv6-m\libg_nano.a(lib_a-nano-svfprintf.o)
 .debug_frame   0x00000f30       0x54 c:/program files (x86)/cypress/psoc creator/4.1/psoc creator/import/gnu/arm/5.4.1/bin/../lib/gcc/arm-none-eabi/5.4.1/../../../../arm-none-eabi/lib/armv6-m\libg_nano.a(lib_a-nano-vfprintf_i.o)
 .debug_frame   0x00000f84       0x20 c:/program files (x86)/cypress/psoc creator/4.1/psoc creator/import/gnu/arm/5.4.1/bin/../lib/gcc/arm-none-eabi/5.4.1/../../../../arm-none-eabi/lib/armv6-m\libg_nano.a(lib_a-memchr-stub.o)
 .debug_frame   0x00000fa4       0x28 c:/program files (x86)/cypress/psoc creator/4.1/psoc creator/import/gnu/arm/5.4.1/bin/../lib/gcc/arm-none-eabi/5.4.1/../../../../arm-none-eabi/lib/armv6-m\libg_nano.a(lib_a-memcpy-stub.o)
 .debug_frame   0x00000fcc       0x28 c:/program files (x86)/cypress/psoc creator/4.1/psoc creator/import/gnu/arm/5.4.1/bin/../lib/gcc/arm-none-eabi/5.4.1/../../../../arm-none-eabi/lib/armv6-m\libg_nano.a(lib_a-memmove.o)
 .debug_frame   0x00000ff4       0x2c c:/program files (x86)/cypress/psoc creator/4.1/psoc creator/import/gnu/arm/5.4.1/bin/../lib/gcc/arm-none-eabi/5.4.1/../../../../arm-none-eabi/lib/armv6-m\libg_nano.a(lib_a-nano-freer.o)
 .debug_frame   0x00001020       0x2c c:/program files (x86)/cypress/psoc creator/4.1/psoc creator/import/gnu/arm/5.4.1/bin/../lib/gcc/arm-none-eabi/5.4.1/../../../../arm-none-eabi/lib/armv6-m\libg_nano.a(lib_a-nano-mallocr.o)
 .debug_frame   0x0000104c       0x30 c:/program files (x86)/cypress/psoc creator/4.1/psoc creator/import/gnu/arm/5.4.1/bin/../lib/gcc/arm-none-eabi/5.4.1/../../../../arm-none-eabi/lib/armv6-m\libg_nano.a(lib_a-nano-reallocr.o)
 .debug_frame   0x0000107c       0x2c c:/program files (x86)/cypress/psoc creator/4.1/psoc creator/import/gnu/arm/5.4.1/bin/../lib/gcc/arm-none-eabi/5.4.1/../../../../arm-none-eabi/lib/armv6-m\libg_nano.a(lib_a-sbrkr.o)
 .debug_frame   0x000010a8       0x30 c:/program files (x86)/cypress/psoc creator/4.1/psoc creator/import/gnu/arm/5.4.1/bin/../lib/gcc/arm-none-eabi/5.4.1/../../../../arm-none-eabi/lib/armv6-m\libg_nano.a(lib_a-mlock.o)
 .debug_frame   0x000010d8       0x20 c:/program files (x86)/cypress/psoc creator/4.1/psoc creator/import/gnu/arm/5.4.1/bin/../lib/gcc/arm-none-eabi/5.4.1/../../../../arm-none-eabi/lib/armv6-m\libg_nano.a(lib_a-nano-msizer.o)
 .debug_frame   0x000010f8       0x48 c:/program files (x86)/cypress/psoc creator/4.1/psoc creator/import/gnu/arm/5.4.1/bin/../lib/gcc/arm-none-eabi/5.4.1/../../../../arm-none-eabi/lib/armv6-m\libg_nano.a(lib_a-reent.o)

.debug_str      0x00000000     0x1576
 *(.debug_str)
 .debug_str     0x00000000      0x1e5 .\CortexM0\ARM_GCC_541\Debug\main.o
                                0x225 (size before relaxing)
 .debug_str     0x000001e5      0x183 .\CortexM0\ARM_GCC_541\Debug\cyfitter_cfg.o
                                0x36e (size before relaxing)
 .debug_str     0x00000368       0x63 .\CortexM0\ARM_GCC_541\Debug\cymetadata.o
                                0x20e (size before relaxing)
 .debug_str     0x000003cb      0x13a .\CortexM0\ARM_GCC_541\Debug\Cm0Start.o
                                0x347 (size before relaxing)
 .debug_str     0x00000505      0x512 .\CortexM0\ARM_GCC_541\Debug\Greengarden.a(CyLib.o)
                                0x781 (size before relaxing)
 .debug_str     0x00000a17      0x6f3 .\CortexM0\ARM_GCC_541\Debug\Greengarden.a(CyLFClk.o)
                                0x97e (size before relaxing)
 .debug_str     0x0000110a       0xf7 .\CortexM0\ARM_GCC_541\Debug\Greengarden.a(UART.o)
                                0x2dd (size before relaxing)
 .debug_str     0x00001201      0x19e .\CortexM0\ARM_GCC_541\Debug\Greengarden.a(UART_UART.o)
                                0x3d4 (size before relaxing)
 .debug_str     0x0000139f       0xf4 .\CortexM0\ARM_GCC_541\Debug\Greengarden.a(Pin_Moisture_Sensor.o)
                                0x2de (size before relaxing)
 .debug_str     0x00001493       0xe3 .\CortexM0\ARM_GCC_541\Debug\Greengarden.a(UART_SPI_UART.o)
                                0x314 (size before relaxing)

.debug_loc      0x00000000     0x18eb
 *(.debug_loc)
 .debug_loc     0x00000000       0x18 .\CortexM0\ARM_GCC_541\Debug\main.o
 .debug_loc     0x00000018      0x118 .\CortexM0\ARM_GCC_541\Debug\cyfitter_cfg.o
 .debug_loc     0x00000130      0x14f .\CortexM0\ARM_GCC_541\Debug\Cm0Start.o
 .debug_loc     0x0000027f      0x554 .\CortexM0\ARM_GCC_541\Debug\Greengarden.a(CyLib.o)
 .debug_loc     0x000007d3      0xdaa .\CortexM0\ARM_GCC_541\Debug\Greengarden.a(CyLFClk.o)
 .debug_loc     0x0000157d       0x7e .\CortexM0\ARM_GCC_541\Debug\Greengarden.a(UART.o)
 .debug_loc     0x000015fb      0x1b8 .\CortexM0\ARM_GCC_541\Debug\Greengarden.a(UART_UART.o)
 .debug_loc     0x000017b3       0xa2 .\CortexM0\ARM_GCC_541\Debug\Greengarden.a(Pin_Moisture_Sensor.o)
 .debug_loc     0x00001855       0x96 .\CortexM0\ARM_GCC_541\Debug\Greengarden.a(UART_SPI_UART.o)

.debug_macinfo
 *(.debug_macinfo)

.debug_ranges   0x00000000      0x4d8
 *(.debug_ranges)
 .debug_ranges  0x00000000       0x10 .\CortexM0\ARM_GCC_541\Debug\main.o
 .debug_ranges  0x00000010       0x30 .\CortexM0\ARM_GCC_541\Debug\cyfitter_cfg.o
 .debug_ranges  0x00000040       0x38 .\CortexM0\ARM_GCC_541\Debug\Cm0Start.o
 .debug_ranges  0x00000078      0x1a0 .\CortexM0\ARM_GCC_541\Debug\Greengarden.a(CyLib.o)
 .debug_ranges  0x00000218      0x178 .\CortexM0\ARM_GCC_541\Debug\Greengarden.a(CyLFClk.o)
 .debug_ranges  0x00000390       0x48 .\CortexM0\ARM_GCC_541\Debug\Greengarden.a(UART.o)
 .debug_ranges  0x000003d8       0x78 .\CortexM0\ARM_GCC_541\Debug\Greengarden.a(UART_UART.o)
 .debug_ranges  0x00000450       0x38 .\CortexM0\ARM_GCC_541\Debug\Greengarden.a(Pin_Moisture_Sensor.o)
 .debug_ranges  0x00000488       0x50 .\CortexM0\ARM_GCC_541\Debug\Greengarden.a(UART_SPI_UART.o)

.comment        0x00000000       0x6e
 .comment       0x00000000       0x6e .\CortexM0\ARM_GCC_541\Debug\main.o
                                 0x6f (size before relaxing)
 .comment       0x0000006e       0x6f .\CortexM0\ARM_GCC_541\Debug\cyfitter_cfg.o
 .comment       0x0000006e       0x6f .\CortexM0\ARM_GCC_541\Debug\cymetadata.o
 .comment       0x0000006e       0x6f .\CortexM0\ARM_GCC_541\Debug\Cm0Start.o
 .comment       0x0000006e       0x6f .\CortexM0\ARM_GCC_541\Debug\Greengarden.a(CyLib.o)
 .comment       0x0000006e       0x6f .\CortexM0\ARM_GCC_541\Debug\Greengarden.a(CyLFClk.o)
 .comment       0x0000006e       0x6f .\CortexM0\ARM_GCC_541\Debug\Greengarden.a(UART.o)
 .comment       0x0000006e       0x6f .\CortexM0\ARM_GCC_541\Debug\Greengarden.a(UART_UART.o)
 .comment       0x0000006e       0x6f .\CortexM0\ARM_GCC_541\Debug\Greengarden.a(Pin_Moisture_Sensor.o)
 .comment       0x0000006e       0x6f .\CortexM0\ARM_GCC_541\Debug\Greengarden.a(UART_SPI_UART.o)

.debug_weaknames
 *(.debug_weaknames)

.debug_funcnames
 *(.debug_funcnames)

.debug_typenames
 *(.debug_typenames)

.debug_varnames
 *(.debug_varnames)

.note.gnu.arm.ident
 *(.note.gnu.arm.ident)

.ARM.attributes
                0x00000000       0x28
 *(.ARM.attributes)
 .ARM.attributes
                0x00000000       0x1e c:/program files (x86)/cypress/psoc creator/4.1/psoc creator/import/gnu/arm/5.4.1/bin/../lib/gcc/arm-none-eabi/5.4.1/armv6-m/crti.o
 .ARM.attributes
                0x0000001e       0x2c c:/program files (x86)/cypress/psoc creator/4.1/psoc creator/import/gnu/arm/5.4.1/bin/../lib/gcc/arm-none-eabi/5.4.1/armv6-m/crtbegin.o
 .ARM.attributes
                0x0000004a       0x1b c:/program files (x86)/cypress/psoc creator/4.1/psoc creator/import/gnu/arm/5.4.1/bin/../lib/gcc/arm-none-eabi/5.4.1/../../../../arm-none-eabi/lib/armv6-m/crt0.o
 .ARM.attributes
                0x00000065       0x31 .\CortexM0\ARM_GCC_541\Debug\main.o
 .ARM.attributes
                0x00000096       0x31 .\CortexM0\ARM_GCC_541\Debug\cyfitter_cfg.o
 .ARM.attributes
                0x000000c7       0x31 .\CortexM0\ARM_GCC_541\Debug\cymetadata.o
 .ARM.attributes
                0x000000f8       0x31 .\CortexM0\ARM_GCC_541\Debug\Cm0Start.o
 .ARM.attributes
                0x00000129       0x31 .\CortexM0\ARM_GCC_541\Debug\Greengarden.a(CyLib.o)
 .ARM.attributes
                0x0000015a       0x31 .\CortexM0\ARM_GCC_541\Debug\Greengarden.a(CyLFClk.o)
 .ARM.attributes
                0x0000018b       0x31 .\CortexM0\ARM_GCC_541\Debug\Greengarden.a(UART.o)
 .ARM.attributes
                0x000001bc       0x31 .\CortexM0\ARM_GCC_541\Debug\Greengarden.a(UART_UART.o)
 .ARM.attributes
                0x000001ed       0x31 .\CortexM0\ARM_GCC_541\Debug\Greengarden.a(Pin_Moisture_Sensor.o)
 .ARM.attributes
                0x0000021e       0x21 .\CortexM0\ARM_GCC_541\Debug\Greengarden.a(CyBootAsmGnu.o)
 .ARM.attributes
                0x0000023f       0x31 .\CortexM0\ARM_GCC_541\Debug\Greengarden.a(UART_SPI_UART.o)
 .ARM.attributes
                0x00000270       0x1e c:/program files (x86)/cypress/psoc creator/4.1/psoc creator/import/gnu/arm/5.4.1/bin/../lib/gcc/arm-none-eabi/5.4.1/armv6-m\libgcc.a(_udivsi3.o)
 .ARM.attributes
                0x0000028e       0x1e c:/program files (x86)/cypress/psoc creator/4.1/psoc creator/import/gnu/arm/5.4.1/bin/../lib/gcc/arm-none-eabi/5.4.1/armv6-m\libgcc.a(_divsi3.o)
 .ARM.attributes
                0x000002ac       0x1e c:/program files (x86)/cypress/psoc creator/4.1/psoc creator/import/gnu/arm/5.4.1/bin/../lib/gcc/arm-none-eabi/5.4.1/armv6-m\libgcc.a(_dvmd_tls.o)
 .ARM.attributes
                0x000002ca       0x2c c:/program files (x86)/cypress/psoc creator/4.1/psoc creator/import/gnu/arm/5.4.1/bin/../lib/gcc/arm-none-eabi/5.4.1/../../../../arm-none-eabi/lib/armv6-m\libg_nano.a(lib_a-errno.o)
 .ARM.attributes
                0x000002f6       0x2c c:/program files (x86)/cypress/psoc creator/4.1/psoc creator/import/gnu/arm/5.4.1/bin/../lib/gcc/arm-none-eabi/5.4.1/../../../../arm-none-eabi/lib/armv6-m\libg_nano.a(lib_a-exit.o)
 .ARM.attributes
                0x00000322       0x2c c:/program files (x86)/cypress/psoc creator/4.1/psoc creator/import/gnu/arm/5.4.1/bin/../lib/gcc/arm-none-eabi/5.4.1/../../../../arm-none-eabi/lib/armv6-m\libg_nano.a(lib_a-impure.o)
 .ARM.attributes
                0x0000034e       0x2c c:/program files (x86)/cypress/psoc creator/4.1/psoc creator/import/gnu/arm/5.4.1/bin/../lib/gcc/arm-none-eabi/5.4.1/../../../../arm-none-eabi/lib/armv6-m\libg_nano.a(lib_a-init.o)
 .ARM.attributes
                0x0000037a       0x2c c:/program files (x86)/cypress/psoc creator/4.1/psoc creator/import/gnu/arm/5.4.1/bin/../lib/gcc/arm-none-eabi/5.4.1/../../../../arm-none-eabi/lib/armv6-m\libg_nano.a(lib_a-memset.o)
 .ARM.attributes
                0x000003a6       0x2c c:/program files (x86)/cypress/psoc creator/4.1/psoc creator/import/gnu/arm/5.4.1/bin/../lib/gcc/arm-none-eabi/5.4.1/../../../../arm-none-eabi/lib/armv6-m\libg_nano.a(lib_a-sprintf.o)
 .ARM.attributes
                0x000003d2       0x2c c:/program files (x86)/cypress/psoc creator/4.1/psoc creator/import/gnu/arm/5.4.1/bin/../lib/gcc/arm-none-eabi/5.4.1/../../../../arm-none-eabi/lib/armv6-m\libg_nano.a(lib_a-nano-svfprintf.o)
 .ARM.attributes
                0x000003fe       0x2c c:/program files (x86)/cypress/psoc creator/4.1/psoc creator/import/gnu/arm/5.4.1/bin/../lib/gcc/arm-none-eabi/5.4.1/../../../../arm-none-eabi/lib/armv6-m\libg_nano.a(lib_a-nano-vfprintf_i.o)
 .ARM.attributes
                0x0000042a       0x2c c:/program files (x86)/cypress/psoc creator/4.1/psoc creator/import/gnu/arm/5.4.1/bin/../lib/gcc/arm-none-eabi/5.4.1/../../../../arm-none-eabi/lib/armv6-m\libg_nano.a(lib_a-memchr-stub.o)
 .ARM.attributes
                0x00000456       0x2c c:/program files (x86)/cypress/psoc creator/4.1/psoc creator/import/gnu/arm/5.4.1/bin/../lib/gcc/arm-none-eabi/5.4.1/../../../../arm-none-eabi/lib/armv6-m\libg_nano.a(lib_a-memcpy-stub.o)
 .ARM.attributes
                0x00000482       0x2c c:/program files (x86)/cypress/psoc creator/4.1/psoc creator/import/gnu/arm/5.4.1/bin/../lib/gcc/arm-none-eabi/5.4.1/../../../../arm-none-eabi/lib/armv6-m\libg_nano.a(lib_a-memmove.o)
 .ARM.attributes
                0x000004ae       0x2c c:/program files (x86)/cypress/psoc creator/4.1/psoc creator/import/gnu/arm/5.4.1/bin/../lib/gcc/arm-none-eabi/5.4.1/../../../../arm-none-eabi/lib/armv6-m\libg_nano.a(lib_a-nano-freer.o)
 .ARM.attributes
                0x000004da       0x2c c:/program files (x86)/cypress/psoc creator/4.1/psoc creator/import/gnu/arm/5.4.1/bin/../lib/gcc/arm-none-eabi/5.4.1/../../../../arm-none-eabi/lib/armv6-m\libg_nano.a(lib_a-nano-mallocr.o)
 .ARM.attributes
                0x00000506       0x2c c:/program files (x86)/cypress/psoc creator/4.1/psoc creator/import/gnu/arm/5.4.1/bin/../lib/gcc/arm-none-eabi/5.4.1/../../../../arm-none-eabi/lib/armv6-m\libg_nano.a(lib_a-nano-reallocr.o)
 .ARM.attributes
                0x00000532       0x2c c:/program files (x86)/cypress/psoc creator/4.1/psoc creator/import/gnu/arm/5.4.1/bin/../lib/gcc/arm-none-eabi/5.4.1/../../../../arm-none-eabi/lib/armv6-m\libg_nano.a(lib_a-sbrkr.o)
 .ARM.attributes
                0x0000055e       0x2c c:/program files (x86)/cypress/psoc creator/4.1/psoc creator/import/gnu/arm/5.4.1/bin/../lib/gcc/arm-none-eabi/5.4.1/../../../../arm-none-eabi/lib/armv6-m\libg_nano.a(lib_a-mlock.o)
 .ARM.attributes
                0x0000058a       0x2c c:/program files (x86)/cypress/psoc creator/4.1/psoc creator/import/gnu/arm/5.4.1/bin/../lib/gcc/arm-none-eabi/5.4.1/../../../../arm-none-eabi/lib/armv6-m\libg_nano.a(lib_a-nano-msizer.o)
 .ARM.attributes
                0x000005b6       0x2c c:/program files (x86)/cypress/psoc creator/4.1/psoc creator/import/gnu/arm/5.4.1/bin/../lib/gcc/arm-none-eabi/5.4.1/../../../../arm-none-eabi/lib/armv6-m\libg_nano.a(lib_a-reent.o)
 .ARM.attributes
                0x000005e2       0x2c c:/program files (x86)/cypress/psoc creator/4.1/psoc creator/import/gnu/arm/5.4.1/bin/../lib/gcc/arm-none-eabi/5.4.1/armv6-m/crtend.o
 .ARM.attributes
                0x0000060e       0x1e c:/program files (x86)/cypress/psoc creator/4.1/psoc creator/import/gnu/arm/5.4.1/bin/../lib/gcc/arm-none-eabi/5.4.1/armv6-m/crtn.o

/DISCARD/
 *(.note.GNU-stack)
OUTPUT(C:\Users\Christoph Clement\Dropbox\Dokumente\Studium\6. Semester\IN8014 Embedded Systems\PSoC\Greengarden\Greengarden\Greengarden.cydsn\CortexM0\ARM_GCC_541\Debug\Greengarden.elf elf32-littlearm)
