Archive member included to satisfy reference by file (symbol)

.\CortexM0\ARM_GCC_541\Debug\Greengarden.a(Pin_LED_blue.o)
                              .\CortexM0\ARM_GCC_541\Debug\main.o (Pin_LED_blue_Write)
.\CortexM0\ARM_GCC_541\Debug\Greengarden.a(CyLib.o)
                              .\CortexM0\ARM_GCC_541\Debug\cyfitter_cfg.o (CySysClkWriteImoFreq)
.\CortexM0\ARM_GCC_541\Debug\Greengarden.a(cyPm.o)
                              .\CortexM0\ARM_GCC_541\Debug\main.o (CySysPmSleep)
.\CortexM0\ARM_GCC_541\Debug\Greengarden.a(CyLFClk.o)
                              .\CortexM0\ARM_GCC_541\Debug\cyfitter_cfg.o (CySysClkWcoStart)
.\CortexM0\ARM_GCC_541\Debug\Greengarden.a(Pin_Light_Sensor.o)
                              .\CortexM0\ARM_GCC_541\Debug\main.o (Pin_Light_Sensor_Read)
.\CortexM0\ARM_GCC_541\Debug\Greengarden.a(UART.o)
                              .\CortexM0\ARM_GCC_541\Debug\main.o (UART_Start)
.\CortexM0\ARM_GCC_541\Debug\Greengarden.a(UART_UART.o)
                              .\CortexM0\ARM_GCC_541\Debug\Greengarden.a(UART.o) (UART_UartInit)
.\CortexM0\ARM_GCC_541\Debug\Greengarden.a(Pin_Moisture_Sensor.o)
                              .\CortexM0\ARM_GCC_541\Debug\main.o (Pin_Moisture_Sensor_Read)
.\CortexM0\ARM_GCC_541\Debug\Greengarden.a(Pin_pump.o)
                              .\CortexM0\ARM_GCC_541\Debug\main.o (Pin_pump_Write)
.\CortexM0\ARM_GCC_541\Debug\Greengarden.a(RTC.o)
                              .\CortexM0\ARM_GCC_541\Debug\main.o (RTC_Start)
.\CortexM0\ARM_GCC_541\Debug\Greengarden.a(Pin_Light_Sensor_int.o)
                              .\CortexM0\ARM_GCC_541\Debug\main.o (Pin_Light_Sensor_int_StartEx)
.\CortexM0\ARM_GCC_541\Debug\Greengarden.a(Pin_Moisture_Sensor_int.o)
                              .\CortexM0\ARM_GCC_541\Debug\main.o (Pin_Moisture_Sensor_int_StartEx)
.\CortexM0\ARM_GCC_541\Debug\Greengarden.a(CyBootAsmGnu.o)
                              .\CortexM0\ARM_GCC_541\Debug\cyfitter_cfg.o (CyDelayCycles)
.\CortexM0\ARM_GCC_541\Debug\Greengarden.a(UART_SPI_UART.o)
                              .\CortexM0\ARM_GCC_541\Debug\Greengarden.a(UART_UART.o) (UART_SpiUartReadRxData)
c:/program files (x86)/cypress/psoc creator/4.1/psoc creator/import/gnu/arm/5.4.1/bin/../lib/gcc/arm-none-eabi/5.4.1/armv6-m\libgcc.a(_udivsi3.o)
                              .\CortexM0\ARM_GCC_541\Debug\Greengarden.a(CyLib.o) (__aeabi_uidiv)
c:/program files (x86)/cypress/psoc creator/4.1/psoc creator/import/gnu/arm/5.4.1/bin/../lib/gcc/arm-none-eabi/5.4.1/armv6-m\libgcc.a(_divsi3.o)
                              .\CortexM0\ARM_GCC_541\Debug\Greengarden.a(CyLFClk.o) (__aeabi_idiv)
c:/program files (x86)/cypress/psoc creator/4.1/psoc creator/import/gnu/arm/5.4.1/bin/../lib/gcc/arm-none-eabi/5.4.1/armv6-m\libgcc.a(_dvmd_tls.o)
                              c:/program files (x86)/cypress/psoc creator/4.1/psoc creator/import/gnu/arm/5.4.1/bin/../lib/gcc/arm-none-eabi/5.4.1/armv6-m\libgcc.a(_udivsi3.o) (__aeabi_idiv0)
c:/program files (x86)/cypress/psoc creator/4.1/psoc creator/import/gnu/arm/5.4.1/bin/../lib/gcc/arm-none-eabi/5.4.1/armv6-m\libgcc.a(_aeabi_uldivmod.o)
                              .\CortexM0\ARM_GCC_541\Debug\Greengarden.a(RTC.o) (__aeabi_uldivmod)
c:/program files (x86)/cypress/psoc creator/4.1/psoc creator/import/gnu/arm/5.4.1/bin/../lib/gcc/arm-none-eabi/5.4.1/armv6-m\libgcc.a(_udivmoddi4.o)
                              c:/program files (x86)/cypress/psoc creator/4.1/psoc creator/import/gnu/arm/5.4.1/bin/../lib/gcc/arm-none-eabi/5.4.1/armv6-m\libgcc.a(_aeabi_uldivmod.o) (__udivmoddi4)
c:/program files (x86)/cypress/psoc creator/4.1/psoc creator/import/gnu/arm/5.4.1/bin/../lib/gcc/arm-none-eabi/5.4.1/armv6-m\libgcc.a(_clzdi2.o)
                              c:/program files (x86)/cypress/psoc creator/4.1/psoc creator/import/gnu/arm/5.4.1/bin/../lib/gcc/arm-none-eabi/5.4.1/armv6-m\libgcc.a(_udivmoddi4.o) (__clzdi2)
c:/program files (x86)/cypress/psoc creator/4.1/psoc creator/import/gnu/arm/5.4.1/bin/../lib/gcc/arm-none-eabi/5.4.1/armv6-m\libgcc.a(_clzsi2.o)
                              c:/program files (x86)/cypress/psoc creator/4.1/psoc creator/import/gnu/arm/5.4.1/bin/../lib/gcc/arm-none-eabi/5.4.1/armv6-m\libgcc.a(_clzdi2.o) (__clzsi2)
c:/program files (x86)/cypress/psoc creator/4.1/psoc creator/import/gnu/arm/5.4.1/bin/../lib/gcc/arm-none-eabi/5.4.1/../../../../arm-none-eabi/lib/armv6-m\libg_nano.a(lib_a-errno.o)
                              .\CortexM0\ARM_GCC_541\Debug\Cm0Start.o (__errno)
c:/program files (x86)/cypress/psoc creator/4.1/psoc creator/import/gnu/arm/5.4.1/bin/../lib/gcc/arm-none-eabi/5.4.1/../../../../arm-none-eabi/lib/armv6-m\libg_nano.a(lib_a-exit.o)
                              c:/program files (x86)/cypress/psoc creator/4.1/psoc creator/import/gnu/arm/5.4.1/bin/../lib/gcc/arm-none-eabi/5.4.1/../../../../arm-none-eabi/lib/armv6-m/crt0.o (exit)
[...]
Memory Configuration

Name             Origin             Length             Attributes
rom              0x00000000         0x00020000         xr
ram              0x20000000         0x00004000         xrw
*default*        0x00000000         0xffffffff

Linker script and memory map

LOAD c:/program files (x86)/cypress/psoc creator/4.1/psoc creator/import/gnu/arm/5.4.1/bin/../lib/gcc/arm-none-eabi/5.4.1/armv6-m/crti.o
LOAD c:/program files (x86)/cypress/psoc creator/4.1/psoc creator/import/gnu/arm/5.4.1/bin/../lib/gcc/arm-none-eabi/5.4.1/armv6-m/crtbegin.o
LOAD c:/program files (x86)/cypress/psoc creator/4.1/psoc creator/import/gnu/arm/5.4.1/bin/../lib/gcc/arm-none-eabi/5.4.1/../../../../arm-none-eabi/lib/armv6-m/crt0.o
START GROUP
LOAD .\CortexM0\ARM_GCC_541\Debug\main.o
LOAD .\CortexM0\ARM_GCC_541\Debug\cyfitter_cfg.o
LOAD .\CortexM0\ARM_GCC_541\Debug\cymetadata.o
LOAD .\CortexM0\ARM_GCC_541\Debug\Cm0Start.o
LOAD .\CortexM0\ARM_GCC_541\Debug\Greengarden.a
LOAD C:\Program Files (x86)\Cypress\PSoC Creator\4.1\PSoC Creator\psoc\content\cycomponentlibrary\CyComponentLibrary.cylib\CortexM0\ARM_GCC_541\Debug\CyComponentLibrary.a
END GROUP
START GROUP
LOAD c:/program files (x86)/cypress/psoc creator/4.1/psoc creator/import/gnu/arm/5.4.1/bin/../lib/gcc/arm-none-eabi/5.4.1/armv6-m\libgcc.a
LOAD c:/program files (x86)/cypress/psoc creator/4.1/psoc creator/import/gnu/arm/5.4.1/bin/../lib/gcc/arm-none-eabi/5.4.1/../../../../arm-none-eabi/lib/armv6-m\libg_nano.a
LOAD c:/program files (x86)/cypress/psoc creator/4.1/psoc creator/import/gnu/arm/5.4.1/bin/../lib/gcc/arm-none-eabi/5.4.1/../../../../arm-none-eabi/lib/armv6-m\libc_nano.a
END GROUP
START GROUP
LOAD c:/program files (x86)/cypress/psoc creator/4.1/psoc creator/import/gnu/arm/5.4.1/bin/../lib/gcc/arm-none-eabi/5.4.1/armv6-m\libgcc.a
LOAD c:/program files (x86)/cypress/psoc creator/4.1/psoc creator/import/gnu/arm/5.4.1/bin/../lib/gcc/arm-none-eabi/5.4.1/../../../../arm-none-eabi/lib/armv6-m\libc_nano.a
END GROUP
LOAD c:/program files (x86)/cypress/psoc creator/4.1/psoc creator/import/gnu/arm/5.4.1/bin/../lib/gcc/arm-none-eabi/5.4.1/armv6-m/crtend.o
LOAD c:/program files (x86)/cypress/psoc creator/4.1/psoc creator/import/gnu/arm/5.4.1/bin/../lib/gcc/arm-none-eabi/5.4.1/armv6-m/crtn.o
START GROUP
LOAD c:/program files (x86)/cypress/psoc creator/4.1/psoc creator/import/gnu/arm/5.4.1/bin/../lib/gcc/arm-none-eabi/5.4.1/armv6-m\libgcc.a
LOAD c:/program files (x86)/cypress/psoc creator/4.1/psoc creator/import/gnu/arm/5.4.1/bin/../lib/gcc/arm-none-eabi/5.4.1/../../../../arm-none-eabi/lib/armv6-m\libc.a
LOAD c:/program files (x86)/cypress/psoc creator/4.1/psoc creator/import/gnu/arm/5.4.1/bin/../lib/gcc/arm-none-eabi/5.4.1/../../../../arm-none-eabi/lib/armv6-m\libnosys.a
END GROUP
                0x00000000                CY_APPL_ORIGIN = 0x0
                0x00000080                CY_FLASH_ROW_SIZE = 0x80
                0x00000001                CY_APPL_NUM = 0x1
                0x00000001                CY_APPL_MAX = 0x1
                0x00000040                CY_METADATA_SIZE = 0x40
                0x00000000                CY_APPL_LOADABLE = 0x0
                0x00000000                CY_CHECKSUM_EXCLUDE_SIZE = ALIGN (0x0, CY_FLASH_ROW_SIZE)
                0x00000000                CY_APP_FOR_STACK_AND_COPIER = 0x0
                [!provide]                PROVIDE (__cy_heap_start, _end)
                0x00000001                PROVIDE (__cy_region_num, ((__cy_regions_end - __cy_regions) / 0x10))
                0x20004000                PROVIDE (__cy_stack, (ORIGIN (ram) + LENGTH (ram)))
                [!provide]                PROVIDE (__cy_heap_end, (__cy_stack - 0x800))

.cybootloader   0x00000000        0x0
 *(.cybootloader)
                0x00000000                appl1_start = CY_APPL_ORIGIN?CY_APPL_ORIGIN:ALIGN (CY_FLASH_ROW_SIZE)
                0x0000ff80                appl2_start = (appl1_start + ALIGN ((((LENGTH (rom) - appl1_start) - (0x2 * CY_FLASH_ROW_SIZE)) / 0x2), CY_FLASH_ROW_SIZE))
                0x00000000                appl_start = (CY_APPL_NUM == 0x1)?appl1_start:appl2_start
                0x00000001                cy_project_type_bootloader = (appl_start == 0x0)?0x1:0x0
                0x00000000                cy_project_type_app_for_stack_and_copier = (CY_APP_FOR_STACK_AND_COPIER == 0x1)?0x1:0x0

.text           0x00000000     0x1d22
 CREATE_OBJECT_SYMBOLS
                0x00000000                PROVIDE (__cy_interrupt_vector, RomVectors)
 *(.romvectors)
 .romvectors    0x00000000       0x10 .\CortexM0\ARM_GCC_541\Debug\Cm0Start.o
                0x00000000                RomVectors
                0x00000001                ASSERT ((. != __cy_interrupt_vector), No interrupt vector)
                0x00000001                ASSERT (CY_APPL_ORIGIN?(SIZEOF (.cybootloader) <= CY_APPL_ORIGIN):0x1, Wrong image location)
                0x00000010                PROVIDE (__cy_reset, Reset)
 *(.text.Reset)
 .text.Reset    0x00000010        0x8 .\CortexM0\ARM_GCC_541\Debug\Cm0Start.o
                0x00000010                Reset
                0x00000001                ASSERT ((. != __cy_reset), No reset code)
 *(.psocinit)
 .psocinit      0x00000018      0x198 .\CortexM0\ARM_GCC_541\Debug\cyfitter_cfg.o
                0x000000f0                cyfitter_cfg
                0x000001b0                . = MAX (., 0x100)
 *(.text .text.* .gnu.linkonce.t.*)
 .text          0x000001b0       0x60 c:/program files (x86)/cypress/psoc creator/4.1/psoc creator/import/gnu/arm/5.4.1/bin/../lib/gcc/arm-none-eabi/5.4.1/armv6-m/crtbegin.o
 .text.checkLight
                0x00000210       0xdc .\CortexM0\ARM_GCC_541\Debug\main.o
                0x00000210                checkLight
 .text.Pin_Light_Sensor_Handler
                0x000002ec       0x28 .\CortexM0\ARM_GCC_541\Debug\main.o
                0x000002ec                Pin_Light_Sensor_Handler
 .text.checkMoisture
                0x00000314       0x90 .\CortexM0\ARM_GCC_541\Debug\main.o
                0x00000314                checkMoisture
 .text.Pin_Moisture_Sensor_Handler
                0x000003a4       0x28 .\CortexM0\ARM_GCC_541\Debug\main.o
                0x000003a4                Pin_Moisture_Sensor_Handler
 .text.main     0x000003cc       0x64 .\CortexM0\ARM_GCC_541\Debug\main.o
                0x000003cc                main
 .text.AnalogSetDefault
                0x00000430       0x20 .\CortexM0\ARM_GCC_541\Debug\cyfitter_cfg.o
 .text.CYMEMZERO
                0x00000450        0xc .\CortexM0\ARM_GCC_541\Debug\cyfitter_cfg.o
 .text.IntDefaultHandler
                0x0000045c       0x10 .\CortexM0\ARM_GCC_541\Debug\Cm0Start.o
                0x0000045c                IntDefaultHandler
 .text._sbrk    0x0000046c       0x30 .\CortexM0\ARM_GCC_541\Debug\Cm0Start.o
                0x0000046c                _sbrk
 .text.Start_c  0x0000049c       0x48 .\CortexM0\ARM_GCC_541\Debug\Cm0Start.o
                0x0000049c                Start_c
 .text.initialize_psoc
                0x000004e4       0x4c .\CortexM0\ARM_GCC_541\Debug\Cm0Start.o
                0x000004e4                initialize_psoc
 .text.Pin_LED_blue_Write
                0x00000530       0x18 .\CortexM0\ARM_GCC_541\Debug\Greengarden.a(Pin_LED_blue.o)
                0x00000530                Pin_LED_blue_Write
 .text.CySysClkWriteImoFreq
                0x00000548       0x64 .\CortexM0\ARM_GCC_541\Debug\Greengarden.a(CyLib.o)
                0x00000548                CySysClkWriteImoFreq
 .text.CySysClkEcoReadStatus
                0x000005ac       0x10 .\CortexM0\ARM_GCC_541\Debug\Greengarden.a(CyLib.o)
                0x000005ac                CySysClkEcoReadStatus
 .text.CyIntEnable
                0x000005bc       0x14 .\CortexM0\ARM_GCC_541\Debug\Greengarden.a(CyLib.o)
                0x000005bc                CyIntEnable
 .text.CyHalt   0x000005d0        0x4 .\CortexM0\ARM_GCC_541\Debug\Greengarden.a(CyLib.o)
                0x000005d0                CyHalt
 .text.CyIntSetVector
                0x000005d4       0x24 .\CortexM0\ARM_GCC_541\Debug\Greengarden.a(CyLib.o)
                0x000005d4                CyIntSetVector
 .text.CyDelay  0x000005f8       0x30 .\CortexM0\ARM_GCC_541\Debug\Greengarden.a(CyLib.o)
                0x000005f8                CyDelay
 .text.CyDelayUs
                0x00000628       0x14 .\CortexM0\ARM_GCC_541\Debug\Greengarden.a(CyLib.o)
                0x00000628                CyDelayUs
 .text.CySysClkEcoStart
                0x0000063c       0x54 .\CortexM0\ARM_GCC_541\Debug\Greengarden.a(CyLib.o)
                0x0000063c                CySysClkEcoStart
 .text.CySysPmSleep
                0x00000690       0x1c .\CortexM0\ARM_GCC_541\Debug\Greengarden.a(cyPm.o)
                0x00000690                CySysPmSleep
 .text.CySysWdtLocked
                0x000006ac       0x14 .\CortexM0\ARM_GCC_541\Debug\Greengarden.a(CyLFClk.o)
 .text.CySysClkWcoStart
                0x000006c0       0x40 .\CortexM0\ARM_GCC_541\Debug\Greengarden.a(CyLFClk.o)
                0x000006c0                CySysClkWcoStart
 .text.CySysClkWcoSetPowerMode
                0x00000700       0x80 .\CortexM0\ARM_GCC_541\Debug\Greengarden.a(CyLFClk.o)
                0x00000700                CySysClkWcoSetPowerMode
 .text.CySysWdtLock
                0x00000780       0x1c .\CortexM0\ARM_GCC_541\Debug\Greengarden.a(CyLFClk.o)
                0x00000780                CySysWdtLock
 .text.CySysWdtUnlock
                0x0000079c       0x30 .\CortexM0\ARM_GCC_541\Debug\Greengarden.a(CyLFClk.o)
                0x0000079c                CySysWdtUnlock
 .text.CySysWdtClearInterrupt
                0x000007cc       0x4c .\CortexM0\ARM_GCC_541\Debug\Greengarden.a(CyLFClk.o)
                0x000007cc                CySysWdtClearInterrupt
 .text.CySysWdtIsr
                0x00000818       0xa4 .\CortexM0\ARM_GCC_541\Debug\Greengarden.a(CyLFClk.o)
                0x00000818                CySysWdtIsr
 .text.Pin_Light_Sensor_Read
                0x000008bc       0x10 .\CortexM0\ARM_GCC_541\Debug\Greengarden.a(Pin_Light_Sensor.o)
                0x000008bc                Pin_Light_Sensor_Read
 .text.Pin_Light_Sensor_ClearInterrupt
                0x000008cc       0x10 .\CortexM0\ARM_GCC_541\Debug\Greengarden.a(Pin_Light_Sensor.o)
                0x000008cc                Pin_Light_Sensor_ClearInterrupt
 .text.UART_ScbModePostEnable
                0x000008dc        0x8 .\CortexM0\ARM_GCC_541\Debug\Greengarden.a(UART.o)
 .text.UART_Init
                0x000008e4        0x8 .\CortexM0\ARM_GCC_541\Debug\Greengarden.a(UART.o)
                0x000008e4                UART_Init
 .text.UART_Enable
                0x000008ec       0x18 .\CortexM0\ARM_GCC_541\Debug\Greengarden.a(UART.o)
                0x000008ec                UART_Enable
 .text.UART_Start
                0x00000904       0x20 .\CortexM0\ARM_GCC_541\Debug\Greengarden.a(UART.o)
                0x00000904                UART_Start
 .text.UART_UartInit
                0x00000924       0xa4 .\CortexM0\ARM_GCC_541\Debug\Greengarden.a(UART_UART.o)
                0x00000924                UART_UartInit
 .text.UART_UartPostEnable
                0x000009c8       0x2c .\CortexM0\ARM_GCC_541\Debug\Greengarden.a(UART_UART.o)
                0x000009c8                UART_UartPostEnable
 .text.UART_UartPutString
                0x000009f4       0x18 .\CortexM0\ARM_GCC_541\Debug\Greengarden.a(UART_UART.o)
                0x000009f4                UART_UartPutString
 .text.Pin_Moisture_Sensor_Read
                0x00000a0c       0x10 .\CortexM0\ARM_GCC_541\Debug\Greengarden.a(Pin_Moisture_Sensor.o)
                0x00000a0c                Pin_Moisture_Sensor_Read
 .text.Pin_Moisture_Sensor_ClearInterrupt
                0x00000a1c       0x14 .\CortexM0\ARM_GCC_541\Debug\Greengarden.a(Pin_Moisture_Sensor.o)
                0x00000a1c                Pin_Moisture_Sensor_ClearInterrupt
 .text.Pin_pump_Write
                0x00000a30       0x18 .\CortexM0\ARM_GCC_541\Debug\Greengarden.a(Pin_pump.o)
                0x00000a30                Pin_pump_Write
 .text.RTC_DateTimeToUnix
                0x00000a48      0x1b4 .\CortexM0\ARM_GCC_541\Debug\Greengarden.a(RTC.o)
                0x00000a48                RTC_DateTimeToUnix
 .text.RTC_SetDateAndTime
                0x00000bfc       0xc0 .\CortexM0\ARM_GCC_541\Debug\Greengarden.a(RTC.o)
                0x00000bfc                RTC_SetDateAndTime
 .text.RTC_Init
                0x00000cbc       0x40 .\CortexM0\ARM_GCC_541\Debug\Greengarden.a(RTC.o)
                0x00000cbc                RTC_Init
 .text.RTC_Start
                0x00000cfc       0x14 .\CortexM0\ARM_GCC_541\Debug\Greengarden.a(RTC.o)
                0x00000cfc                RTC_Start
 .text.RTC_DaysInMonth
                0x00000d10       0x48 .\CortexM0\ARM_GCC_541\Debug\Greengarden.a(RTC.o)
                0x00000d10                RTC_DaysInMonth
 .text.RTC_UnixToDateTime
                0x00000d58      0x2ac .\CortexM0\ARM_GCC_541\Debug\Greengarden.a(RTC.o)
                0x00000d58                RTC_UnixToDateTime
 .text.RTC_GetTime
                0x00001004       0x30 .\CortexM0\ARM_GCC_541\Debug\Greengarden.a(RTC.o)
                0x00001004                RTC_GetTime
 .text.Pin_Light_Sensor_int_SetVector
                0x00001034        0xc .\CortexM0\ARM_GCC_541\Debug\Greengarden.a(Pin_Light_Sensor_int.o)
                0x00001034                Pin_Light_Sensor_int_SetVector
 .text.Pin_Light_Sensor_int_SetPriority
                0x00001040       0x20 .\CortexM0\ARM_GCC_541\Debug\Greengarden.a(Pin_Light_Sensor_int.o)
                0x00001040                Pin_Light_Sensor_int_SetPriority
 .text.Pin_Light_Sensor_int_Enable
                0x00001060        0xc .\CortexM0\ARM_GCC_541\Debug\Greengarden.a(Pin_Light_Sensor_int.o)
                0x00001060                Pin_Light_Sensor_int_Enable
 .text.Pin_Light_Sensor_int_Disable
                0x0000106c        0xc .\CortexM0\ARM_GCC_541\Debug\Greengarden.a(Pin_Light_Sensor_int.o)
                0x0000106c                Pin_Light_Sensor_int_Disable
 .text.Pin_Light_Sensor_int_StartEx
                0x00001078       0x1c .\CortexM0\ARM_GCC_541\Debug\Greengarden.a(Pin_Light_Sensor_int.o)
                0x00001078                Pin_Light_Sensor_int_StartEx
 .text.Pin_Moisture_Sensor_int_SetVector
                0x00001094        0xc .\CortexM0\ARM_GCC_541\Debug\Greengarden.a(Pin_Moisture_Sensor_int.o)
                0x00001094                Pin_Moisture_Sensor_int_SetVector
 .text.Pin_Moisture_Sensor_int_SetPriority
                0x000010a0       0x24 .\CortexM0\ARM_GCC_541\Debug\Greengarden.a(Pin_Moisture_Sensor_int.o)
                0x000010a0                Pin_Moisture_Sensor_int_SetPriority
 .text.Pin_Moisture_Sensor_int_Enable
                0x000010c4        0xc .\CortexM0\ARM_GCC_541\Debug\Greengarden.a(Pin_Moisture_Sensor_int.o)
                0x000010c4                Pin_Moisture_Sensor_int_Enable
 .text.Pin_Moisture_Sensor_int_Disable
                0x000010d0        0xc .\CortexM0\ARM_GCC_541\Debug\Greengarden.a(Pin_Moisture_Sensor_int.o)
                0x000010d0                Pin_Moisture_Sensor_int_Disable
 .text.Pin_Moisture_Sensor_int_StartEx
                0x000010dc       0x1c .\CortexM0\ARM_GCC_541\Debug\Greengarden.a(Pin_Moisture_Sensor_int.o)
                0x000010dc                Pin_Moisture_Sensor_int_StartEx
 .text          0x000010f8       0x20 .\CortexM0\ARM_GCC_541\Debug\Greengarden.a(CyBootAsmGnu.o)
                0x000010f8                CyDelayCycles
                0x0000110a                CyEnterCriticalSection
                0x00001112                CyExitCriticalSection
 .text.UART_SpiUartWriteTxData
                0x00001118       0x1c .\CortexM0\ARM_GCC_541\Debug\Greengarden.a(UART_SPI_UART.o)
                0x00001118                UART_SpiUartWriteTxData
 .text          0x00001134      0x114 c:/program files (x86)/cypress/psoc creator/4.1/psoc creator/import/gnu/arm/5.4.1/bin/../lib/gcc/arm-none-eabi/5.4.1/armv6-m\libgcc.a(_udivsi3.o)
                0x00001134                __aeabi_uidiv
                0x00001134                __udivsi3
                0x00001240                __aeabi_uidivmod
 .text          0x00001248        0x4 c:/program files (x86)/cypress/psoc creator/4.1/psoc creator/import/gnu/arm/5.4.1/bin/../lib/gcc/arm-none-eabi/5.4.1/armv6-m\libgcc.a(_dvmd_tls.o)
                0x00001248                __aeabi_idiv0
                0x00001248                __aeabi_ldiv0
 .text          0x0000124c       0x40 c:/program files (x86)/cypress/psoc creator/4.1/psoc creator/import/gnu/arm/5.4.1/bin/../lib/gcc/arm-none-eabi/5.4.1/armv6-m\libgcc.a(_aeabi_uldivmod.o)
                0x0000124c                __aeabi_uldivmod
 .text          0x0000128c      0x180 c:/program files (x86)/cypress/psoc creator/4.1/psoc creator/import/gnu/arm/5.4.1/bin/../lib/gcc/arm-none-eabi/5.4.1/armv6-m\libgcc.a(_udivmoddi4.o)
                0x0000128c                __udivmoddi4
 .text          0x0000140c       0x18 c:/program files (x86)/cypress/psoc creator/4.1/psoc creator/import/gnu/arm/5.4.1/bin/../lib/gcc/arm-none-eabi/5.4.1/armv6-m\libgcc.a(_clzdi2.o)
                0x0000140c                __clzdi2
 .text          0x00001424       0x3c c:/program files (x86)/cypress/psoc creator/4.1/psoc creator/import/gnu/arm/5.4.1/bin/../lib/gcc/arm-none-eabi/5.4.1/armv6-m\libgcc.a(_clzsi2.o)
                0x00001424                __clzsi2
 .text.__errno  0x00001460        0xc c:/program files (x86)/cypress/psoc creator/4.1/psoc creator/import/gnu/arm/5.4.1/bin/../lib/gcc/arm-none-eabi/5.4.1/../../../../arm-none-eabi/lib/armv6-m\libg_nano.a(lib_a-errno.o)
                0x00001460                __errno
 .text.__libc_init_array
                0x0000146c       0x4c c:/program files (x86)/cypress/psoc creator/4.1/psoc creator/import/gnu/arm/5.4.1/bin/../lib/gcc/arm-none-eabi/5.4.1/../../../../arm-none-eabi/lib/armv6-m\libg_nano.a(lib_a-init.o)
                0x0000146c                __libc_init_array
 .text.memcpy   0x000014b8       0x12 c:/program files (x86)/cypress/psoc creator/4.1/psoc creator/import/gnu/arm/5.4.1/bin/../lib/gcc/arm-none-eabi/5.4.1/../../../../arm-none-eabi/lib/armv6-m\libg_nano.a(lib_a-memcpy-stub.o)
                0x000014b8                memcpy
 .text.memset   0x000014ca       0x10 c:/program files (x86)/cypress/psoc creator/4.1/psoc creator/import/gnu/arm/5.4.1/bin/../lib/gcc/arm-none-eabi/5.4.1/../../../../arm-none-eabi/lib/armv6-m\libg_nano.a(lib_a-memset.o)
                0x000014ca                memset
 *fill*         0x000014da        0x2 
 .text.sprintf  0x000014dc       0x44 c:/program files (x86)/cypress/psoc creator/4.1/psoc creator/import/gnu/arm/5.4.1/bin/../lib/gcc/arm-none-eabi/5.4.1/../../../../arm-none-eabi/lib/armv6-m\libg_nano.a(lib_a-sprintf.o)
                0x000014dc                siprintf
                0x000014dc                sprintf
 .text.__ssputs_r
                0x00001520       0xc4 c:/program files (x86)/cypress/psoc creator/4.1/psoc creator/import/gnu/arm/5.4.1/bin/../lib/gcc/arm-none-eabi/5.4.1/../../../../arm-none-eabi/lib/armv6-m\libg_nano.a(lib_a-nano-svfprintf.o)
                0x00001520                __ssputs_r
 .text._svfprintf_r
                0x000015e4      0x1fc c:/program files (x86)/cypress/psoc creator/4.1/psoc creator/import/gnu/arm/5.4.1/bin/../lib/gcc/arm-none-eabi/5.4.1/../../../../arm-none-eabi/lib/armv6-m\libg_nano.a(lib_a-nano-svfprintf.o)
                0x000015e4                _svfiprintf_r
                0x000015e4                _svfprintf_r
 .text._printf_common
                0x000017e0       0xdc c:/program files (x86)/cypress/psoc creator/4.1/psoc creator/import/gnu/arm/5.4.1/bin/../lib/gcc/arm-none-eabi/5.4.1/../../../../arm-none-eabi/lib/armv6-m\libg_nano.a(lib_a-nano-vfprintf_i.o)
                0x000017e0                _printf_common
 .text._printf_i
                0x000018bc      0x244 c:/program files (x86)/cypress/psoc creator/4.1/psoc creator/import/gnu/arm/5.4.1/bin/../lib/gcc/arm-none-eabi/5.4.1/../../../../arm-none-eabi/lib/armv6-m\libg_nano.a(lib_a-nano-vfprintf_i.o)
                0x000018bc                _printf_i
 .text.memchr   0x00001b00       0x16 c:/program files (x86)/cypress/psoc creator/4.1/psoc creator/import/gnu/arm/5.4.1/bin/../lib/gcc/arm-none-eabi/5.4.1/../../../../arm-none-eabi/lib/armv6-m\libg_nano.a(lib_a-memchr-stub.o)
                0x00001b00                memchr
 .text.memmove  0x00001b16       0x2a c:/program files (x86)/cypress/psoc creator/4.1/psoc creator/import/gnu/arm/5.4.1/bin/../lib/gcc/arm-none-eabi/5.4.1/../../../../arm-none-eabi/lib/armv6-m\libg_nano.a(lib_a-memmove.o)
                0x00001b16                memmove
 .text._free_r  0x00001b40       0x98 c:/program files (x86)/cypress/psoc creator/4.1/psoc creator/import/gnu/arm/5.4.1/bin/../lib/gcc/arm-none-eabi/5.4.1/../../../../arm-none-eabi/lib/armv6-m\libg_nano.a(lib_a-nano-freer.o)
                0x00001b40                _free_r
 .text._malloc_r
                0x00001bd8       0xc0 c:/program files (x86)/cypress/psoc creator/4.1/psoc creator/import/gnu/arm/5.4.1/bin/../lib/gcc/arm-none-eabi/5.4.1/../../../../arm-none-eabi/lib/armv6-m\libg_nano.a(lib_a-nano-mallocr.o)
                0x00001bd8                _malloc_r
 .text._realloc_r
                0x00001c98       0x4c c:/program files (x86)/cypress/psoc creator/4.1/psoc creator/import/gnu/arm/5.4.1/bin/../lib/gcc/arm-none-eabi/5.4.1/../../../../arm-none-eabi/lib/armv6-m\libg_nano.a(lib_a-nano-reallocr.o)
                0x00001c98                _realloc_r
 .text._sbrk_r  0x00001ce4       0x24 c:/program files (x86)/cypress/psoc creator/4.1/psoc creator/import/gnu/arm/5.4.1/bin/../lib/gcc/arm-none-eabi/5.4.1/../../../../arm-none-eabi/lib/armv6-m\libg_nano.a(lib_a-sbrkr.o)
                0x00001ce4                _sbrk_r
 .text.__malloc_lock
                0x00001d08        0x2 c:/program files (x86)/cypress/psoc creator/4.1/psoc creator/import/gnu/arm/5.4.1/bin/../lib/gcc/arm-none-eabi/5.4.1/../../../../arm-none-eabi/lib/armv6-m\libg_nano.a(lib_a-mlock.o)
                0x00001d08                __malloc_lock
 .text.__malloc_unlock
                0x00001d0a        0x2 c:/program files (x86)/cypress/psoc creator/4.1/psoc creator/import/gnu/arm/5.4.1/bin/../lib/gcc/arm-none-eabi/5.4.1/../../../../arm-none-eabi/lib/armv6-m\libg_nano.a(lib_a-mlock.o)
                0x00001d0a                __malloc_unlock
 .text._malloc_usable_size_r
                0x00001d0c       0x16 c:/program files (x86)/cypress/psoc creator/4.1/psoc creator/import/gnu/arm/5.4.1/bin/../lib/gcc/arm-none-eabi/5.4.1/../../../../arm-none-eabi/lib/armv6-m\libg_nano.a(lib_a-nano-msizer.o)
                0x00001d0c                _malloc_usable_size_r
 *(.plt)
 *(.gnu.warning)
 *(.glue_7t)
 .glue_7t       0x00001d22        0x0 linker stubs
 *(.glue_7)
 .glue_7        0x00001d22        0x0 linker stubs
 *(.vfp11_veneer)
 .vfp11_veneer  0x00001d22        0x0 linker stubs
 *(.bootloader)
 *(.ARM.extab* .gnu.linkonce.armextab.*)
 *(.gcc_except_table)

.v4_bx          0x00001d24        0x0
 .v4_bx         0x00001d24        0x0 linker stubs

.iplt           0x00001d24        0x0
 .iplt          0x00001d24        0x0 c:/program files (x86)/cypress/psoc creator/4.1/psoc creator/import/gnu/arm/5.4.1/bin/../lib/gcc/arm-none-eabi/5.4.1/armv6-m/crtbegin.o

.eh_frame_hdr
 *(.eh_frame_hdr)

.eh_frame       0x00001d24        0x4
 *(.eh_frame)
 .eh_frame      0x00001d24        0x0 c:/program files (x86)/cypress/psoc creator/4.1/psoc creator/import/gnu/arm/5.4.1/bin/../lib/gcc/arm-none-eabi/5.4.1/armv6-m/crtbegin.o
 .eh_frame      0x00001d24        0x4 c:/program files (x86)/cypress/psoc creator/4.1/psoc creator/import/gnu/arm/5.4.1/bin/../lib/gcc/arm-none-eabi/5.4.1/armv6-m/crtend.o
                [!provide]                PROVIDE (__exidx_start, .)

.ARM.exidx      0x00001d28        0x8
 *(.ARM.exidx* .gnu.linkonce.armexidx.*)
 .ARM.exidx     0x00001d28        0x8 c:/program files (x86)/cypress/psoc creator/4.1/psoc creator/import/gnu/arm/5.4.1/bin/../lib/gcc/arm-none-eabi/5.4.1/armv6-m\libgcc.a(_udivmoddi4.o)
                0x00001d30                __exidx_end = .

.rodata         0x00001d30      0x200
 *(.rodata .rodata.* .gnu.linkonce.r.*)
 .rodata.str1.4
                0x00001d30      0x130 .\CortexM0\ARM_GCC_541\Debug\main.o
                                0x12d (size before relaxing)
 .rodata        0x00001e60        0xc .\CortexM0\ARM_GCC_541\Debug\cyfitter_cfg.o
 .rodata        0x00001e6c       0x2e .\CortexM0\ARM_GCC_541\Debug\Greengarden.a(CyLib.o)
                0x00001e6c                cyImoFreqMhz2Reg
 *fill*         0x00001e9a        0x2 
 .rodata        0x00001e9c       0x24 .\CortexM0\ARM_GCC_541\Debug\Greengarden.a(RTC.o)
                0x00001e9c                RTC_daysBeforeMonthTbl
                0x00001eb4                RTC_daysInMonthTbl
 .rodata.str1.1
                0x00001ec0        0x2 c:/program files (x86)/cypress/psoc creator/4.1/psoc creator/import/gnu/arm/5.4.1/bin/../lib/gcc/arm-none-eabi/5.4.1/../../../../arm-none-eabi/lib/armv6-m\libg_nano.a(lib_a-impure.o)
 .rodata.str1.1
                0x00001ec2       0x11 c:/program files (x86)/cypress/psoc creator/4.1/psoc creator/import/gnu/arm/5.4.1/bin/../lib/gcc/arm-none-eabi/5.4.1/../../../../arm-none-eabi/lib/armv6-m\libg_nano.a(lib_a-nano-svfprintf.o)
 .rodata.str1.1
                0x00001ed3       0x22 c:/program files (x86)/cypress/psoc creator/4.1/psoc creator/import/gnu/arm/5.4.1/bin/../lib/gcc/arm-none-eabi/5.4.1/../../../../arm-none-eabi/lib/armv6-m\libg_nano.a(lib_a-nano-vfprintf_i.o)
                0x00001ef8                . = ALIGN (0x4)
 *fill*         0x00001ef5        0x3 
 *(.init)
 .init          0x00001ef8        0x4 c:/program files (x86)/cypress/psoc creator/4.1/psoc creator/import/gnu/arm/5.4.1/bin/../lib/gcc/arm-none-eabi/5.4.1/armv6-m/crti.o
                0x00001ef8                _init
 .init          0x00001efc        0x8 c:/program files (x86)/cypress/psoc creator/4.1/psoc creator/import/gnu/arm/5.4.1/bin/../lib/gcc/arm-none-eabi/5.4.1/armv6-m/crtn.o
                0x00001f04                . = ALIGN (0x4)
                0x00001f04                __preinit_array_start = .
 *(.preinit_array)
                0x00001f04                __preinit_array_end = .
                0x00001f04                . = ALIGN (0x4)
                0x00001f04                __init_array_start = .
 *(SORT(.init_array.*))
 *(.init_array)
 .init_array    0x00001f04        0x4 c:/program files (x86)/cypress/psoc creator/4.1/psoc creator/import/gnu/arm/5.4.1/bin/../lib/gcc/arm-none-eabi/5.4.1/armv6-m/crtbegin.o
 .init_array    0x00001f08        0x4 .\CortexM0\ARM_GCC_541\Debug\Cm0Start.o
                0x00001f0c                __init_array_end = .
                0x00001f0c                . = ALIGN (0x4)
 *(.fini)
 .fini          0x00001f0c        0x4 c:/program files (x86)/cypress/psoc creator/4.1/psoc creator/import/gnu/arm/5.4.1/bin/../lib/gcc/arm-none-eabi/5.4.1/armv6-m/crti.o
                0x00001f0c                _fini
 .fini          0x00001f10        0x8 c:/program files (x86)/cypress/psoc creator/4.1/psoc creator/import/gnu/arm/5.4.1/bin/../lib/gcc/arm-none-eabi/5.4.1/armv6-m/crtn.o
                0x00001f18                . = ALIGN (0x4)
                0x00001f18                __fini_array_start = .
 *(.fini_array)
 .fini_array    0x00001f18        0x4 c:/program files (x86)/cypress/psoc creator/4.1/psoc creator/import/gnu/arm/5.4.1/bin/../lib/gcc/arm-none-eabi/5.4.1/armv6-m/crtbegin.o
 *(SORT(.fini_array.*))
                0x00001f1c                __fini_array_end = .
                0x00001f1c                . = ALIGN (0x4)
 *crtbegin.o(.ctors)
 *(EXCLUDE_FILE(*crtend.o) .ctors)
 *(SORT(.ctors.*))
 *crtend.o(.ctors)
                0x00001f1c                . = ALIGN (0x4)
 *crtbegin.o(.dtors)
 *(EXCLUDE_FILE(*crtend.o) .dtors)
 *(SORT(.dtors.*))
 *crtend.o(.dtors)
                0x00001f1c                . = ALIGN (0x4)
                0x00001f1c                __cy_regions = .
                0x00001f1c        0x4 LONG 0x1f30 __cy_region_init_ram
                0x00001f20        0x4 LONG 0x200000c0 __cy_region_start_data
                0x00001f24        0x4 LONG 0x88 __cy_region_init_size_ram
                0x00001f28        0x4 LONG 0x190 __cy_region_zero_size_ram
                0x00001f2c                __cy_regions_end = .
                0x00001f30                . = ALIGN (0x8)
 *fill*         0x00001f2c        0x4 
                0x00001f30                _etext = .

.cy_checksum_exclude
                0x00001f30        0x0
 *(.cy_checksum_exclude)

.ramvectors     0x20000000       0xc0
                0x20000000                __cy_region_start_ram = .
 *(.ramvectors)
 .ramvectors    0x20000000       0xc0 .\CortexM0\ARM_GCC_541\Debug\Cm0Start.o
                0x20000000                CyRamVectors

.noinit
 *(.noinit)

.data           0x200000c0       0x88 load address 0x00001f30
                0x200000c0                __cy_region_start_data = .
 *(.jcr)
 .jcr           0x200000c0        0x0 c:/program files (x86)/cypress/psoc creator/4.1/psoc creator/import/gnu/arm/5.4.1/bin/../lib/gcc/arm-none-eabi/5.4.1/armv6-m/crtbegin.o
 .jcr           0x200000c0        0x4 c:/program files (x86)/cypress/psoc creator/4.1/psoc creator/import/gnu/arm/5.4.1/bin/../lib/gcc/arm-none-eabi/5.4.1/armv6-m/crtend.o
 *(.got.plt)
 *(.got)
 *(.shdata)
 *(.data .data.* .gnu.linkonce.d.*)
 .data          0x200000c4        0x4 .\CortexM0\ARM_GCC_541\Debug\Cm0Start.o
 .data          0x200000c8       0x14 .\CortexM0\ARM_GCC_541\Debug\Greengarden.a(CyLib.o)
                0x200000c8                CySysClkPumpConfig
                0x200000cc                cydelay32kMs
                0x200000d0                cydelayFreqKhz
                0x200000d4                cydelayFreqMhz
                0x200000d8                cydelayFreqHz
 .data          0x200000dc        0x8 .\CortexM0\ARM_GCC_541\Debug\Greengarden.a(CyLFClk.o)
 .data.impure_data
                0x200000e4       0x60 c:/program files (x86)/cypress/psoc creator/4.1/psoc creator/import/gnu/arm/5.4.1/bin/../lib/gcc/arm-none-eabi/5.4.1/../../../../arm-none-eabi/lib/armv6-m\libg_nano.a(lib_a-impure.o)
 .data._impure_ptr
                0x20000144        0x4 c:/program files (x86)/cypress/psoc creator/4.1/psoc creator/import/gnu/arm/5.4.1/bin/../lib/gcc/arm-none-eabi/5.4.1/../../../../arm-none-eabi/lib/armv6-m\libg_nano.a(lib_a-impure.o)
                0x20000144                _impure_ptr
                0x20000148                . = ALIGN (0x8)
 *(.ram)
                0x20000148                _edata = .

.igot.plt       0x20000148        0x0 load address 0x00001fb8
 .igot.plt      0x20000148        0x0 c:/program files (x86)/cypress/psoc creator/4.1/psoc creator/import/gnu/arm/5.4.1/bin/../lib/gcc/arm-none-eabi/5.4.1/armv6-m/crtbegin.o

.bss            0x20000148      0x190 load address 0x00001fb8
                0x20000148                PROVIDE (__bss_start__, .)
 *(.shbss)
 *(.bss .bss.* .gnu.linkonce.b.*)
 .bss           0x20000148       0x1c c:/program files (x86)/cypress/psoc creator/4.1/psoc creator/import/gnu/arm/5.4.1/bin/../lib/gcc/arm-none-eabi/5.4.1/armv6-m/crtbegin.o
 .bss           0x20000164       0x28 .\CortexM0\ARM_GCC_541\Debug\Greengarden.a(CyLFClk.o)
 .bss           0x2000018c        0x4 .\CortexM0\ARM_GCC_541\Debug\Greengarden.a(UART.o)
                0x2000018c                UART_initVar
                0x2000018e                UART_IntrTxMask
 .bss           0x20000190       0x10 .\CortexM0\ARM_GCC_541\Debug\Greengarden.a(RTC.o)
 .bss.__malloc_sbrk_start
                0x200001a0        0x4 c:/program files (x86)/cypress/psoc creator/4.1/psoc creator/import/gnu/arm/5.4.1/bin/../lib/gcc/arm-none-eabi/5.4.1/../../../../arm-none-eabi/lib/armv6-m\libg_nano.a(lib_a-nano-mallocr.o)
                0x200001a0                __malloc_sbrk_start
 .bss.__malloc_free_list
                0x200001a4        0x4 c:/program files (x86)/cypress/psoc creator/4.1/psoc creator/import/gnu/arm/5.4.1/bin/../lib/gcc/arm-none-eabi/5.4.1/../../../../arm-none-eabi/lib/armv6-m\libg_nano.a(lib_a-nano-mallocr.o)
                0x200001a4                __malloc_free_list
 *(COMMON)
 COMMON         0x200001a8      0x100 .\CortexM0\ARM_GCC_541\Debug\main.o
                0x200001a8                buffer
 COMMON         0x200002a8       0x28 .\CortexM0\ARM_GCC_541\Debug\Greengarden.a(RTC.o)
                0x200002a8                RTC_initVar
                0x200002ac                RTC_currentTimeDate
                0x200002bc                RTC_alarmCurStatus
                0x200002c0                RTC_dstStatus
                0x200002c8                RTC_unixTime
 COMMON         0x200002d0        0x4 c:/program files (x86)/cypress/psoc creator/4.1/psoc creator/import/gnu/arm/5.4.1/bin/../lib/gcc/arm-none-eabi/5.4.1/../../../../arm-none-eabi/lib/armv6-m\libg_nano.a(lib_a-reent.o)
                0x200002d0                errno
                0x200002d8                . = ALIGN (0x8)
 *fill*         0x200002d4        0x4 
 *(.ram.b)
                0x200002d8                _end = .
                0x200002d8                __end = .
                0x200002d8                PROVIDE (end, .)
                0x200002d8                PROVIDE (__bss_end__, .)
                0x00001f30                __cy_region_init_ram = LOADADDR (.data)
                0x00000088                __cy_region_init_size_ram = (_edata - ADDR (.data))
                0x00000190                __cy_region_zero_size_ram = (_end - _edata)

.heap           0x200002d8       0x80 load address 0x00001fb8
                0x200002d8                . = _end
                0x20000358                . = (. + 0x80)
 *fill*         0x200002d8       0x80 
                0x20000358                __cy_heap_limit = .

.stack          0x20003800      0x800
                0x20003800                __cy_stack_limit = .
                0x20004000                . = (. + 0x800)
 *fill*         0x20003800      0x800 
                0x00000001                ASSERT ((__cy_stack_limit >= __cy_heap_limit), region RAM overflowed with stack)
                0x00000000                cy_checksum_exclude_size = (CY_APPL_LOADABLE == 0x1)?SIZEOF (.cy_checksum_exclude):0x0
                0x00000001                ASSERT ((cy_checksum_exclude_size <= CY_CHECKSUM_EXCLUDE_SIZE), CY_BOOT: Section .cy_checksum_exclude size exceedes specified limit.)
                0x0001ffc0                cyloadermeta_start = (cy_project_type_bootloader || cy_project_type_app_for_stack_and_copier)?(LENGTH (rom) - CY_METADATA_SIZE):0xf0000000

.cyloadermeta
 *(.cyloadermeta)
                0x0001ffc0                cyloadablemeta_start = cy_project_type_app_for_stack_and_copier?((LENGTH (rom) - CY_FLASH_ROW_SIZE) - CY_METADATA_SIZE):((LENGTH (rom) - (CY_FLASH_ROW_SIZE * (CY_APPL_NUM - 0x1))) - CY_METADATA_SIZE)

.cyloadablemeta
 *(.cyloadablemeta)

.cyflashprotect
                0x90400000       0x80
 *(.cyflashprotect)
 .cyflashprotect
                0x90400000       0x80 .\CortexM0\ARM_GCC_541\Debug\cymetadata.o
                0x90400000                cy_meta_flashprotect

.cymeta         0x90500000        0xc
 *(.cymeta)
 .cymeta        0x90500000        0xc .\CortexM0\ARM_GCC_541\Debug\cymetadata.o
                0x90500000                cy_metadata

.cychipprotect  0x90600000        0x1
 *(.cychipprotect)
 .cychipprotect
                0x90600000        0x1 .\CortexM0\ARM_GCC_541\Debug\cymetadata.o
                0x90600000                cy_meta_chipprotect

.rel.dyn        0x00001fb8        0x0 load address 0x90600004
 .rel.iplt      0x00001fb8        0x0 c:/program files (x86)/cypress/psoc creator/4.1/psoc creator/import/gnu/arm/5.4.1/bin/../lib/gcc/arm-none-eabi/5.4.1/armv6-m/crtbegin.o

.stab
 *(.stab)

.stabstr
 *(.stabstr)

.debug
 *(.debug)

.line
 *(.line)

.debug_srcinfo
 *(.debug_srcinfo)

.debug_sfnames
 *(.debug_sfnames)

.debug_aranges  0x00000000      0x8a8
 *(.debug_aranges)
 .debug_aranges
                0x00000000       0x40 .\CortexM0\ARM_GCC_541\Debug\main.o
 .debug_aranges
                0x00000040       0x38 .\CortexM0\ARM_GCC_541\Debug\cyfitter_cfg.o
 .debug_aranges
                0x00000078       0x18 .\CortexM0\ARM_GCC_541\Debug\cymetadata.o
 .debug_aranges
                0x00000090       0x48 .\CortexM0\ARM_GCC_541\Debug\Cm0Start.o
 .debug_aranges
                0x000000d8       0x48 .\CortexM0\ARM_GCC_541\Debug\Greengarden.a(Pin_LED_blue.o)
 .debug_aranges
                0x00000120      0x1b0 .\CortexM0\ARM_GCC_541\Debug\Greengarden.a(CyLib.o)
 .debug_aranges
                0x000002d0       0x58 .\CortexM0\ARM_GCC_541\Debug\Greengarden.a(cyPm.o)
 .debug_aranges
                0x00000328      0x188 .\CortexM0\ARM_GCC_541\Debug\Greengarden.a(CyLFClk.o)
 .debug_aranges
                0x000004b0       0x48 .\CortexM0\ARM_GCC_541\Debug\Greengarden.a(Pin_Light_Sensor.o)
 .debug_aranges
                0x000004f8       0x58 .\CortexM0\ARM_GCC_541\Debug\Greengarden.a(UART.o)
 .debug_aranges
                0x00000550       0x88 .\CortexM0\ARM_GCC_541\Debug\Greengarden.a(UART_UART.o)
 .debug_aranges
                0x000005d8       0x48 .\CortexM0\ARM_GCC_541\Debug\Greengarden.a(Pin_Moisture_Sensor.o)
 .debug_aranges
                0x00000620       0x48 .\CortexM0\ARM_GCC_541\Debug\Greengarden.a(Pin_pump.o)
 .debug_aranges
                0x00000668       0xc0 .\CortexM0\ARM_GCC_541\Debug\Greengarden.a(RTC.o)
 .debug_aranges
                0x00000728       0x80 .\CortexM0\ARM_GCC_541\Debug\Greengarden.a(Pin_Light_Sensor_int.o)
 .debug_aranges
                0x000007a8       0x80 .\CortexM0\ARM_GCC_541\Debug\Greengarden.a(Pin_Moisture_Sensor_int.o)
 .debug_aranges
                0x00000828       0x20 .\CortexM0\ARM_GCC_541\Debug\Greengarden.a(CyBootAsmGnu.o)
 .debug_aranges
                0x00000848       0x60 .\CortexM0\ARM_GCC_541\Debug\Greengarden.a(UART_SPI_UART.o)

.debug_pubnames
 *(.debug_pubnames)

.debug_info     0x00000000     0x528b
 *(.debug_info .gnu.linkonce.wi.*)
 .debug_info    0x00000000      0x6d6 .\CortexM0\ARM_GCC_541\Debug\main.o
 .debug_info    0x000006d6      0x32d .\CortexM0\ARM_GCC_541\Debug\cyfitter_cfg.o
 .debug_info    0x00000a03       0xf8 .\CortexM0\ARM_GCC_541\Debug\cymetadata.o
 .debug_info    0x00000afb      0x3a2 .\CortexM0\ARM_GCC_541\Debug\Cm0Start.o
 .debug_info    0x00000e9d      0x19d .\CortexM0\ARM_GCC_541\Debug\Greengarden.a(Pin_LED_blue.o)
 .debug_info    0x0000103a      0xbd0 .\CortexM0\ARM_GCC_541\Debug\Greengarden.a(CyLib.o)
 .debug_info    0x00001c0a      0x2e5 .\CortexM0\ARM_GCC_541\Debug\Greengarden.a(cyPm.o)
 .debug_info    0x00001eef     0x1071 .\CortexM0\ARM_GCC_541\Debug\Greengarden.a(CyLFClk.o)
 .debug_info    0x00002f60      0x19b .\CortexM0\ARM_GCC_541\Debug\Greengarden.a(Pin_Light_Sensor.o)
 .debug_info    0x000030fb      0x23a .\CortexM0\ARM_GCC_541\Debug\Greengarden.a(UART.o)
 .debug_info    0x00003335      0x36e .\CortexM0\ARM_GCC_541\Debug\Greengarden.a(UART_UART.o)
 .debug_info    0x000036a3      0x19d .\CortexM0\ARM_GCC_541\Debug\Greengarden.a(Pin_Moisture_Sensor.o)
 .debug_info    0x00003840      0x19d .\CortexM0\ARM_GCC_541\Debug\Greengarden.a(Pin_pump.o)
 .debug_info    0x000039dd      0xfd8 .\CortexM0\ARM_GCC_541\Debug\Greengarden.a(RTC.o)
 .debug_info    0x000049b5      0x305 .\CortexM0\ARM_GCC_541\Debug\Greengarden.a(Pin_Light_Sensor_int.o)
 .debug_info    0x00004cba      0x305 .\CortexM0\ARM_GCC_541\Debug\Greengarden.a(Pin_Moisture_Sensor_int.o)
 .debug_info    0x00004fbf       0xac .\CortexM0\ARM_GCC_541\Debug\Greengarden.a(CyBootAsmGnu.o)
 .debug_info    0x0000506b      0x220 .\CortexM0\ARM_GCC_541\Debug\Greengarden.a(UART_SPI_UART.o)

.debug_abbrev   0x00000000     0x16d8
 *(.debug_abbrev)
 .debug_abbrev  0x00000000      0x189 .\CortexM0\ARM_GCC_541\Debug\main.o
 .debug_abbrev  0x00000189      0x166 .\CortexM0\ARM_GCC_541\Debug\cyfitter_cfg.o
 .debug_abbrev  0x000002ef       0x5d .\CortexM0\ARM_GCC_541\Debug\cymetadata.o
 .debug_abbrev  0x0000034c      0x1d7 .\CortexM0\ARM_GCC_541\Debug\Cm0Start.o
 .debug_abbrev  0x00000523       0xc8 .\CortexM0\ARM_GCC_541\Debug\Greengarden.a(Pin_LED_blue.o)
 .debug_abbrev  0x000005eb      0x1e0 .\CortexM0\ARM_GCC_541\Debug\Greengarden.a(CyLib.o)
 .debug_abbrev  0x000007cb      0x128 .\CortexM0\ARM_GCC_541\Debug\Greengarden.a(cyPm.o)
 .debug_abbrev  0x000008f3      0x248 .\CortexM0\ARM_GCC_541\Debug\Greengarden.a(CyLFClk.o)
 .debug_abbrev  0x00000b3b       0xc8 .\CortexM0\ARM_GCC_541\Debug\Greengarden.a(Pin_Light_Sensor.o)
 .debug_abbrev  0x00000c03       0xd5 .\CortexM0\ARM_GCC_541\Debug\Greengarden.a(UART.o)
 .debug_abbrev  0x00000cd8      0x132 .\CortexM0\ARM_GCC_541\Debug\Greengarden.a(UART_UART.o)
 .debug_abbrev  0x00000e0a       0xc8 .\CortexM0\ARM_GCC_541\Debug\Greengarden.a(Pin_Moisture_Sensor.o)
 .debug_abbrev  0x00000ed2       0xc8 .\CortexM0\ARM_GCC_541\Debug\Greengarden.a(Pin_pump.o)
 .debug_abbrev  0x00000f9a      0x2a7 .\CortexM0\ARM_GCC_541\Debug\Greengarden.a(RTC.o)
 .debug_abbrev  0x00001241      0x19a .\CortexM0\ARM_GCC_541\Debug\Greengarden.a(Pin_Light_Sensor_int.o)
 .debug_abbrev  0x000013db      0x19a .\CortexM0\ARM_GCC_541\Debug\Greengarden.a(Pin_Moisture_Sensor_int.o)
 .debug_abbrev  0x00001575       0x14 .\CortexM0\ARM_GCC_541\Debug\Greengarden.a(CyBootAsmGnu.o)
 .debug_abbrev  0x00001589      0x14f .\CortexM0\ARM_GCC_541\Debug\Greengarden.a(UART_SPI_UART.o)

.debug_line     0x00000000     0x2173
 *(.debug_line)
 .debug_line    0x00000000      0x24a .\CortexM0\ARM_GCC_541\Debug\main.o
 .debug_line    0x0000024a      0x162 .\CortexM0\ARM_GCC_541\Debug\cyfitter_cfg.o
 .debug_line    0x000003ac      0x141 .\CortexM0\ARM_GCC_541\Debug\cymetadata.o
 .debug_line    0x000004ed      0x236 .\CortexM0\ARM_GCC_541\Debug\Cm0Start.o
 .debug_line    0x00000723       0xc4 .\CortexM0\ARM_GCC_541\Debug\Greengarden.a(Pin_LED_blue.o)
 .debug_line    0x000007e7      0x4cc .\CortexM0\ARM_GCC_541\Debug\Greengarden.a(CyLib.o)
 .debug_line    0x00000cb3      0x143 .\CortexM0\ARM_GCC_541\Debug\Greengarden.a(cyPm.o)
 .debug_line    0x00000df6      0x5db .\CortexM0\ARM_GCC_541\Debug\Greengarden.a(CyLFClk.o)
 .debug_line    0x000013d1       0xc7 .\CortexM0\ARM_GCC_541\Debug\Greengarden.a(Pin_Light_Sensor.o)
 .debug_line    0x00001498      0x108 .\CortexM0\ARM_GCC_541\Debug\Greengarden.a(UART.o)
 .debug_line    0x000015a0      0x1ae .\CortexM0\ARM_GCC_541\Debug\Greengarden.a(UART_UART.o)
 .debug_line    0x0000174e       0xcb .\CortexM0\ARM_GCC_541\Debug\Greengarden.a(Pin_Moisture_Sensor.o)
 .debug_line    0x00001819       0xc0 .\CortexM0\ARM_GCC_541\Debug\Greengarden.a(Pin_pump.o)
 .debug_line    0x000018d9      0x459 .\CortexM0\ARM_GCC_541\Debug\Greengarden.a(RTC.o)
 .debug_line    0x00001d32      0x15c .\CortexM0\ARM_GCC_541\Debug\Greengarden.a(Pin_Light_Sensor_int.o)
 .debug_line    0x00001e8e      0x163 .\CortexM0\ARM_GCC_541\Debug\Greengarden.a(Pin_Moisture_Sensor_int.o)
 .debug_line    0x00001ff1       0x68 .\CortexM0\ARM_GCC_541\Debug\Greengarden.a(CyBootAsmGnu.o)
 .debug_line    0x00002059      0x11a .\CortexM0\ARM_GCC_541\Debug\Greengarden.a(UART_SPI_UART.o)

.debug_frame    0x00000000     0x18b0
 *(.debug_frame)
 .debug_frame   0x00000000       0xa4 .\CortexM0\ARM_GCC_541\Debug\main.o
 .debug_frame   0x000000a4       0x78 .\CortexM0\ARM_GCC_541\Debug\cyfitter_cfg.o
 .debug_frame   0x0000011c       0xbc .\CortexM0\ARM_GCC_541\Debug\Cm0Start.o
 .debug_frame   0x000001d8       0x70 .\CortexM0\ARM_GCC_541\Debug\Greengarden.a(Pin_LED_blue.o)
 .debug_frame   0x00000248      0x444 .\CortexM0\ARM_GCC_541\Debug\Greengarden.a(CyLib.o)
 .debug_frame   0x0000068c       0xe8 .\CortexM0\ARM_GCC_541\Debug\Greengarden.a(cyPm.o)
 .debug_frame   0x00000774      0x4a8 .\CortexM0\ARM_GCC_541\Debug\Greengarden.a(CyLFClk.o)
 .debug_frame   0x00000c1c       0x70 .\CortexM0\ARM_GCC_541\Debug\Greengarden.a(Pin_Light_Sensor.o)
 .debug_frame   0x00000c8c       0xd8 .\CortexM0\ARM_GCC_541\Debug\Greengarden.a(UART.o)
 .debug_frame   0x00000d64      0x130 .\CortexM0\ARM_GCC_541\Debug\Greengarden.a(UART_UART.o)
 .debug_frame   0x00000e94       0x70 .\CortexM0\ARM_GCC_541\Debug\Greengarden.a(Pin_Moisture_Sensor.o)
 .debug_frame   0x00000f04       0x70 .\CortexM0\ARM_GCC_541\Debug\Greengarden.a(Pin_pump.o)
 .debug_frame   0x00000f74      0x288 .\CortexM0\ARM_GCC_541\Debug\Greengarden.a(RTC.o)
 .debug_frame   0x000011fc      0x110 .\CortexM0\ARM_GCC_541\Debug\Greengarden.a(Pin_Light_Sensor_int.o)
 .debug_frame   0x0000130c      0x110 .\CortexM0\ARM_GCC_541\Debug\Greengarden.a(Pin_Moisture_Sensor_int.o)
 .debug_frame   0x0000141c       0xb0 .\CortexM0\ARM_GCC_541\Debug\Greengarden.a(UART_SPI_UART.o)
 .debug_frame   0x000014cc       0x20 c:/program files (x86)/cypress/psoc creator/4.1/psoc creator/import/gnu/arm/5.4.1/bin/../lib/gcc/arm-none-eabi/5.4.1/armv6-m\libgcc.a(_udivsi3.o)
 .debug_frame   0x000014ec       0x20 c:/program files (x86)/cypress/psoc creator/4.1/psoc creator/import/gnu/arm/5.4.1/bin/../lib/gcc/arm-none-eabi/5.4.1/armv6-m\libgcc.a(_divsi3.o)
 .debug_frame   0x0000150c       0x3c c:/program files (x86)/cypress/psoc creator/4.1/psoc creator/import/gnu/arm/5.4.1/bin/../lib/gcc/arm-none-eabi/5.4.1/armv6-m\libgcc.a(_udivmoddi4.o)
 .debug_frame   0x00001548       0x20 c:/program files (x86)/cypress/psoc creator/4.1/psoc creator/import/gnu/arm/5.4.1/bin/../lib/gcc/arm-none-eabi/5.4.1/../../../../arm-none-eabi/lib/armv6-m\libg_nano.a(lib_a-errno.o)
 .debug_frame   0x00001568       0x28 c:/program files (x86)/cypress/psoc creator/4.1/psoc creator/import/gnu/arm/5.4.1/bin/../lib/gcc/arm-none-eabi/5.4.1/../../../../arm-none-eabi/lib/armv6-m\libg_nano.a(lib_a-exit.o)
 .debug_frame   0x00001590       0x2c c:/program files (x86)/cypress/psoc creator/4.1/psoc creator/import/gnu/arm/5.4.1/bin/../lib/gcc/arm-none-eabi/5.4.1/../../../../arm-none-eabi/lib/armv6-m\libg_nano.a(lib_a-init.o)
 .debug_frame   0x000015bc       0x28 c:/program files (x86)/cypress/psoc creator/4.1/psoc creator/import/gnu/arm/5.4.1/bin/../lib/gcc/arm-none-eabi/5.4.1/../../../../arm-none-eabi/lib/armv6-m\libg_nano.a(lib_a-memcpy-stub.o)
 .debug_frame   0x000015e4       0x20 c:/program files (x86)/cypress/psoc creator/4.1/psoc creator/import/gnu/arm/5.4.1/bin/../lib/gcc/arm-none-eabi/5.4.1/../../../../arm-none-eabi/lib/armv6-m\libg_nano.a(lib_a-memset.o)
 .debug_frame   0x00001604       0x50 c:/program files (x86)/cypress/psoc creator/4.1/psoc creator/import/gnu/arm/5.4.1/bin/../lib/gcc/arm-none-eabi/5.4.1/../../../../arm-none-eabi/lib/armv6-m\libg_nano.a(lib_a-sprintf.o)
 .debug_frame   0x00001654       0x74 c:/program files (x86)/cypress/psoc creator/4.1/psoc creator/import/gnu/arm/5.4.1/bin/../lib/gcc/arm-none-eabi/5.4.1/../../../../arm-none-eabi/lib/armv6-m\libg_nano.a(lib_a-nano-svfprintf.o)
 .debug_frame   0x000016c8       0x54 c:/program files (x86)/cypress/psoc creator/4.1/psoc creator/import/gnu/arm/5.4.1/bin/../lib/gcc/arm-none-eabi/5.4.1/../../../../arm-none-eabi/lib/armv6-m\libg_nano.a(lib_a-nano-vfprintf_i.o)
 .debug_frame   0x0000171c       0x20 c:/program files (x86)/cypress/psoc creator/4.1/psoc creator/import/gnu/arm/5.4.1/bin/../lib/gcc/arm-none-eabi/5.4.1/../../../../arm-none-eabi/lib/armv6-m\libg_nano.a(lib_a-memchr-stub.o)
 .debug_frame   0x0000173c       0x28 c:/program files (x86)/cypress/psoc creator/4.1/psoc creator/import/gnu/arm/5.4.1/bin/../lib/gcc/arm-none-eabi/5.4.1/../../../../arm-none-eabi/lib/armv6-m\libg_nano.a(lib_a-memmove.o)
 .debug_frame   0x00001764       0x2c c:/program files (x86)/cypress/psoc creator/4.1/psoc creator/import/gnu/arm/5.4.1/bin/../lib/gcc/arm-none-eabi/5.4.1/../../../../arm-none-eabi/lib/armv6-m\libg_nano.a(lib_a-nano-freer.o)
 .debug_frame   0x00001790       0x2c c:/program files (x86)/cypress/psoc creator/4.1/psoc creator/import/gnu/arm/5.4.1/bin/../lib/gcc/arm-none-eabi/5.4.1/../../../../arm-none-eabi/lib/armv6-m\libg_nano.a(lib_a-nano-mallocr.o)
 .debug_frame   0x000017bc       0x30 c:/program files (x86)/cypress/psoc creator/4.1/psoc creator/import/gnu/arm/5.4.1/bin/../lib/gcc/arm-none-eabi/5.4.1/../../../../arm-none-eabi/lib/armv6-m\libg_nano.a(lib_a-nano-reallocr.o)
 .debug_frame   0x000017ec       0x2c c:/program files (x86)/cypress/psoc creator/4.1/psoc creator/import/gnu/arm/5.4.1/bin/../lib/gcc/arm-none-eabi/5.4.1/../../../../arm-none-eabi/lib/armv6-m\libg_nano.a(lib_a-sbrkr.o)
 .debug_frame   0x00001818       0x30 c:/program files (x86)/cypress/psoc creator/4.1/psoc creator/import/gnu/arm/5.4.1/bin/../lib/gcc/arm-none-eabi/5.4.1/../../../../arm-none-eabi/lib/armv6-m\libg_nano.a(lib_a-mlock.o)
 .debug_frame   0x00001848       0x20 c:/program files (x86)/cypress/psoc creator/4.1/psoc creator/import/gnu/arm/5.4.1/bin/../lib/gcc/arm-none-eabi/5.4.1/../../../../arm-none-eabi/lib/armv6-m\libg_nano.a(lib_a-nano-msizer.o)
 .debug_frame   0x00001868       0x48 c:/program files (x86)/cypress/psoc creator/4.1/psoc creator/import/gnu/arm/5.4.1/bin/../lib/gcc/arm-none-eabi/5.4.1/../../../../arm-none-eabi/lib/armv6-m\libg_nano.a(lib_a-reent.o)

.debug_str      0x00000000     0x201d
 *(.debug_str)
 .debug_str     0x00000000      0x321 .\CortexM0\ARM_GCC_541\Debug\main.o
                                0x361 (size before relaxing)
 .debug_str     0x00000321      0x11e .\CortexM0\ARM_GCC_541\Debug\cyfitter_cfg.o
                                0x2c9 (size before relaxing)
 .debug_str     0x0000043f       0x63 .\CortexM0\ARM_GCC_541\Debug\cymetadata.o
                                0x1e4 (size before relaxing)
 .debug_str     0x000004a2      0x140 .\CortexM0\ARM_GCC_541\Debug\Cm0Start.o
                                0x31d (size before relaxing)
 .debug_str     0x000005e2       0xd4 .\CortexM0\ARM_GCC_541\Debug\Greengarden.a(Pin_LED_blue.o)
                                0x283 (size before relaxing)
 .debug_str     0x000006b6      0x50b .\CortexM0\ARM_GCC_541\Debug\Greengarden.a(CyLib.o)
                                0x757 (size before relaxing)
 .debug_str     0x00000bc1       0xd7 .\CortexM0\ARM_GCC_541\Debug\Greengarden.a(cyPm.o)
                                0x2ef (size before relaxing)
 .debug_str     0x00000c98      0x6ee .\CortexM0\ARM_GCC_541\Debug\Greengarden.a(CyLFClk.o)
                                0x954 (size before relaxing)
 .debug_str     0x00001386       0x9e .\CortexM0\ARM_GCC_541\Debug\Greengarden.a(Pin_Light_Sensor.o)
                                0x29f (size before relaxing)
 .debug_str     0x00001424       0xf7 .\CortexM0\ARM_GCC_541\Debug\Greengarden.a(UART.o)
                                0x2b3 (size before relaxing)
 .debug_str     0x0000151b      0x195 .\CortexM0\ARM_GCC_541\Debug\Greengarden.a(UART_UART.o)
                                0x3aa (size before relaxing)
 .debug_str     0x000016b0       0xad .\CortexM0\ARM_GCC_541\Debug\Greengarden.a(Pin_Moisture_Sensor.o)
                                0x2b4 (size before relaxing)
 .debug_str     0x0000175d       0x8d .\CortexM0\ARM_GCC_541\Debug\Greengarden.a(Pin_pump.o)
                                0x267 (size before relaxing)
 .debug_str     0x000017ea      0x3e4 .\CortexM0\ARM_GCC_541\Debug\Greengarden.a(RTC.o)
                                0x5e8 (size before relaxing)
 .debug_str     0x00001bce      0x1aa .\CortexM0\ARM_GCC_541\Debug\Greengarden.a(Pin_Light_Sensor_int.o)
                                0x3d8 (size before relaxing)
 .debug_str     0x00001d78      0x1c2 .\CortexM0\ARM_GCC_541\Debug\Greengarden.a(Pin_Moisture_Sensor_int.o)
                                0x402 (size before relaxing)
 .debug_str     0x00001f3a       0xe3 .\CortexM0\ARM_GCC_541\Debug\Greengarden.a(UART_SPI_UART.o)
                                0x2ea (size before relaxing)

.debug_loc      0x00000000     0x2a4c
 *(.debug_loc)
 .debug_loc     0x00000000       0xcd .\CortexM0\ARM_GCC_541\Debug\main.o
 .debug_loc     0x000000cd       0xa9 .\CortexM0\ARM_GCC_541\Debug\cyfitter_cfg.o
 .debug_loc     0x00000176      0x14f .\CortexM0\ARM_GCC_541\Debug\Cm0Start.o
 .debug_loc     0x000002c5       0xa2 .\CortexM0\ARM_GCC_541\Debug\Greengarden.a(Pin_LED_blue.o)
 .debug_loc     0x00000367      0x554 .\CortexM0\ARM_GCC_541\Debug\Greengarden.a(CyLib.o)
 .debug_loc     0x000008bb       0xe1 .\CortexM0\ARM_GCC_541\Debug\Greengarden.a(cyPm.o)
 .debug_loc     0x0000099c      0xdaa .\CortexM0\ARM_GCC_541\Debug\Greengarden.a(CyLFClk.o)
 .debug_loc     0x00001746       0x81 .\CortexM0\ARM_GCC_541\Debug\Greengarden.a(Pin_Light_Sensor.o)
 .debug_loc     0x000017c7       0x7e .\CortexM0\ARM_GCC_541\Debug\Greengarden.a(UART.o)
 .debug_loc     0x00001845      0x1b8 .\CortexM0\ARM_GCC_541\Debug\Greengarden.a(UART_UART.o)
 .debug_loc     0x000019fd       0xa2 .\CortexM0\ARM_GCC_541\Debug\Greengarden.a(Pin_Moisture_Sensor.o)
 .debug_loc     0x00001a9f       0xa2 .\CortexM0\ARM_GCC_541\Debug\Greengarden.a(Pin_pump.o)
 .debug_loc     0x00001b41      0xd71 .\CortexM0\ARM_GCC_541\Debug\Greengarden.a(RTC.o)
 .debug_loc     0x000028b2       0x82 .\CortexM0\ARM_GCC_541\Debug\Greengarden.a(Pin_Light_Sensor_int.o)
 .debug_loc     0x00002934       0x82 .\CortexM0\ARM_GCC_541\Debug\Greengarden.a(Pin_Moisture_Sensor_int.o)
 .debug_loc     0x000029b6       0x96 .\CortexM0\ARM_GCC_541\Debug\Greengarden.a(UART_SPI_UART.o)

.debug_macinfo
 *(.debug_macinfo)

.debug_ranges   0x00000000      0x7b8
 *(.debug_ranges)
 .debug_ranges  0x00000000       0x78 .\CortexM0\ARM_GCC_541\Debug\main.o
 .debug_ranges  0x00000078       0x28 .\CortexM0\ARM_GCC_541\Debug\cyfitter_cfg.o
 .debug_ranges  0x000000a0       0x38 .\CortexM0\ARM_GCC_541\Debug\Cm0Start.o
 .debug_ranges  0x000000d8       0x38 .\CortexM0\ARM_GCC_541\Debug\Greengarden.a(Pin_LED_blue.o)
 .debug_ranges  0x00000110      0x1a0 .\CortexM0\ARM_GCC_541\Debug\Greengarden.a(CyLib.o)
 .debug_ranges  0x000002b0       0x48 .\CortexM0\ARM_GCC_541\Debug\Greengarden.a(cyPm.o)
 .debug_ranges  0x000002f8      0x178 .\CortexM0\ARM_GCC_541\Debug\Greengarden.a(CyLFClk.o)
 .debug_ranges  0x00000470       0x38 .\CortexM0\ARM_GCC_541\Debug\Greengarden.a(Pin_Light_Sensor.o)
 .debug_ranges  0x000004a8       0x48 .\CortexM0\ARM_GCC_541\Debug\Greengarden.a(UART.o)
 .debug_ranges  0x000004f0       0x78 .\CortexM0\ARM_GCC_541\Debug\Greengarden.a(UART_UART.o)
 .debug_ranges  0x00000568       0x38 .\CortexM0\ARM_GCC_541\Debug\Greengarden.a(Pin_Moisture_Sensor.o)
 .debug_ranges  0x000005a0       0x38 .\CortexM0\ARM_GCC_541\Debug\Greengarden.a(Pin_pump.o)
 .debug_ranges  0x000005d8       0xb0 .\CortexM0\ARM_GCC_541\Debug\Greengarden.a(RTC.o)
 .debug_ranges  0x00000688       0x70 .\CortexM0\ARM_GCC_541\Debug\Greengarden.a(Pin_Light_Sensor_int.o)
 .debug_ranges  0x000006f8       0x70 .\CortexM0\ARM_GCC_541\Debug\Greengarden.a(Pin_Moisture_Sensor_int.o)
 .debug_ranges  0x00000768       0x50 .\CortexM0\ARM_GCC_541\Debug\Greengarden.a(UART_SPI_UART.o)

.comment        0x00000000       0x6e
 .comment       0x00000000       0x6e .\CortexM0\ARM_GCC_541\Debug\main.o
                                 0x6f (size before relaxing)
 .comment       0x0000006e       0x6f .\CortexM0\ARM_GCC_541\Debug\cyfitter_cfg.o
 .comment       0x0000006e       0x6f .\CortexM0\ARM_GCC_541\Debug\cymetadata.o
 .comment       0x0000006e       0x6f .\CortexM0\ARM_GCC_541\Debug\Cm0Start.o
 .comment       0x0000006e       0x6f .\CortexM0\ARM_GCC_541\Debug\Greengarden.a(Pin_LED_blue.o)
 .comment       0x0000006e       0x6f .\CortexM0\ARM_GCC_541\Debug\Greengarden.a(CyLib.o)
 .comment       0x0000006e       0x6f .\CortexM0\ARM_GCC_541\Debug\Greengarden.a(cyPm.o)
 .comment       0x0000006e       0x6f .\CortexM0\ARM_GCC_541\Debug\Greengarden.a(CyLFClk.o)
 .comment       0x0000006e       0x6f .\CortexM0\ARM_GCC_541\Debug\Greengarden.a(Pin_Light_Sensor.o)
 .comment       0x0000006e       0x6f .\CortexM0\ARM_GCC_541\Debug\Greengarden.a(UART.o)
 .comment       0x0000006e       0x6f .\CortexM0\ARM_GCC_541\Debug\Greengarden.a(UART_UART.o)
 .comment       0x0000006e       0x6f .\CortexM0\ARM_GCC_541\Debug\Greengarden.a(Pin_Moisture_Sensor.o)
 .comment       0x0000006e       0x6f .\CortexM0\ARM_GCC_541\Debug\Greengarden.a(Pin_pump.o)
 .comment       0x0000006e       0x6f .\CortexM0\ARM_GCC_541\Debug\Greengarden.a(RTC.o)
 .comment       0x0000006e       0x6f .\CortexM0\ARM_GCC_541\Debug\Greengarden.a(Pin_Light_Sensor_int.o)
 .comment       0x0000006e       0x6f .\CortexM0\ARM_GCC_541\Debug\Greengarden.a(Pin_Moisture_Sensor_int.o)
 .comment       0x0000006e       0x6f .\CortexM0\ARM_GCC_541\Debug\Greengarden.a(UART_SPI_UART.o)

.debug_weaknames
 *(.debug_weaknames)

.debug_funcnames
 *(.debug_funcnames)

.debug_typenames
 *(.debug_typenames)

.debug_varnames
 *(.debug_varnames)

.note.gnu.arm.ident
 *(.note.gnu.arm.ident)

.ARM.attributes
                0x00000000       0x28
 *(.ARM.attributes)
 .ARM.attributes
                0x00000000       0x1e c:/program files (x86)/cypress/psoc creator/4.1/psoc creator/import/gnu/arm/5.4.1/bin/../lib/gcc/arm-none-eabi/5.4.1/armv6-m/crti.o
 .ARM.attributes
                0x0000001e       0x2c c:/program files (x86)/cypress/psoc creator/4.1/psoc creator/import/gnu/arm/5.4.1/bin/../lib/gcc/arm-none-eabi/5.4.1/armv6-m/crtbegin.o
 .ARM.attributes
                0x0000004a       0x1b c:/program files (x86)/cypress/psoc creator/4.1/psoc creator/import/gnu/arm/5.4.1/bin/../lib/gcc/arm-none-eabi/5.4.1/../../../../arm-none-eabi/lib/armv6-m/crt0.o
 .ARM.attributes
                0x00000065       0x31 .\CortexM0\ARM_GCC_541\Debug\main.o
 .ARM.attributes
                0x00000096       0x31 .\CortexM0\ARM_GCC_541\Debug\cyfitter_cfg.o
 .ARM.attributes
                0x000000c7       0x31 .\CortexM0\ARM_GCC_541\Debug\cymetadata.o
 .ARM.attributes
                0x000000f8       0x31 .\CortexM0\ARM_GCC_541\Debug\Cm0Start.o
 .ARM.attributes
                0x00000129       0x31 .\CortexM0\ARM_GCC_541\Debug\Greengarden.a(Pin_LED_blue.o)
 .ARM.attributes
                0x0000015a       0x31 .\CortexM0\ARM_GCC_541\Debug\Greengarden.a(CyLib.o)
 .ARM.attributes
                0x0000018b       0x31 .\CortexM0\ARM_GCC_541\Debug\Greengarden.a(cyPm.o)
 .ARM.attributes
                0x000001bc       0x31 .\CortexM0\ARM_GCC_541\Debug\Greengarden.a(CyLFClk.o)
 .ARM.attributes
                0x000001ed       0x31 .\CortexM0\ARM_GCC_541\Debug\Greengarden.a(Pin_Light_Sensor.o)
 .ARM.attributes
                0x0000021e       0x31 .\CortexM0\ARM_GCC_541\Debug\Greengarden.a(UART.o)
 .ARM.attributes
                0x0000024f       0x31 .\CortexM0\ARM_GCC_541\Debug\Greengarden.a(UART_UART.o)
 .ARM.attributes
                0x00000280       0x31 .\CortexM0\ARM_GCC_541\Debug\Greengarden.a(Pin_Moisture_Sensor.o)
 .ARM.attributes
                0x000002b1       0x31 .\CortexM0\ARM_GCC_541\Debug\Greengarden.a(Pin_pump.o)
 .ARM.attributes
                0x000002e2       0x31 .\CortexM0\ARM_GCC_541\Debug\Greengarden.a(RTC.o)
 .ARM.attributes
                0x00000313       0x31 .\CortexM0\ARM_GCC_541\Debug\Greengarden.a(Pin_Light_Sensor_int.o)
 .ARM.attributes
                0x00000344       0x31 .\CortexM0\ARM_GCC_541\Debug\Greengarden.a(Pin_Moisture_Sensor_int.o)
 .ARM.attributes
                0x00000375       0x21 .\CortexM0\ARM_GCC_541\Debug\Greengarden.a(CyBootAsmGnu.o)
 .ARM.attributes
                0x00000396       0x31 .\CortexM0\ARM_GCC_541\Debug\Greengarden.a(UART_SPI_UART.o)
 .ARM.attributes
                0x000003c7       0x1e c:/program files (x86)/cypress/psoc creator/4.1/psoc creator/import/gnu/arm/5.4.1/bin/../lib/gcc/arm-none-eabi/5.4.1/armv6-m\libgcc.a(_udivsi3.o)
 .ARM.attributes
                0x000003e5       0x1e c:/program files (x86)/cypress/psoc creator/4.1/psoc creator/import/gnu/arm/5.4.1/bin/../lib/gcc/arm-none-eabi/5.4.1/armv6-m\libgcc.a(_divsi3.o)
 .ARM.attributes
                0x00000403       0x1e c:/program files (x86)/cypress/psoc creator/4.1/psoc creator/import/gnu/arm/5.4.1/bin/../lib/gcc/arm-none-eabi/5.4.1/armv6-m\libgcc.a(_dvmd_tls.o)
 .ARM.attributes
                0x00000421       0x1e c:/program files (x86)/cypress/psoc creator/4.1/psoc creator/import/gnu/arm/5.4.1/bin/../lib/gcc/arm-none-eabi/5.4.1/armv6-m\libgcc.a(_aeabi_uldivmod.o)
 .ARM.attributes
                0x0000043f       0x2c c:/program files (x86)/cypress/psoc creator/4.1/psoc creator/import/gnu/arm/5.4.1/bin/../lib/gcc/arm-none-eabi/5.4.1/armv6-m\libgcc.a(_udivmoddi4.o)
 .ARM.attributes
                0x0000046b       0x1e c:/program files (x86)/cypress/psoc creator/4.1/psoc creator/import/gnu/arm/5.4.1/bin/../lib/gcc/arm-none-eabi/5.4.1/armv6-m\libgcc.a(_clzdi2.o)
 .ARM.attributes
                0x00000489       0x1e c:/program files (x86)/cypress/psoc creator/4.1/psoc creator/import/gnu/arm/5.4.1/bin/../lib/gcc/arm-none-eabi/5.4.1/armv6-m\libgcc.a(_clzsi2.o)
 .ARM.attributes
                0x000004a7       0x2c c:/program files (x86)/cypress/psoc creator/4.1/psoc creator/import/gnu/arm/5.4.1/bin/../lib/gcc/arm-none-eabi/5.4.1/../../../../arm-none-eabi/lib/armv6-m\libg_nano.a(lib_a-errno.o)
 .ARM.attributes
                0x000004d3       0x2c c:/program files (x86)/cypress/psoc creator/4.1/psoc creator/import/gnu/arm/5.4.1/bin/../lib/gcc/arm-none-eabi/5.4.1/../../../../arm-none-eabi/lib/armv6-m\libg_nano.a(lib_a-exit.o)
 .ARM.attributes
                0x000004ff       0x2c c:/program files (x86)/cypress/psoc creator/4.1/psoc creator/import/gnu/arm/5.4.1/bin/../lib/gcc/arm-none-eabi/5.4.1/../../../../arm-none-eabi/lib/armv6-m\libg_nano.a(lib_a-impure.o)
 .ARM.attributes
                0x0000052b       0x2c c:/program files (x86)/cypress/psoc creator/4.1/psoc creator/import/gnu/arm/5.4.1/bin/../lib/gcc/arm-none-eabi/5.4.1/../../../../arm-none-eabi/lib/armv6-m\libg_nano.a(lib_a-init.o)
 .ARM.attributes
                0x00000557       0x2c c:/program files (x86)/cypress/psoc creator/4.1/psoc creator/import/gnu/arm/5.4.1/bin/../lib/gcc/arm-none-eabi/5.4.1/../../../../arm-none-eabi/lib/armv6-m\libg_nano.a(lib_a-memcpy-stub.o)
 .ARM.attributes
                0x00000583       0x2c c:/program files (x86)/cypress/psoc creator/4.1/psoc creator/import/gnu/arm/5.4.1/bin/../lib/gcc/arm-none-eabi/5.4.1/../../../../arm-none-eabi/lib/armv6-m\libg_nano.a(lib_a-memset.o)
 .ARM.attributes
                0x000005af       0x2c c:/program files (x86)/cypress/psoc creator/4.1/psoc creator/import/gnu/arm/5.4.1/bin/../lib/gcc/arm-none-eabi/5.4.1/../../../../arm-none-eabi/lib/armv6-m\libg_nano.a(lib_a-sprintf.o)
 .ARM.attributes
                0x000005db       0x2c c:/program files (x86)/cypress/psoc creator/4.1/psoc creator/import/gnu/arm/5.4.1/bin/../lib/gcc/arm-none-eabi/5.4.1/../../../../arm-none-eabi/lib/armv6-m\libg_nano.a(lib_a-nano-svfprintf.o)
 .ARM.attributes
                0x00000607       0x2c c:/program files (x86)/cypress/psoc creator/4.1/psoc creator/import/gnu/arm/5.4.1/bin/../lib/gcc/arm-none-eabi/5.4.1/../../../../arm-none-eabi/lib/armv6-m\libg_nano.a(lib_a-nano-vfprintf_i.o)
 .ARM.attributes
                0x00000633       0x2c c:/program files (x86)/cypress/psoc creator/4.1/psoc creator/import/gnu/arm/5.4.1/bin/../lib/gcc/arm-none-eabi/5.4.1/../../../../arm-none-eabi/lib/armv6-m\libg_nano.a(lib_a-memchr-stub.o)
 .ARM.attributes
                0x0000065f       0x2c c:/program files (x86)/cypress/psoc creator/4.1/psoc creator/import/gnu/arm/5.4.1/bin/../lib/gcc/arm-none-eabi/5.4.1/../../../../arm-none-eabi/lib/armv6-m\libg_nano.a(lib_a-memmove.o)
 .ARM.attributes
                0x0000068b       0x2c c:/program files (x86)/cypress/psoc creator/4.1/psoc creator/import/gnu/arm/5.4.1/bin/../lib/gcc/arm-none-eabi/5.4.1/../../../../arm-none-eabi/lib/armv6-m\libg_nano.a(lib_a-nano-freer.o)
 .ARM.attributes
                0x000006b7       0x2c c:/program files (x86)/cypress/psoc creator/4.1/psoc creator/import/gnu/arm/5.4.1/bin/../lib/gcc/arm-none-eabi/5.4.1/../../../../arm-none-eabi/lib/armv6-m\libg_nano.a(lib_a-nano-mallocr.o)
 .ARM.attributes
                0x000006e3       0x2c c:/program files (x86)/cypress/psoc creator/4.1/psoc creator/import/gnu/arm/5.4.1/bin/../lib/gcc/arm-none-eabi/5.4.1/../../../../arm-none-eabi/lib/armv6-m\libg_nano.a(lib_a-nano-reallocr.o)
 .ARM.attributes
                0x0000070f       0x2c c:/program files (x86)/cypress/psoc creator/4.1/psoc creator/import/gnu/arm/5.4.1/bin/../lib/gcc/arm-none-eabi/5.4.1/../../../../arm-none-eabi/lib/armv6-m\libg_nano.a(lib_a-sbrkr.o)
 .ARM.attributes
                0x0000073b       0x2c c:/program files (x86)/cypress/psoc creator/4.1/psoc creator/import/gnu/arm/5.4.1/bin/../lib/gcc/arm-none-eabi/5.4.1/../../../../arm-none-eabi/lib/armv6-m\libg_nano.a(lib_a-mlock.o)
 .ARM.attributes
                0x00000767       0x2c c:/program files (x86)/cypress/psoc creator/4.1/psoc creator/import/gnu/arm/5.4.1/bin/../lib/gcc/arm-none-eabi/5.4.1/../../../../arm-none-eabi/lib/armv6-m\libg_nano.a(lib_a-nano-msizer.o)
 .ARM.attributes
                0x00000793       0x2c c:/program files (x86)/cypress/psoc creator/4.1/psoc creator/import/gnu/arm/5.4.1/bin/../lib/gcc/arm-none-eabi/5.4.1/../../../../arm-none-eabi/lib/armv6-m\libg_nano.a(lib_a-reent.o)
 .ARM.attributes
                0x000007bf       0x2c c:/program files (x86)/cypress/psoc creator/4.1/psoc creator/import/gnu/arm/5.4.1/bin/../lib/gcc/arm-none-eabi/5.4.1/armv6-m/crtend.o
 .ARM.attributes
                0x000007eb       0x1e c:/program files (x86)/cypress/psoc creator/4.1/psoc creator/import/gnu/arm/5.4.1/bin/../lib/gcc/arm-none-eabi/5.4.1/armv6-m/crtn.o

/DISCARD/
 *(.note.GNU-stack)
OUTPUT(X:\Dokumente\Uni\TUM\6.Semester\Embedded Systems\GreenGardening\Greengarden\Greengarden.cydsn\CortexM0\ARM_GCC_541\Debug\Greengarden.elf elf32-littlearm)
